Component: ARM Compiler 5.05 update 1 (build 106) Tool: armlink [4d0efa]

==============================================================================

Section Cross References

    startup_stm32f103xb.o(STACK) refers (Special) to heapauxi.o(.text) for __use_two_region_memory
    startup_stm32f103xb.o(HEAP) refers (Special) to heapauxi.o(.text) for __use_two_region_memory
    startup_stm32f103xb.o(RESET) refers (Special) to heapauxi.o(.text) for __use_two_region_memory
    startup_stm32f103xb.o(RESET) refers to startup_stm32f103xb.o(STACK) for __initial_sp
    startup_stm32f103xb.o(RESET) refers to startup_stm32f103xb.o(.text) for Reset_Handler
    startup_stm32f103xb.o(RESET) refers to stm32f1xx_it.o(i.NMI_Handler) for NMI_Handler
    startup_stm32f103xb.o(RESET) refers to stm32f1xx_it.o(i.HardFault_Handler) for HardFault_Handler
    startup_stm32f103xb.o(RESET) refers to stm32f1xx_it.o(i.MemManage_Handler) for MemManage_Handler
    startup_stm32f103xb.o(RESET) refers to stm32f1xx_it.o(i.BusFault_Handler) for BusFault_Handler
    startup_stm32f103xb.o(RESET) refers to stm32f1xx_it.o(i.UsageFault_Handler) for UsageFault_Handler
    startup_stm32f103xb.o(RESET) refers to stm32f1xx_it.o(i.SVC_Handler) for SVC_Handler
    startup_stm32f103xb.o(RESET) refers to stm32f1xx_it.o(i.DebugMon_Handler) for DebugMon_Handler
    startup_stm32f103xb.o(RESET) refers to stm32f1xx_it.o(i.PendSV_Handler) for PendSV_Handler
    startup_stm32f103xb.o(RESET) refers to stm32f1xx_it.o(i.SysTick_Handler) for SysTick_Handler
    startup_stm32f103xb.o(RESET) refers to stm32f1xx_it.o(i.DMA1_Channel3_IRQHandler) for DMA1_Channel3_IRQHandler
    startup_stm32f103xb.o(RESET) refers to stm32f1xx_it.o(i.TIM3_IRQHandler) for TIM3_IRQHandler
    startup_stm32f103xb.o(.text) refers (Special) to heapauxi.o(.text) for __use_two_region_memory
    startup_stm32f103xb.o(.text) refers to system_stm32f1xx.o(i.SystemInit) for SystemInit
    startup_stm32f103xb.o(.text) refers to __main.o(!!!main) for __main
    startup_stm32f103xb.o(.text) refers to startup_stm32f103xb.o(HEAP) for Heap_Mem
    startup_stm32f103xb.o(.text) refers to startup_stm32f103xb.o(STACK) for Stack_Mem
    main.o(i.SystemClock_Config) refers to rt_memclr_w.o(.text) for __aeabi_memclr4
    main.o(i.SystemClock_Config) refers to stm32f1xx_hal_rcc.o(i.HAL_RCC_OscConfig) for HAL_RCC_OscConfig
    main.o(i.SystemClock_Config) refers to stm32f1xx_hal_rcc.o(i.HAL_RCC_ClockConfig) for HAL_RCC_ClockConfig
    main.o(i.SystemClock_Config) refers to stm32f1xx_hal_rcc_ex.o(i.HAL_RCCEx_PeriphCLKConfig) for HAL_RCCEx_PeriphCLKConfig
    main.o(i.SystemClock_Config) refers to stm32f1xx_hal_rcc.o(i.HAL_RCC_EnableCSS) for HAL_RCC_EnableCSS
    main.o(i.main) refers to stm32f1xx_hal.o(i.HAL_Init) for HAL_Init
    main.o(i.main) refers to main.o(i.SystemClock_Config) for SystemClock_Config
    main.o(i.main) refers to gpio.o(i.MX_GPIO_Init) for MX_GPIO_Init
    main.o(i.main) refers to dma.o(i.MX_DMA_Init) for MX_DMA_Init
    main.o(i.main) refers to adc.o(i.MX_ADC1_Init) for MX_ADC1_Init
    main.o(i.main) refers to spi.o(i.MX_SPI1_Init) for MX_SPI1_Init
    main.o(i.main) refers to tim.o(i.MX_TIM3_Init) for MX_TIM3_Init
    main.o(i.main) refers to stm32f1xx_hal_adc.o(i.HAL_ADC_Start_DMA) for HAL_ADC_Start_DMA
    main.o(i.main) refers to stm32f1xx_hal_tim.o(i.HAL_TIM_Base_Start_IT) for HAL_TIM_Base_Start_IT
    main.o(i.main) refers to menuconfig.o(i.MenuInit) for MenuInit
    main.o(i.main) refers to menu.o(i.MenuRun) for MenuRun
    main.o(i.main) refers to main.o(.bss) for .bss
    main.o(i.main) refers to adc.o(.bss) for hadc1
    main.o(i.main) refers to tim.o(.bss) for htim3
    gpio.o(i.MX_GPIO_Init) refers to stm32f1xx_hal_gpio.o(i.HAL_GPIO_WritePin) for HAL_GPIO_WritePin
    gpio.o(i.MX_GPIO_Init) refers to stm32f1xx_hal_gpio.o(i.HAL_GPIO_Init) for HAL_GPIO_Init
    adc.o(i.HAL_ADC_MspDeInit) refers to stm32f1xx_hal_gpio.o(i.HAL_GPIO_DeInit) for HAL_GPIO_DeInit
    adc.o(i.HAL_ADC_MspDeInit) refers to stm32f1xx_hal_dma.o(i.HAL_DMA_DeInit) for HAL_DMA_DeInit
    adc.o(i.HAL_ADC_MspInit) refers to stm32f1xx_hal_gpio.o(i.HAL_GPIO_Init) for HAL_GPIO_Init
    adc.o(i.HAL_ADC_MspInit) refers to stm32f1xx_hal_dma.o(i.HAL_DMA_Init) for HAL_DMA_Init
    adc.o(i.HAL_ADC_MspInit) refers to main.o(i.Error_Handler) for Error_Handler
    adc.o(i.HAL_ADC_MspInit) refers to adc.o(.bss) for .bss
    adc.o(i.MX_ADC1_Init) refers to stm32f1xx_hal_adc.o(i.HAL_ADC_Init) for HAL_ADC_Init
    adc.o(i.MX_ADC1_Init) refers to main.o(i.Error_Handler) for Error_Handler
    adc.o(i.MX_ADC1_Init) refers to stm32f1xx_hal_adc.o(i.HAL_ADC_ConfigChannel) for HAL_ADC_ConfigChannel
    adc.o(i.MX_ADC1_Init) refers to adc.o(.bss) for .bss
    dma.o(i.MX_DMA_Init) refers to stm32f1xx_hal_cortex.o(i.HAL_NVIC_SetPriority) for HAL_NVIC_SetPriority
    dma.o(i.MX_DMA_Init) refers to stm32f1xx_hal_cortex.o(i.HAL_NVIC_EnableIRQ) for HAL_NVIC_EnableIRQ
[...]
    MenuHZ16x16                              0x08002bd5   Thumb Code   352  menufontshow.o(i.MenuHZ16x16)
    i.MenuHeartTime                          0x08002d44   Section        0  menu.o(i.MenuHeartTime)
    MenuHeartTime                            0x08002d45   Thumb Code   246  menu.o(i.MenuHeartTime)
    i.MenuInit                               0x08002e40   Section        0  menuconfig.o(i.MenuInit)
    i.MenuListAddressing                     0x08002e64   Section        0  menu.o(i.MenuListAddressing)
    i.MenuListShowHead                       0x08002e82   Section        0  menu.o(i.MenuListShowHead)
    i.MenuListShowTail                       0x08002e9a   Section        0  menu.o(i.MenuListShowTail)
    i.MenuMalloc                             0x08002eb8   Section        0  menu.o(i.MenuMalloc)
    i.MenuRefresh                            0x08002ed4   Section        0  menu.o(i.MenuRefresh)
    i.MenuRun                                0x08002eec   Section        0  menu.o(i.MenuRun)
    i.MenuSetPoint                           0x08003008   Section        0  menu.o(i.MenuSetPoint)
    i.MenuShowAsc                            0x08003040   Section        0  menufontshow.o(i.MenuShowAsc)
    MenuShowAsc                              0x08003041   Thumb Code   402  menufontshow.o(i.MenuShowAsc)
    i.MenuShowAscStr                         0x080031dc   Section        0  menufontshow.o(i.MenuShowAscStr)
    i.MenuSysBaseInit                        0x08003234   Section        0  menu.o(i.MenuSysBaseInit)
    i.MenuTicker_ms                          0x08003258   Section        0  menu.o(i.MenuTicker_ms)
    i.MessageBroadcast                       0x08003280   Section        0  menu_tool.o(i.MessageBroadcast)
    i.MessageInit                            0x08003298   Section        0  menu_tool.o(i.MessageInit)
    i.NMI_Handler                            0x080032b6   Section        0  stm32f1xx_it.o(i.NMI_Handler)
    i.NextCancheMenuList                     0x080032bc   Section        0  menu.o(i.NextCancheMenuList)
    i.OLED_Init                              0x080032f8   Section        0  oled.o(i.OLED_Init)
    i.OLED_Set_Pos                           0x0800345c   Section        0  oled.o(i.OLED_Set_Pos)
    OLED_Set_Pos                             0x0800345d   Thumb Code    44  oled.o(i.OLED_Set_Pos)
    i.OLED_WR_Byte                           0x08003488   Section        0  oled.o(i.OLED_WR_Byte)
    OLED_WR_Byte                             0x08003489   Thumb Code    46  oled.o(i.OLED_WR_Byte)
    i.PendSV_Handler                         0x080034c0   Section        0  stm32f1xx_it.o(i.PendSV_Handler)
    i.ProgressBar                            0x080034c4   Section        0  graphicalfunctions.o(i.ProgressBar)
    i.ProgressBarInit                        0x08003604   Section        0  graphicalfunctions.o(i.ProgressBarInit)
    i.SPI_DMAError                           0x08003658   Section        0  stm32f1xx_hal_spi.o(i.SPI_DMAError)
    SPI_DMAError                             0x08003659   Thumb Code    34  stm32f1xx_hal_spi.o(i.SPI_DMAError)
    i.SPI_DMAHalfTransmitCplt                0x0800367a   Section        0  stm32f1xx_hal_spi.o(i.SPI_DMAHalfTransmitCplt)
    SPI_DMAHalfTransmitCplt                  0x0800367b   Thumb Code    10  stm32f1xx_hal_spi.o(i.SPI_DMAHalfTransmitCplt)
    i.SPI_DMATransmitCplt                    0x08003684   Section        0  stm32f1xx_hal_spi.o(i.SPI_DMATransmitCplt)
    SPI_DMATransmitCplt                      0x08003685   Thumb Code   100  stm32f1xx_hal_spi.o(i.SPI_DMATransmitCplt)
    i.SPI_EndRxTxTransaction                 0x080036e8   Section        0  stm32f1xx_hal_spi.o(i.SPI_EndRxTxTransaction)
    SPI_EndRxTxTransaction                   0x080036e9   Thumb Code    32  stm32f1xx_hal_spi.o(i.SPI_EndRxTxTransaction)
    i.SPI_WaitFlagStateUntilTimeout          0x08003708   Section        0  stm32f1xx_hal_spi.o(i.SPI_WaitFlagStateUntilTimeout)
    SPI_WaitFlagStateUntilTimeout            0x08003709   Thumb Code   180  stm32f1xx_hal_spi.o(i.SPI_WaitFlagStateUntilTimeout)
    i.SVC_Handler                            0x080037c0   Section        0  stm32f1xx_it.o(i.SVC_Handler)
    i.Scan                                   0x080037c4   Section        0  menu.o(i.Scan)
    Scan                                     0x080037c5   Thumb Code    86  menu.o(i.Scan)
    i.ScrollingDisplay_X                     0x08003824   Section        0  menu_tool.o(i.ScrollingDisplay_X)
    i.ScrollingDisplay_Y                     0x08003920   Section        0  menu_tool.o(i.ScrollingDisplay_Y)
    i.SetFont                                0x08003a20   Section        0  menufontshow.o(i.SetFont)
    i.SetFunctionTicker                      0x08003a30   Section        0  menu_tool.o(i.SetFunctionTicker)
    i.SetIndicatorSize                       0x08003a68   Section        0  menufontshow.o(i.SetIndicatorSize)
    i.SetMenu                                0x08003aca   Section        0  menu.o(i.SetMenu)
    i.SpecialFunctionRun                     0x08003b20   Section        0  menu.o(i.SpecialFunctionRun)
    SpecialFunctionRun                       0x08003b21   Thumb Code   342  menu.o(i.SpecialFunctionRun)
    i.StateToPointer                         0x08003c7c   Section        0  menu.o(i.StateToPointer)
    StateToPointer                           0x08003c7d   Thumb Code    98  menu.o(i.StateToPointer)
    i.StopKeyReceive                         0x08003ce4   Section        0  menu.o(i.StopKeyReceive)
    StopKeyReceive                           0x08003ce5   Thumb Code    18  menu.o(i.StopKeyReceive)
    i.StringDeal                             0x08003cfc   Section        0  menufontshow.o(i.StringDeal)
    i.SysTick_Handler                        0x08003d8c   Section        0  stm32f1xx_it.o(i.SysTick_Handler)
    i.SystemClock_Config                     0x08003d90   Section        0  main.o(i.SystemClock_Config)
    i.SystemInit                             0x08003e0a   Section        0  system_stm32f1xx.o(i.SystemInit)
    i.TIM3_IRQHandler                        0x08003e0c   Section        0  stm32f1xx_it.o(i.TIM3_IRQHandler)
    i.TIM_Base_SetConfig                     0x08003e18   Section        0  stm32f1xx_hal_tim.o(i.TIM_Base_SetConfig)
    i.TIM_ETR_SetConfig                      0x08003e84   Section        0  stm32f1xx_hal_tim.o(i.TIM_ETR_SetConfig)
    i.TIM_ITRx_SetConfig                     0x08003e98   Section        0  stm32f1xx_hal_tim.o(i.TIM_ITRx_SetConfig)
    TIM_ITRx_SetConfig                       0x08003e99   Thumb Code    16  stm32f1xx_hal_tim.o(i.TIM_ITRx_SetConfig)
    i.TIM_TI1_ConfigInputStage               0x08003ea8   Section        0  stm32f1xx_hal_tim.o(i.TIM_TI1_ConfigInputStage)
    TIM_TI1_ConfigInputStage                 0x08003ea9   Thumb Code    34  stm32f1xx_hal_tim.o(i.TIM_TI1_ConfigInputStage)
    i.TIM_TI2_ConfigInputStage               0x08003eca   Section        0  stm32f1xx_hal_tim.o(i.TIM_TI2_ConfigInputStage)
    TIM_TI2_ConfigInputStage                 0x08003ecb   Thumb Code    36  stm32f1xx_hal_tim.o(i.TIM_TI2_ConfigInputStage)
    i.TanLevPIDInit                          0x08003eee   Section        0  menu_tool.o(i.TanLevPIDInit)
    i.TandemLevel_PID                        0x08003f10   Section        0  menu_tool.o(i.TandemLevel_PID)
    i.UsageFault_Handler                     0x08004032   Section        0  stm32f1xx_it.o(i.UsageFault_Handler)
    i.WritePoint                             0x08004034   Section        0  graphicalfunctions.o(i.WritePoint)
    WritePoint                               0x08004035   Thumb Code    58  graphicalfunctions.o(i.WritePoint)
    i.__NVIC_SetPriority                     0x08004074   Section        0  stm32f1xx_hal_cortex.o(i.__NVIC_SetPriority)
    __NVIC_SetPriority                       0x08004075   Thumb Code    32  stm32f1xx_hal_cortex.o(i.__NVIC_SetPriority)
    i.cushMes                                0x08004094   Section        0  menu_tool.o(i.cushMes)
    i.cushMesBro                             0x080040a8   Section        0  menu_tool.o(i.cushMesBro)
    i.disp_flush                             0x080040c8   Section        0  oled.o(i.disp_flush)
    i.inScreen                               0x08004104   Section        0  menu.o(i.inScreen)
    i.main                                   0x0800412c   Section        0  main.o(i.main)
    i.ment_f                                 0x08004170   Section        0  menuconfig.o(i.ment_f)
    i.mystrlen                               0x080041e8   Section        0  menufontshow.o(i.mystrlen)
    mystrlen                                 0x080041e9   Thumb Code    16  menufontshow.o(i.mystrlen)
    i.read_point                             0x080041f8   Section        0  graphicalfunctions.o(i.read_point)
    i.write_point                            0x08004234   Section        0  graphicalfunctions.o(i.write_point)
    x$fpl$fadd                               0x0800426c   Section      196  faddsub_clz.o(x$fpl$fadd)
    _fadd1                                   0x0800427b   Thumb Code     0  faddsub_clz.o(x$fpl$fadd)
    x$fpl$fcmpinf                            0x08004330   Section       24  fcmpi.o(x$fpl$fcmpinf)
    x$fpl$fdiv                               0x08004348   Section      388  fdiv.o(x$fpl$fdiv)
    _fdiv1                                   0x08004349   Thumb Code     0  fdiv.o(x$fpl$fdiv)
    x$fpl$ffix                               0x080044cc   Section       54  ffix.o(x$fpl$ffix)
    x$fpl$ffixu                              0x08004504   Section       62  ffixu.o(x$fpl$ffixu)
    x$fpl$fflt                               0x08004544   Section       48  fflt_clz.o(x$fpl$fflt)
    x$fpl$ffltu                              0x08004574   Section       38  fflt_clz.o(x$fpl$ffltu)
    x$fpl$fleqf                              0x0800459c   Section      104  fleqf.o(x$fpl$fleqf)
    x$fpl$fmul                               0x08004604   Section      258  fmul.o(x$fpl$fmul)
    x$fpl$fnaninf                            0x08004706   Section      140  fnaninf.o(x$fpl$fnaninf)
    x$fpl$fretinf                            0x08004792   Section       10  fretinf.o(x$fpl$fretinf)
    x$fpl$frleqf                             0x0800479c   Section       98  frleqf.o(x$fpl$frleqf)
    x$fpl$fsub                               0x08004800   Section      234  faddsub_clz.o(x$fpl$fsub)
    _fsub1                                   0x0800480f   Thumb Code     0  faddsub_clz.o(x$fpl$fsub)
    .constdata                               0x080048ea   Section       16  system_stm32f1xx.o(.constdata)
    x$fpl$usenofp                            0x080048ea   Section        0  usenofp.o(x$fpl$usenofp)
    .constdata                               0x080048fa   Section     1522  oledfont.o(.constdata)
    .constdata                               0x08004eec   Section      572  oledfont.o(.constdata)
    .constdata                               0x08005128   Section        5  oledfont.o(.constdata)
    .constdata                               0x0800512d   Section       64  oledfont.o(.constdata)
    .conststring                             0x08005170   Section       65  menuconfig.o(.conststring)
    .data                                    0x20000000   Section       12  stm32f1xx_hal.o(.data)
    .data                                    0x2000000c   Section        4  system_stm32f1xx.o(.data)
    .data                                    0x20000010   Section       36  menuconfig.o(.data)
    .data                                    0x20000034   Section       24  graphicalfunctions.o(.data)
    haveCush                                 0x20000034   Data           1  graphicalfunctions.o(.data)
    count                                    0x20000035   Data           1  graphicalfunctions.o(.data)
    xy                                       0x20000036   Data           4  graphicalfunctions.o(.data)
    xy                                       0x2000003a   Data           4  graphicalfunctions.o(.data)
    LastMenuTarget                           0x20000040   Data           4  graphicalfunctions.o(.data)
    NowMenuTarget                            0x20000044   Data           4  graphicalfunctions.o(.data)
    cushmes                                  0x20000048   Data           4  graphicalfunctions.o(.data)
    .data                                    0x2000004c   Section      156  menu.o(.data)
    MesSIF                                   0x2000004c   Data           1  menu.o(.data)
    menuChangemes                            0x20000052   Data           1  menu.o(.data)
    menuChangeFlag                           0x20000053   Data           1  menu.o(.data)
    RefreshFlagForHeart                      0x20000055   Data           1  menu.o(.data)
    adcstate                                 0x20000056   Data           1  menu.o(.data)
    KeySt                                    0x20000057   Data           1  menu.o(.data)
    menuChange                               0x2000005c   Data           4  menu.o(.data)
    MenuOverallPointer                       0x20000060   Data           4  menu.o(.data)
    lastmenuheard                            0x20000064   Data           4  menu.o(.data)
    lastshowmenuheard                        0x20000068   Data           4  menu.o(.data)
    y_pid                                    0x20000088   Data          24  menu.o(.data)
    x_pid                                    0x200000a0   Data          24  menu.o(.data)
    w_pid                                    0x200000b8   Data          24  menu.o(.data)
    h_pid                                    0x200000d0   Data          24  menu.o(.data)
    .data                                    0x200000e8   Section        4  menu_tool.o(.data)
    .data                                    0x200000ec   Section       88  menu_tool.o(.data)
    couhIsNULL                               0x200000ec   Data           1  menu_tool.o(.data)
    FTrigFlag                                0x200000ed   Data           1  menu_tool.o(.data)
    cushMesData                              0x200000f0   Data           4  menu_tool.o(.data)
    FunctionTickerPointer                    0x200000f4   Data           4  menu_tool.o(.data)
    KeyListHeart                             0x200000f8   Data           4  menu_tool.o(.data)
    pid                                      0x200000fc   Data          24  menu_tool.o(.data)
    pid                                      0x20000114   Data          24  menu_tool.o(.data)
    pid                                      0x2000012c   Data          24  menu_tool.o(.data)
    .data                                    0x20000144   Section       20  menufontshow.o(.data)
    SerialstartShow                          0x20000146   Data           2  menufontshow.o(.data)
    MenuSerialShowP                          0x20000148   Data           2  menufontshow.o(.data)
    font                                     0x2000014c   Data           4  menufontshow.o(.data)
    MenuSerialShowPPos                       0x20000154   Data           4  menufontshow.o(.data)
    .bss                                     0x20000158   Section       16  main.o(.bss)
    .bss                                     0x20000168   Section      116  adc.o(.bss)
    .bss                                     0x200001dc   Section      156  spi.o(.bss)
    .bss                                     0x20000278   Section       72  tim.o(.bss)
    .bss                                     0x200002c0   Section      408  menuconfig.o(.bss)
    .bss                                     0x20000458   Section     1040  menu.o(.bss)
    MenuKey                                  0x20000858   Data          16  menu.o(.bss)
    .bss                                     0x20000868   Section      214  menufontshow.o(.bss)
    MenuSerialBuf                            0x20000868   Data          41  menufontshow.o(.bss)
    fontinfo                                 0x20000892   Data          12  menufontshow.o(.bss)
    fontinfo                                 0x2000089e   Data          12  menufontshow.o(.bss)
    fontinfo                                 0x200008aa   Data          12  menufontshow.o(.bss)
    fontinfo                                 0x200008b6   Data          12  menufontshow.o(.bss)
    fontinfo                                 0x200008c2   Data          12  menufontshow.o(.bss)
    fontinfo                                 0x200008ce   Data          12  menufontshow.o(.bss)
    PRINTF_BUFF                              0x200008da   Data         100  menufontshow.o(.bss)
    .bss                                     0x20000940   Section       96  libspace.o(.bss)
    HEAP                                     0x200009a0   Section      512  startup_stm32f103xb.o(HEAP)
    Heap_Mem                                 0x200009a0   Data         512  startup_stm32f103xb.o(HEAP)
    STACK                                    0x20000ba0   Section     1024  startup_stm32f103xb.o(STACK)
    Stack_Mem                                0x20000ba0   Data        1024  startup_stm32f103xb.o(STACK)
    __initial_sp                             0x20000fa0   Data           0  startup_stm32f103xb.o(STACK)

    Global Symbols

    Symbol Name                              Value     Ov Type        Size  Object(Section)

    BuildAttributes$$THM_ISAv4$P$D$K$B$S$PE$A:L22UL41UL21$X:L11$S22US41US21$IEEE1$IW$USESV6$~STKCKD$USESV7$~SHL$OTIME$ROPI$IEEEX$EBA8$UX$STANDARDLIB$REQ8$PRES8$EABIv2 0x00000000   Number         0  anon$$obj.o ABSOLUTE
    __ARM_use_no_argv                        0x00000000   Number         0  main.o ABSOLUTE
    _printf_flags                            0x00000000   Number         0  printf_stubs.o ABSOLUTE
    _printf_return_value                     0x00000000   Number         0  printf_stubs.o ABSOLUTE
    _printf_sizespec                         0x00000000   Number         0  printf_stubs.o ABSOLUTE
    _printf_widthprec                        0x00000000   Number         0  printf_stubs.o ABSOLUTE
    __ARM_exceptions_init                     - Undefined Weak Reference
    __alloca_initialize                       - Undefined Weak Reference
    __arm_preinit_                            - Undefined Weak Reference
    __cpp_initialize__aeabi_                  - Undefined Weak Reference
    __cxa_finalize                            - Undefined Weak Reference
    __sigvec_lookup                           - Undefined Weak Reference
    __user_heap_extent                        - Undefined Weak Reference
    _atexit_init                              - Undefined Weak Reference
    _call_atexit_fns                          - Undefined Weak Reference
    _clock_init                               - Undefined Weak Reference
    _fp_trap_init                             - Undefined Weak Reference
    _fp_trap_shutdown                         - Undefined Weak Reference
    _get_lc_collate                           - Undefined Weak Reference
    _get_lc_monetary                          - Undefined Weak Reference
    _get_lc_time                              - Undefined Weak Reference
    _getenv_init                              - Undefined Weak Reference
    _handle_redirection                       - Undefined Weak Reference
    _initio                                   - Undefined Weak Reference
    _mutex_acquire                            - Undefined Weak Reference
    _mutex_free                               - Undefined Weak Reference
    _mutex_release                            - Undefined Weak Reference
    _printf_mbtowc                            - Undefined Weak Reference
    _printf_wc                                - Undefined Weak Reference
    _rand_init                                - Undefined Weak Reference
    _signal_finish                            - Undefined Weak Reference
    _signal_init                              - Undefined Weak Reference
    _terminateio                              - Undefined Weak Reference
    __Vectors_Size                           0x000000ec   Number         0  startup_stm32f103xb.o ABSOLUTE
    __Vectors                                0x08000000   Data           4  startup_stm32f103xb.o(RESET)
    __Vectors_End                            0x080000ec   Data           0  startup_stm32f103xb.o(RESET)
    __main                                   0x080000ed   Thumb Code     8  __main.o(!!!main)
    __scatterload                            0x080000f5   Thumb Code     0  __scatter.o(!!!scatter)
    __scatterload_rt2                        0x080000f5   Thumb Code    44  __scatter.o(!!!scatter)
    __scatterload_rt2_thumb_only             0x080000f5   Thumb Code     0  __scatter.o(!!!scatter)
    __scatterload_null                       0x08000103   Thumb Code     0  __scatter.o(!!!scatter)
    __decompress                             0x08000129   Thumb Code    90  __dczerorl2.o(!!dczerorl2)
    __decompress1                            0x08000129   Thumb Code     0  __dczerorl2.o(!!dczerorl2)
    __scatterload_zeroinit                   0x08000185   Thumb Code    28  __scatter_zi.o(!!handler_zi)
    __rt_lib_init                            0x080001a1   Thumb Code     0  libinit.o(.ARM.Collect$$libinit$$00000000)
    __rt_lib_init_fp_1                       0x080001a3   Thumb Code     0  libinit2.o(.ARM.Collect$$libinit$$00000002)
    __rt_lib_init_heap_2                     0x080001a3   Thumb Code     0  libinit2.o(.ARM.Collect$$libinit$$00000005)
    __rt_lib_init_preinit_1                  0x080001a3   Thumb Code     0  libinit2.o(.ARM.Collect$$libinit$$00000004)
    __rt_lib_init_alloca_1                   0x080001ab   Thumb Code     0  libinit2.o(.ARM.Collect$$libinit$$0000002E)
    __rt_lib_init_argv_1                     0x080001ab   Thumb Code     0  libinit2.o(.ARM.Collect$$libinit$$0000002C)
    __rt_lib_init_atexit_1                   0x080001ab   Thumb Code     0  libinit2.o(.ARM.Collect$$libinit$$0000001B)
    __rt_lib_init_clock_1                    0x080001ab   Thumb Code     0  libinit2.o(.ARM.Collect$$libinit$$00000021)
    __rt_lib_init_cpp_1                      0x080001ab   Thumb Code     0  libinit2.o(.ARM.Collect$$libinit$$00000032)
    __rt_lib_init_exceptions_1               0x080001ab   Thumb Code     0  libinit2.o(.ARM.Collect$$libinit$$00000030)
    __rt_lib_init_fp_trap_1                  0x080001ab   Thumb Code     0  libinit2.o(.ARM.Collect$$libinit$$0000001F)
    __rt_lib_init_getenv_1                   0x080001ab   Thumb Code     0  libinit2.o(.ARM.Collect$$libinit$$00000023)
    __rt_lib_init_heap_1                     0x080001ab   Thumb Code     0  libinit2.o(.ARM.Collect$$libinit$$0000000A)
    __rt_lib_init_lc_collate_1               0x080001ab   Thumb Code     0  libinit2.o(.ARM.Collect$$libinit$$00000011)
    __rt_lib_init_lc_ctype_1                 0x080001ab   Thumb Code     0  libinit2.o(.ARM.Collect$$libinit$$00000013)
    __rt_lib_init_lc_monetary_1              0x080001ab   Thumb Code     0  libinit2.o(.ARM.Collect$$libinit$$00000015)
    __rt_lib_init_lc_numeric_1               0x080001ab   Thumb Code     0  libinit2.o(.ARM.Collect$$libinit$$00000017)
    __rt_lib_init_lc_time_1                  0x080001ab   Thumb Code     0  libinit2.o(.ARM.Collect$$libinit$$00000019)
    __rt_lib_init_rand_1                     0x080001ab   Thumb Code     0  libinit2.o(.ARM.Collect$$libinit$$0000000E)
    __rt_lib_init_return                     0x080001ab   Thumb Code     0  libinit2.o(.ARM.Collect$$libinit$$00000033)
    __rt_lib_init_signal_1                   0x080001ab   Thumb Code     0  libinit2.o(.ARM.Collect$$libinit$$0000001D)
    __rt_lib_init_stdio_1                    0x080001ab   Thumb Code     0  libinit2.o(.ARM.Collect$$libinit$$00000025)
    __rt_lib_init_user_alloc_1               0x080001ab   Thumb Code     0  libinit2.o(.ARM.Collect$$libinit$$0000000C)
    __rt_lib_shutdown                        0x080001ad   Thumb Code     0  libshutdown.o(.ARM.Collect$$libshutdown$$00000000)
    __rt_lib_shutdown_fp_trap_1              0x080001af   Thumb Code     0  libshutdown2.o(.ARM.Collect$$libshutdown$$00000006)
    __rt_lib_shutdown_heap_1                 0x080001af   Thumb Code     0  libshutdown2.o(.ARM.Collect$$libshutdown$$0000000E)
    __rt_lib_shutdown_return                 0x080001af   Thumb Code     0  libshutdown2.o(.ARM.Collect$$libshutdown$$0000000F)
    __rt_lib_shutdown_signal_1               0x080001af   Thumb Code     0  libshutdown2.o(.ARM.Collect$$libshutdown$$00000009)
    __rt_lib_shutdown_stdio_1                0x080001af   Thumb Code     0  libshutdown2.o(.ARM.Collect$$libshutdown$$00000003)
    __rt_lib_shutdown_user_alloc_1           0x080001af   Thumb Code     0  libshutdown2.o(.ARM.Collect$$libshutdown$$0000000B)
    __rt_entry                               0x080001b1   Thumb Code     0  __rtentry.o(.ARM.Collect$$rtentry$$00000000)
    __rt_entry_presh_1                       0x080001b1   Thumb Code     0  __rtentry2.o(.ARM.Collect$$rtentry$$00000002)
    __rt_entry_sh                            0x080001b1   Thumb Code     0  __rtentry4.o(.ARM.Collect$$rtentry$$00000004)
    __rt_entry_li                            0x080001b7   Thumb Code     0  __rtentry2.o(.ARM.Collect$$rtentry$$0000000A)
    __rt_entry_postsh_1                      0x080001b7   Thumb Code     0  __rtentry2.o(.ARM.Collect$$rtentry$$00000009)
    __rt_entry_main                          0x080001bb   Thumb Code     0  __rtentry2.o(.ARM.Collect$$rtentry$$0000000D)
    __rt_entry_postli_1                      0x080001bb   Thumb Code     0  __rtentry2.o(.ARM.Collect$$rtentry$$0000000C)
    __rt_exit                                0x080001c3   Thumb Code     0  rtexit.o(.ARM.Collect$$rtexit$$00000000)
    __rt_exit_ls                             0x080001c5   Thumb Code     0  rtexit2.o(.ARM.Collect$$rtexit$$00000003)
    __rt_exit_prels_1                        0x080001c5   Thumb Code     0  rtexit2.o(.ARM.Collect$$rtexit$$00000002)
    __rt_exit_exit                           0x080001c9   Thumb Code     0  rtexit2.o(.ARM.Collect$$rtexit$$00000004)
    Reset_Handler                            0x080001d1   Thumb Code     8  startup_stm32f103xb.o(.text)
    _maybe_terminate_alloc                   0x080001d1   Thumb Code     0  maybetermalloc1.o(.emb_text)
    ADC1_2_IRQHandler                        0x080001eb   Thumb Code     0  startup_stm32f103xb.o(.text)
    CAN1_RX1_IRQHandler                      0x080001eb   Thumb Code     0  startup_stm32f103xb.o(.text)
    CAN1_SCE_IRQHandler                      0x080001eb   Thumb Code     0  startup_stm32f103xb.o(.text)
    DMA1_Channel1_IRQHandler                 0x080001eb   Thumb Code     0  startup_stm32f103xb.o(.text)
    DMA1_Channel2_IRQHandler                 0x080001eb   Thumb Code     0  startup_stm32f103xb.o(.text)
    DMA1_Channel4_IRQHandler                 0x080001eb   Thumb Code     0  startup_stm32f103xb.o(.text)
    DMA1_Channel5_IRQHandler                 0x080001eb   Thumb Code     0  startup_stm32f103xb.o(.text)
    DMA1_Channel6_IRQHandler                 0x080001eb   Thumb Code     0  startup_stm32f103xb.o(.text)
    DMA1_Channel7_IRQHandler                 0x080001eb   Thumb Code     0  startup_stm32f103xb.o(.text)
    EXTI0_IRQHandler                         0x080001eb   Thumb Code     0  startup_stm32f103xb.o(.text)
    EXTI15_10_IRQHandler                     0x080001eb   Thumb Code     0  startup_stm32f103xb.o(.text)
    EXTI1_IRQHandler                         0x080001eb   Thumb Code     0  startup_stm32f103xb.o(.text)
    EXTI2_IRQHandler                         0x080001eb   Thumb Code     0  startup_stm32f103xb.o(.text)
    EXTI3_IRQHandler                         0x080001eb   Thumb Code     0  startup_stm32f103xb.o(.text)
    EXTI4_IRQHandler                         0x080001eb   Thumb Code     0  startup_stm32f103xb.o(.text)
    EXTI9_5_IRQHandler                       0x080001eb   Thumb Code     0  startup_stm32f103xb.o(.text)
    FLASH_IRQHandler                         0x080001eb   Thumb Code     0  startup_stm32f103xb.o(.text)
    I2C1_ER_IRQHandler                       0x080001eb   Thumb Code     0  startup_stm32f103xb.o(.text)
    I2C1_EV_IRQHandler                       0x080001eb   Thumb Code     0  startup_stm32f103xb.o(.text)
    I2C2_ER_IRQHandler                       0x080001eb   Thumb Code     0  startup_stm32f103xb.o(.text)
    I2C2_EV_IRQHandler                       0x080001eb   Thumb Code     0  startup_stm32f103xb.o(.text)
    PVD_IRQHandler                           0x080001eb   Thumb Code     0  startup_stm32f103xb.o(.text)
    RCC_IRQHandler                           0x080001eb   Thumb Code     0  startup_stm32f103xb.o(.text)
    RTC_Alarm_IRQHandler                     0x080001eb   Thumb Code     0  startup_stm32f103xb.o(.text)
    RTC_IRQHandler                           0x080001eb   Thumb Code     0  startup_stm32f103xb.o(.text)
    SPI1_IRQHandler                          0x080001eb   Thumb Code     0  startup_stm32f103xb.o(.text)
    SPI2_IRQHandler                          0x080001eb   Thumb Code     0  startup_stm32f103xb.o(.text)
    TAMPER_IRQHandler                        0x080001eb   Thumb Code     0  startup_stm32f103xb.o(.text)
    TIM1_BRK_IRQHandler                      0x080001eb   Thumb Code     0  startup_stm32f103xb.o(.text)
    TIM1_CC_IRQHandler                       0x080001eb   Thumb Code     0  startup_stm32f103xb.o(.text)
    TIM1_TRG_COM_IRQHandler                  0x080001eb   Thumb Code     0  startup_stm32f103xb.o(.text)
    TIM1_UP_IRQHandler                       0x080001eb   Thumb Code     0  startup_stm32f103xb.o(.text)
    TIM2_IRQHandler                          0x080001eb   Thumb Code     0  startup_stm32f103xb.o(.text)
    TIM4_IRQHandler                          0x080001eb   Thumb Code     0  startup_stm32f103xb.o(.text)
    USART1_IRQHandler                        0x080001eb   Thumb Code     0  startup_stm32f103xb.o(.text)
    USART2_IRQHandler                        0x080001eb   Thumb Code     0  startup_stm32f103xb.o(.text)
    USART3_IRQHandler                        0x080001eb   Thumb Code     0  startup_stm32f103xb.o(.text)
    USBWakeUp_IRQHandler                     0x080001eb   Thumb Code     0  startup_stm32f103xb.o(.text)
    USB_HP_CAN1_TX_IRQHandler                0x080001eb   Thumb Code     0  startup_stm32f103xb.o(.text)
    USB_LP_CAN1_RX0_IRQHandler               0x080001eb   Thumb Code     0  startup_stm32f103xb.o(.text)
    WWDG_IRQHandler                          0x080001eb   Thumb Code     0  startup_stm32f103xb.o(.text)
    __user_initial_stackheap                 0x080001ed   Thumb Code     0  startup_stm32f103xb.o(.text)
    malloc                                   0x08000211   Thumb Code    94  h1_alloc.o(.text)
    __aeabi_memclr4                          0x0800026f   Thumb Code     0  rt_memclr_w.o(.text)
    __aeabi_memclr8                          0x0800026f   Thumb Code     0  rt_memclr_w.o(.text)
    __rt_memclr_w                            0x0800026f   Thumb Code    78  rt_memclr_w.o(.text)
    _memset_w                                0x08000273   Thumb Code     0  rt_memclr_w.o(.text)
    __use_two_region_memory                  0x080002bd   Thumb Code     2  heapauxi.o(.text)
    __rt_heap_escrow                         0x080002bf   Thumb Code     2  heapauxi.o(.text)
    __rt_heap_expand                         0x080002c1   Thumb Code     2  heapauxi.o(.text)
    __rt_heap_descriptor                     0x080002c5   Thumb Code     8  rt_heap_descriptor_intlibspace.o(.text)
    __use_no_heap                            0x080002cd   Thumb Code     2  hguard.o(.text)
    __heap$guard                             0x080002cf   Thumb Code     2  hguard.o(.text)
    _terminate_user_alloc                    0x080002d1   Thumb Code     2  init_alloc.o(.text)
    _init_user_alloc                         0x080002d3   Thumb Code     2  init_alloc.o(.text)
    __Heap_Full                              0x080002d5   Thumb Code    34  init_alloc.o(.text)
    __Heap_Broken                            0x080002f7   Thumb Code     6  init_alloc.o(.text)
    _init_alloc                              0x080002fd   Thumb Code    94  init_alloc.o(.text)
    __Heap_Initialize                        0x0800035b   Thumb Code    10  h1_init.o(.text)
    __Heap_DescSize                          0x08000365   Thumb Code     4  h1_init.o(.text)
    free                                     0x08000369   Thumb Code    78  h1_free.o(.text)
    __user_libspace                          0x080003b9   Thumb Code     8  libspace.o(.text)
    __user_perproc_libspace                  0x080003b9   Thumb Code     0  libspace.o(.text)
    __user_perthread_libspace                0x080003b9   Thumb Code     0  libspace.o(.text)
    __Heap_ProvideMemory                     0x080003c1   Thumb Code    52  h1_extend.o(.text)
    __rt_SIGRTMEM                            0x080003f5   Thumb Code    14  defsig_rtmem_outer.o(.text)
    __I$use$semihosting                      0x08000403   Thumb Code     0  use_no_semi.o(.text)
    __use_no_semihosting_swi                 0x08000403   Thumb Code     2  use_no_semi.o(.text)
    __semihosting_library_function           0x08000405   Thumb Code     0  indicate_semi.o(.text)
    __user_setup_stackheap                   0x08000405   Thumb Code    74  sys_stackheap_outer.o(.text)
    exit                                     0x0800044f   Thumb Code    12  exit.o(.text)
    __sig_exit                               0x0800045b   Thumb Code    10  defsig_exit.o(.text)
    __rt_SIGRTMEM_inner                      0x08000465   Thumb Code    22  defsig_rtmem_inner.o(.text)
    _sys_exit                                0x080004b5   Thumb Code     8  sys_exit.o(.text)
    __default_signal_display                 0x080004c1   Thumb Code    50  defsig_general.o(.text)
    _ttywrch                                 0x080004f3   Thumb Code    14  sys_wrch.o(.text)
    ADC_ConversionStop_Disable               0x08000501   Thumb Code    86  stm32f1xx_hal_adc.o(i.ADC_ConversionStop_Disable)
    ADC_DMAConvCplt                          0x08000557   Thumb Code    78  stm32f1xx_hal_adc.o(i.ADC_DMAConvCplt)
    ADC_DMAError                             0x080005a5   Thumb Code    26  stm32f1xx_hal_adc.o(i.ADC_DMAError)
    ADC_DMAHalfConvCplt                      0x080005bf   Thumb Code    10  stm32f1xx_hal_adc.o(i.ADC_DMAHalfConvCplt)
    ADC_Enable                               0x080005c9   Thumb Code   114  stm32f1xx_hal_adc.o(i.ADC_Enable)
    AddToFunctionTicker                      0x08000645   Thumb Code    34  menu_tool.o(i.AddToFunctionTicker)
    AlwaysRun                                0x08000667   Thumb Code     2  menuconfig.o(i.AlwaysRun)
    BatchFastSimilarMenuDown                 0x08000669   Thumb Code    84  menu.o(i.BatchFastSimilarMenuDown)
    BusFault_Handler                         0x080006bd   Thumb Code     2  stm32f1xx_it.o(i.BusFault_Handler)
    CharacterText                            0x08000755   Thumb Code   228  menufontshow.o(i.CharacterText)
    CharacterTextC                           0x08000841   Thumb Code   308  menufontshow.o(i.CharacterTextC)
    ClearnBuff                               0x0800097d   Thumb Code    20  menu.o(i.ClearnBuff)
    ClearnMemory                             0x08000995   Thumb Code    16  menu_tool.o(i.ClearnMemory)
    DMA1_Channel3_IRQHandler                 0x080009a5   Thumb Code     6  stm32f1xx_it.o(i.DMA1_Channel3_IRQHandler)
    DebugMon_Handler                         0x080009db   Thumb Code     2  stm32f1xx_it.o(i.DebugMon_Handler)
    DrawCircleHelper                         0x080009dd   Thumb Code   226  graphicalfunctions.o(i.DrawCircleHelper)
    DrawFastHLine                            0x08000abf   Thumb Code    34  graphicalfunctions.o(i.DrawFastHLine)
    DrawFastVLine                            0x08000ae1   Thumb Code    34  graphicalfunctions.o(i.DrawFastVLine)
    DrawFillCircleHelper                     0x08000b03   Thumb Code   156  graphicalfunctions.o(i.DrawFillCircleHelper)
    DrawFillRect                             0x08000b9f   Thumb Code    40  graphicalfunctions.o(i.DrawFillRect)
    DrawRoundRect                            0x08000cbd   Thumb Code   144  graphicalfunctions.o(i.DrawRoundRect)
    DrawfillRoundRect                        0x08000d4d   Thumb Code    98  graphicalfunctions.o(i.DrawfillRoundRect)
    Error_Handler                            0x08000daf   Thumb Code     4  main.o(i.Error_Handler)
    FastDrawPic2                             0x08000fb5   Thumb Code    36  graphicalfunctions.o(i.FastDrawPic2)
    FastSimilarMenuDown                      0x08000ffb   Thumb Code   152  menu.o(i.FastSimilarMenuDown)
    FindMeunListHeard                        0x08001093   Thumb Code    16  menu.o(i.FindMeunListHeard)
    FindMeunListTail                         0x080010a3   Thumb Code    22  menu.o(i.FindMeunListTail)
    FunctionTickerRun                        0x080010b9   Thumb Code    42  menu_tool.o(i.FunctionTickerRun)
    FunctionTickerRunIRQ                     0x080010e9   Thumb Code    88  menu_tool.o(i.FunctionTickerRunIRQ)
    GetKeyState                              0x08001145   Thumb Code    28  menu_tool.o(i.GetKeyState)
    HAL_ADC_ConfigChannel                    0x08001161   Thumb Code   240  stm32f1xx_hal_adc.o(i.HAL_ADC_ConfigChannel)
    HAL_ADC_ConvCpltCallback                 0x0800125d   Thumb Code     2  stm32f1xx_hal_adc.o(i.HAL_ADC_ConvCpltCallback)
    HAL_ADC_ConvHalfCpltCallback             0x0800125f   Thumb Code     2  stm32f1xx_hal_adc.o(i.HAL_ADC_ConvHalfCpltCallback)
    HAL_ADC_ErrorCallback                    0x08001261   Thumb Code     2  stm32f1xx_hal_adc.o(i.HAL_ADC_ErrorCallback)
    HAL_ADC_Init                             0x08001265   Thumb Code   272  stm32f1xx_hal_adc.o(i.HAL_ADC_Init)
    HAL_ADC_MspInit                          0x08001381   Thumb Code   122  adc.o(i.HAL_ADC_MspInit)
    HAL_ADC_Start_DMA                        0x08001411   Thumb Code   246  stm32f1xx_hal_adc.o(i.HAL_ADC_Start_DMA)
    HAL_DMA_IRQHandler                       0x0800151d   Thumb Code   316  stm32f1xx_hal_dma.o(i.HAL_DMA_IRQHandler)
    HAL_DMA_Init                             0x08001671   Thumb Code    84  stm32f1xx_hal_dma.o(i.HAL_DMA_Init)
    HAL_DMA_Start_IT                         0x080016cd   Thumb Code   112  stm32f1xx_hal_dma.o(i.HAL_DMA_Start_IT)
    HAL_Delay                                0x0800173d   Thumb Code    32  stm32f1xx_hal.o(i.HAL_Delay)
    HAL_GPIO_Init                            0x08001761   Thumb Code   446  stm32f1xx_hal_gpio.o(i.HAL_GPIO_Init)
    HAL_GPIO_WritePin                        0x08001941   Thumb Code    10  stm32f1xx_hal_gpio.o(i.HAL_GPIO_WritePin)
    HAL_GetTick                              0x0800194d   Thumb Code     6  stm32f1xx_hal.o(i.HAL_GetTick)
    HAL_IncTick                              0x08001959   Thumb Code    12  stm32f1xx_hal.o(i.HAL_IncTick)
    HAL_Init                                 0x08001969   Thumb Code    32  stm32f1xx_hal.o(i.HAL_Init)
    HAL_InitTick                             0x0800198d   Thumb Code    54  stm32f1xx_hal.o(i.HAL_InitTick)
    HAL_MspInit                              0x080019cd   Thumb Code    52  stm32f1xx_hal_msp.o(i.HAL_MspInit)
    HAL_NVIC_EnableIRQ                       0x08001a09   Thumb Code    26  stm32f1xx_hal_cortex.o(i.HAL_NVIC_EnableIRQ)
    HAL_NVIC_SetPriority                     0x08001a25   Thumb Code    60  stm32f1xx_hal_cortex.o(i.HAL_NVIC_SetPriority)
    HAL_NVIC_SetPriorityGrouping             0x08001a65   Thumb Code    26  stm32f1xx_hal_cortex.o(i.HAL_NVIC_SetPriorityGrouping)
    HAL_RCCEx_PeriphCLKConfig                0x08001a89   Thumb Code   224  stm32f1xx_hal_rcc_ex.o(i.HAL_RCCEx_PeriphCLKConfig)
    HAL_RCC_CSSCallback                      0x08001b75   Thumb Code     2  stm32f1xx_hal_rcc.o(i.HAL_RCC_CSSCallback)
    HAL_RCC_ClockConfig                      0x08001b79   Thumb Code   280  stm32f1xx_hal_rcc.o(i.HAL_RCC_ClockConfig)
    HAL_RCC_EnableCSS                        0x08001ca5   Thumb Code     8  stm32f1xx_hal_rcc.o(i.HAL_RCC_EnableCSS)
    HAL_RCC_GetSysClockFreq                  0x08001cb1   Thumb Code    74  stm32f1xx_hal_rcc.o(i.HAL_RCC_GetSysClockFreq)
    HAL_RCC_NMI_IRQHandler                   0x08001d1d   Thumb Code    20  stm32f1xx_hal_rcc.o(i.HAL_RCC_NMI_IRQHandler)
    HAL_RCC_OscConfig                        0x08001d35   Thumb Code   778  stm32f1xx_hal_rcc.o(i.HAL_RCC_OscConfig)
    HAL_SPI_ErrorCallback                    0x08002055   Thumb Code     2  stm32f1xx_hal_spi.o(i.HAL_SPI_ErrorCallback)
    HAL_SPI_Init                             0x08002057   Thumb Code   178  stm32f1xx_hal_spi.o(i.HAL_SPI_Init)
    HAL_SPI_MspInit                          0x08002109   Thumb Code   122  spi.o(i.HAL_SPI_MspInit)
    HAL_SPI_Transmit_DMA                     0x08002199   Thumb Code   202  stm32f1xx_hal_spi.o(i.HAL_SPI_Transmit_DMA)
    HAL_SPI_TxCpltCallback                   0x08002271   Thumb Code     2  stm32f1xx_hal_spi.o(i.HAL_SPI_TxCpltCallback)
    HAL_SPI_TxHalfCpltCallback               0x08002273   Thumb Code     2  stm32f1xx_hal_spi.o(i.HAL_SPI_TxHalfCpltCallback)
    HAL_SYSTICK_Config                       0x08002275   Thumb Code    40  stm32f1xx_hal_cortex.o(i.HAL_SYSTICK_Config)
    HAL_TIMEx_BreakCallback                  0x0800229d   Thumb Code     2  stm32f1xx_hal_tim_ex.o(i.HAL_TIMEx_BreakCallback)
    HAL_TIMEx_CommutCallback                 0x0800229f   Thumb Code     2  stm32f1xx_hal_tim_ex.o(i.HAL_TIMEx_CommutCallback)
    HAL_TIMEx_MasterConfigSynchronization    0x080022a1   Thumb Code    92  stm32f1xx_hal_tim_ex.o(i.HAL_TIMEx_MasterConfigSynchronization)
    HAL_TIM_Base_Init                        0x08002309   Thumb Code    90  stm32f1xx_hal_tim.o(i.HAL_TIM_Base_Init)
    HAL_TIM_Base_MspInit                     0x08002365   Thumb Code    50  tim.o(i.HAL_TIM_Base_MspInit)
    HAL_TIM_Base_Start_IT                    0x080023a1   Thumb Code    76  stm32f1xx_hal_tim.o(i.HAL_TIM_Base_Start_IT)
    HAL_TIM_ConfigClockSource                0x080023f9   Thumb Code   214  stm32f1xx_hal_tim.o(i.HAL_TIM_ConfigClockSource)
    HAL_TIM_IC_CaptureCallback               0x080024cf   Thumb Code     2  stm32f1xx_hal_tim.o(i.HAL_TIM_IC_CaptureCallback)
    HAL_TIM_IRQHandler                       0x080024d1   Thumb Code   358  stm32f1xx_hal_tim.o(i.HAL_TIM_IRQHandler)
    HAL_TIM_OC_DelayElapsedCallback          0x08002637   Thumb Code     2  stm32f1xx_hal_tim.o(i.HAL_TIM_OC_DelayElapsedCallback)
    HAL_TIM_PWM_PulseFinishedCallback        0x08002639   Thumb Code     2  stm32f1xx_hal_tim.o(i.HAL_TIM_PWM_PulseFinishedCallback)
    HAL_TIM_PeriodElapsedCallback            0x0800263d   Thumb Code    14  tim.o(i.HAL_TIM_PeriodElapsedCallback)
    HAL_TIM_TriggerCallback                  0x08002651   Thumb Code     2  stm32f1xx_hal_tim.o(i.HAL_TIM_TriggerCallback)
    HardFault_Handler                        0x08002653   Thumb Code     2  stm32f1xx_it.o(i.HardFault_Handler)
    KeyDisInit                               0x08002655   Thumb Code    54  menu_tool.o(i.KeyDisInit)
    KeyDisposeISR                            0x08002691   Thumb Code   132  menu_tool.o(i.KeyDisposeISR)
    ListSwitchIns                            0x08002789   Thumb Code   114  menu_tool.o(i.ListSwitchIns)
    MX_ADC1_Init                             0x08002809   Thumb Code   130  adc.o(i.MX_ADC1_Init)
    MX_DMA_Init                              0x08002895   Thumb Code    40  dma.o(i.MX_DMA_Init)
    MX_GPIO_Init                             0x080028c1   Thumb Code   118  gpio.o(i.MX_GPIO_Init)
    MX_SPI1_Init                             0x08002941   Thumb Code    62  spi.o(i.MX_SPI1_Init)
    MX_TIM3_Init                             0x08002989   Thumb Code    96  tim.o(i.MX_TIM3_Init)
    MakeMenuListRing                         0x08002a69   Thumb Code    24  menu.o(i.MakeMenuListRing)
    MemManage_Handler                        0x08002a81   Thumb Code     2  stm32f1xx_it.o(i.MemManage_Handler)
    MenuAlwaysRun_PH                         0x08002a83   Thumb Code     2  menuconfig.o(i.MenuAlwaysRun_PH)
    MenuAlwaysRun_PL                         0x08002a85   Thumb Code    16  menuconfig.o(i.MenuAlwaysRun_PL)
    MenuAlwaysRun_PM                         0x08002a9d   Thumb Code    12  menuconfig.o(i.MenuAlwaysRun_PM)
    MenuCoorAlignment                        0x08002aad   Thumb Code    46  menu_tool.o(i.MenuCoorAlignment)
    MenuCoorRecovery                         0x08002add   Thumb Code   242  menu_tool.o(i.MenuCoorRecovery)
    MenuInit                                 0x08002e41   Thumb Code    28  menuconfig.o(i.MenuInit)
    MenuListAddressing                       0x08002e65   Thumb Code    30  menu.o(i.MenuListAddressing)
    MenuListShowHead                         0x08002e83   Thumb Code    24  menu.o(i.MenuListShowHead)
    MenuListShowTail                         0x08002e9b   Thumb Code    28  menu.o(i.MenuListShowTail)
    MenuMalloc                               0x08002eb9   Thumb Code    22  menu.o(i.MenuMalloc)
    MenuRefresh                              0x08002ed5   Thumb Code    20  menu.o(i.MenuRefresh)
    MenuRun                                  0x08002eed   Thumb Code   274  menu.o(i.MenuRun)
    MenuSetPoint                             0x08003009   Thumb Code    54  menu.o(i.MenuSetPoint)
    MenuShowAscStr                           0x080031dd   Thumb Code    80  menufontshow.o(i.MenuShowAscStr)
    MenuSysBaseInit                          0x08003235   Thumb Code    28  menu.o(i.MenuSysBaseInit)
    MenuTicker_ms                            0x08003259   Thumb Code    36  menu.o(i.MenuTicker_ms)
    MessageBroadcast                         0x08003281   Thumb Code    24  menu_tool.o(i.MessageBroadcast)
    MessageInit                              0x08003299   Thumb Code    30  menu_tool.o(i.MessageInit)
    NMI_Handler                              0x080032b7   Thumb Code     6  stm32f1xx_it.o(i.NMI_Handler)
    NextCancheMenuList                       0x080032bd   Thumb Code    60  menu.o(i.NextCancheMenuList)
    OLED_Init                                0x080032f9   Thumb Code   350  oled.o(i.OLED_Init)
    PendSV_Handler                           0x080034c1   Thumb Code     2  stm32f1xx_it.o(i.PendSV_Handler)
    ProgressBar                              0x080034c5   Thumb Code   316  graphicalfunctions.o(i.ProgressBar)
    ProgressBarInit                          0x08003605   Thumb Code    74  graphicalfunctions.o(i.ProgressBarInit)
    SVC_Handler                              0x080037c1   Thumb Code     2  stm32f1xx_it.o(i.SVC_Handler)
    ScrollingDisplay_X                       0x08003825   Thumb Code   246  menu_tool.o(i.ScrollingDisplay_X)
    ScrollingDisplay_Y                       0x08003921   Thumb Code   250  menu_tool.o(i.ScrollingDisplay_Y)
    SetFont                                  0x08003a21   Thumb Code    10  menufontshow.o(i.SetFont)
    SetFunctionTicker                        0x08003a31   Thumb Code    52  menu_tool.o(i.SetFunctionTicker)
    SetIndicatorSize                         0x08003a69   Thumb Code    98  menufontshow.o(i.SetIndicatorSize)
    SetMenu                                  0x08003acb   Thumb Code    84  menu.o(i.SetMenu)
    StringDeal                               0x08003cfd   Thumb Code   134  menufontshow.o(i.StringDeal)
    SysTick_Handler                          0x08003d8d   Thumb Code     4  stm32f1xx_it.o(i.SysTick_Handler)
    SystemClock_Config                       0x08003d91   Thumb Code   122  main.o(i.SystemClock_Config)
    SystemInit                               0x08003e0b   Thumb Code     2  system_stm32f1xx.o(i.SystemInit)
    TIM3_IRQHandler                          0x08003e0d   Thumb Code     6  stm32f1xx_it.o(i.TIM3_IRQHandler)
    TIM_Base_SetConfig                       0x08003e19   Thumb Code    94  stm32f1xx_hal_tim.o(i.TIM_Base_SetConfig)
    TIM_ETR_SetConfig                        0x08003e85   Thumb Code    20  stm32f1xx_hal_tim.o(i.TIM_ETR_SetConfig)
    TanLevPIDInit                            0x08003eef   Thumb Code    34  menu_tool.o(i.TanLevPIDInit)
    TandemLevel_PID                          0x08003f11   Thumb Code   290  menu_tool.o(i.TandemLevel_PID)
    UsageFault_Handler                       0x08004033   Thumb Code     2  stm32f1xx_it.o(i.UsageFault_Handler)
    cushMes                                  0x08004095   Thumb Code    16  menu_tool.o(i.cushMes)
    cushMesBro                               0x080040a9   Thumb Code    26  menu_tool.o(i.cushMesBro)
    disp_flush                               0x080040c9   Thumb Code    44  oled.o(i.disp_flush)
    inScreen                                 0x08004105   Thumb Code    40  menu.o(i.inScreen)
    main                                     0x0800412d   Thumb Code    54  main.o(i.main)
    ment_f                                   0x08004171   Thumb Code   104  menuconfig.o(i.ment_f)
    read_point                               0x080041f9   Thumb Code    54  graphicalfunctions.o(i.read_point)
    write_point                              0x08004235   Thumb Code    50  graphicalfunctions.o(i.write_point)
    __aeabi_fadd                             0x0800426d   Thumb Code     0  faddsub_clz.o(x$fpl$fadd)
    _fadd                                    0x0800426d   Thumb Code   196  faddsub_clz.o(x$fpl$fadd)
    __fpl_fcmp_Inf                           0x08004331   Thumb Code    24  fcmpi.o(x$fpl$fcmpinf)
    __aeabi_fdiv                             0x08004349   Thumb Code     0  fdiv.o(x$fpl$fdiv)
    _fdiv                                    0x08004349   Thumb Code   384  fdiv.o(x$fpl$fdiv)
    __aeabi_f2iz                             0x080044cd   Thumb Code     0  ffix.o(x$fpl$ffix)
    _ffix                                    0x080044cd   Thumb Code    54  ffix.o(x$fpl$ffix)
    __aeabi_f2uiz                            0x08004505   Thumb Code     0  ffixu.o(x$fpl$ffixu)
    _ffixu                                   0x08004505   Thumb Code    62  ffixu.o(x$fpl$ffixu)
    __aeabi_i2f                              0x08004545   Thumb Code     0  fflt_clz.o(x$fpl$fflt)
    _fflt                                    0x08004545   Thumb Code    48  fflt_clz.o(x$fpl$fflt)
    __aeabi_ui2f                             0x08004575   Thumb Code     0  fflt_clz.o(x$fpl$ffltu)
    _ffltu                                   0x08004575   Thumb Code    38  fflt_clz.o(x$fpl$ffltu)
    __aeabi_cfcmple                          0x0800459d   Thumb Code     0  fleqf.o(x$fpl$fleqf)
    _fcmple                                  0x0800459d   Thumb Code   104  fleqf.o(x$fpl$fleqf)
    __fpl_fcmple_InfNaN                      0x080045ef   Thumb Code     0  fleqf.o(x$fpl$fleqf)
    __aeabi_fmul                             0x08004605   Thumb Code     0  fmul.o(x$fpl$fmul)
    _fmul                                    0x08004605   Thumb Code   258  fmul.o(x$fpl$fmul)
    __fpl_fnaninf                            0x08004707   Thumb Code   140  fnaninf.o(x$fpl$fnaninf)
    __fpl_fretinf                            0x08004793   Thumb Code    10  fretinf.o(x$fpl$fretinf)
    __aeabi_cfrcmple                         0x0800479d   Thumb Code     0  frleqf.o(x$fpl$frleqf)
    _frcmple                                 0x0800479d   Thumb Code    98  frleqf.o(x$fpl$frleqf)
    __aeabi_fsub                             0x08004801   Thumb Code     0  faddsub_clz.o(x$fpl$fsub)
    _fsub                                    0x08004801   Thumb Code   234  faddsub_clz.o(x$fpl$fsub)
    AHBPrescTable                            0x080048ea   Data          16  system_stm32f1xx.o(.constdata)
    __I$use$fp                               0x080048ea   Number         0  usenofp.o(x$fpl$usenofp)
    F8X16                                    0x080048fa   Data        1522  oledfont.o(.constdata)
    F6X8                                     0x08004eec   Data         572  oledfont.o(.constdata)
    HZK16x16index                            0x08005128   Data           5  oledfont.o(.constdata)
    HZK16x16                                 0x0800512d   Data          64  oledfont.o(.constdata)
    Region$$Table$$Base                      0x080051b4   Number         0  anon$$obj.o(Region$$Table)
    Region$$Table$$Limit                     0x080051d4   Number         0  anon$$obj.o(Region$$Table)
    uwTickFreq                               0x20000000   Data           1  stm32f1xx_hal.o(.data)
    uwTickPrio                               0x20000004   Data           4  stm32f1xx_hal.o(.data)
    uwTick                                   0x20000008   Data           4  stm32f1xx_hal.o(.data)
    SystemCoreClock                          0x2000000c   Data           4  system_stm32f1xx.o(.data)
    menutext                                 0x20000010   Data          36  menuconfig.o(.data)
    StatusInformation                        0x2000004d   Data           1  menu.o(.data)
    StatusInformationAlways                  0x2000004e   Data           1  menu.o(.data)
    InuptEnable                              0x2000004f   Data           1  menu.o(.data)
    ResponseEnable                           0x20000050   Data           1  menu.o(.data)
    GRAPHICSSHOWMANNER                       0x20000051   Data           1  menu.o(.data)
    MenuHeartTimeStart                       0x20000054   Data           1  menu.o(.data)
    MenuMallocSize                           0x20000058   Data           4  menu.o(.data)
    ScreenPara                               0x2000006c   Data           6  menu.o(.data)
    TargetMenuPointrt                        0x20000074   Data          20  menu.o(.data)
    Message_Key                              0x200000e8   Data           4  menu_tool.o(.data)
    MenuSerialRxNum                          0x20000144   Data           2  menufontshow.o(.data)
    font_SizeInf                             0x20000150   Data           4  menufontshow.o(.data)
    ADCarray                                 0x20000158   Data          16  main.o(.bss)
    hadc1                                    0x20000168   Data          48  adc.o(.bss)
    hdma_adc1                                0x20000198   Data          68  adc.o(.bss)
    hspi1                                    0x200001dc   Data          88  spi.o(.bss)
    hdma_spi1_tx                             0x20000234   Data          68  spi.o(.bss)
    htim3                                    0x20000278   Data          72  tim.o(.bss)
    mes                                      0x200002c0   Data          12  menuconfig.o(.bss)
    bar                                      0x200002cc   Data          36  menuconfig.o(.bss)
    menuarray                                0x200002f0   Data         360  menuconfig.o(.bss)
    DisplayBuff                              0x20000458   Data        1024  menu.o(.bss)
    __libspace_start                         0x20000940   Data          96  libspace.o(.bss)
    __temporary_stack_top$libspace           0x200009a0   Data           0  libspace.o(.bss)



==============================================================================

Memory Map of the image

  Image Entry point : 0x080000ed

  Load Region LR_IROM1 (Base: 0x08000000, Size: 0x0000532c, Max: 0x00010000, ABSOLUTE, COMPRESSED[0x00005234])

    Execution Region ER_IROM1 (Exec base: 0x08000000, Load base: 0x08000000, Size: 0x000051d4, Max: 0x00010000, ABSOLUTE)

    Exec Addr    Load Addr    Size         Type   Attr      Idx    E Section Name        Object

    0x08000000   0x08000000   0x000000ec   Data   RO            3    RESET               startup_stm32f103xb.o
    0x080000ec   0x080000ec   0x00000008   Code   RO         4282  * !!!main             c_w.l(__main.o)
    0x080000f4   0x080000f4   0x00000034   Code   RO         4826    !!!scatter          c_w.l(__scatter.o)
    0x08000128   0x08000128   0x0000005a   Code   RO         4824    !!dczerorl2         c_w.l(__dczerorl2.o)
    0x08000182   0x08000182   0x00000002   PAD
    0x08000184   0x08000184   0x0000001c   Code   RO         4828    !!handler_zi        c_w.l(__scatter_zi.o)
    0x080001a0   0x080001a0   0x00000002   Code   RO         4755    .ARM.Collect$$libinit$$00000000  c_w.l(libinit.o)
    0x080001a2   0x080001a2   0x00000000   Code   RO         4514    .ARM.Collect$$libinit$$00000002  c_w.l(libinit2.o)
    0x080001a2   0x080001a2   0x00000000   Code   RO         4516    .ARM.Collect$$libinit$$00000004  c_w.l(libinit2.o)
    0x080001a2   0x080001a2   0x00000008   Code   RO         4517    .ARM.Collect$$libinit$$00000005  c_w.l(libinit2.o)
    0x080001aa   0x080001aa   0x00000000   Code   RO         4519    .ARM.Collect$$libinit$$0000000A  c_w.l(libinit2.o)
    0x080001aa   0x080001aa   0x00000000   Code   RO         4521    .ARM.Collect$$libinit$$0000000C  c_w.l(libinit2.o)
    0x080001aa   0x080001aa   0x00000000   Code   RO         4523    .ARM.Collect$$libinit$$0000000E  c_w.l(libinit2.o)
    0x080001aa   0x080001aa   0x00000000   Code   RO         4526    .ARM.Collect$$libinit$$00000011  c_w.l(libinit2.o)
    0x080001aa   0x080001aa   0x00000000   Code   RO         4528    .ARM.Collect$$libinit$$00000013  c_w.l(libinit2.o)
    0x080001aa   0x080001aa   0x00000000   Code   RO         4530    .ARM.Collect$$libinit$$00000015  c_w.l(libinit2.o)
    0x080001aa   0x080001aa   0x00000000   Code   RO         4532    .ARM.Collect$$libinit$$00000017  c_w.l(libinit2.o)
    0x080001aa   0x080001aa   0x00000000   Code   RO         4534    .ARM.Collect$$libinit$$00000019  c_w.l(libinit2.o)
    0x080001aa   0x080001aa   0x00000000   Code   RO         4536    .ARM.Collect$$libinit$$0000001B  c_w.l(libinit2.o)
    0x080001aa   0x080001aa   0x00000000   Code   RO         4538    .ARM.Collect$$libinit$$0000001D  c_w.l(libinit2.o)
    0x080001aa   0x080001aa   0x00000000   Code   RO         4540    .ARM.Collect$$libinit$$0000001F  c_w.l(libinit2.o)
    0x080001aa   0x080001aa   0x00000000   Code   RO         4542    .ARM.Collect$$libinit$$00000021  c_w.l(libinit2.o)
    0x080001aa   0x080001aa   0x00000000   Code   RO         4544    .ARM.Collect$$libinit$$00000023  c_w.l(libinit2.o)
    0x080001aa   0x080001aa   0x00000000   Code   RO         4546    .ARM.Collect$$libinit$$00000025  c_w.l(libinit2.o)
    0x080001aa   0x080001aa   0x00000000   Code   RO         4550    .ARM.Collect$$libinit$$0000002C  c_w.l(libinit2.o)
    0x080001aa   0x080001aa   0x00000000   Code   RO         4552    .ARM.Collect$$libinit$$0000002E  c_w.l(libinit2.o)
    0x080001aa   0x080001aa   0x00000000   Code   RO         4554    .ARM.Collect$$libinit$$00000030  c_w.l(libinit2.o)
    0x080001aa   0x080001aa   0x00000000   Code   RO         4556    .ARM.Collect$$libinit$$00000032  c_w.l(libinit2.o)
    0x080001aa   0x080001aa   0x00000002   Code   RO         4557    .ARM.Collect$$libinit$$00000033  c_w.l(libinit2.o)
    0x080001ac   0x080001ac   0x00000002   Code   RO         4821    .ARM.Collect$$libshutdown$$00000000  c_w.l(libshutdown.o)
    0x080001ae   0x080001ae   0x00000000   Code   RO         4779    .ARM.Collect$$libshutdown$$00000003  c_w.l(libshutdown2.o)
    0x080001ae   0x080001ae   0x00000000   Code   RO         4782    .ARM.Collect$$libshutdown$$00000006  c_w.l(libshutdown2.o)
    0x080001ae   0x080001ae   0x00000000   Code   RO         4785    .ARM.Collect$$libshutdown$$00000009  c_w.l(libshutdown2.o)
    0x080001ae   0x080001ae   0x00000000   Code   RO         4787    .ARM.Collect$$libshutdown$$0000000B  c_w.l(libshutdown2.o)
    0x080001ae   0x080001ae   0x00000000   Code   RO         4790    .ARM.Collect$$libshutdown$$0000000E  c_w.l(libshutdown2.o)
    0x080001ae   0x080001ae   0x00000002   Code   RO         4791    .ARM.Collect$$libshutdown$$0000000F  c_w.l(libshutdown2.o)
    0x080001b0   0x080001b0   0x00000000   Code   RO         4382    .ARM.Collect$$rtentry$$00000000  c_w.l(__rtentry.o)
    0x080001b0   0x080001b0   0x00000000   Code   RO         4630    .ARM.Collect$$rtentry$$00000002  c_w.l(__rtentry2.o)
    0x080001b0   0x080001b0   0x00000006   Code   RO         4642    .ARM.Collect$$rtentry$$00000004  c_w.l(__rtentry4.o)
    0x080001b6   0x080001b6   0x00000000   Code   RO         4632    .ARM.Collect$$rtentry$$00000009  c_w.l(__rtentry2.o)
    0x080001b6   0x080001b6   0x00000004   Code   RO         4633    .ARM.Collect$$rtentry$$0000000A  c_w.l(__rtentry2.o)
    0x080001ba   0x080001ba   0x00000000   Code   RO         4635    .ARM.Collect$$rtentry$$0000000C  c_w.l(__rtentry2.o)
    0x080001ba   0x080001ba   0x00000008   Code   RO         4636    .ARM.Collect$$rtentry$$0000000D  c_w.l(__rtentry2.o)
    0x080001c2   0x080001c2   0x00000002   Code   RO         4762    .ARM.Collect$$rtexit$$00000000  c_w.l(rtexit.o)
    0x080001c4   0x080001c4   0x00000000   Code   RO         4795    .ARM.Collect$$rtexit$$00000002  c_w.l(rtexit2.o)
    0x080001c4   0x080001c4   0x00000004   Code   RO         4796    .ARM.Collect$$rtexit$$00000003  c_w.l(rtexit2.o)
    0x080001c8   0x080001c8   0x00000006   Code   RO         4797    .ARM.Collect$$rtexit$$00000004  c_w.l(rtexit2.o)
    0x080001ce   0x080001ce   0x00000002   PAD
    0x080001d0   0x080001d0   0x00000000   Code   RO         4651    .emb_text           c_w.l(maybetermalloc1.o)
    0x080001d0   0x080001d0   0x00000040   Code   RO            4    .text               startup_stm32f103xb.o
    0x08000210   0x08000210   0x0000005e   Code   RO         4220    .text               c_w.l(h1_alloc.o)
    0x0800026e   0x0800026e   0x0000004e   Code   RO         4278    .text               c_w.l(rt_memclr_w.o)
    0x080002bc   0x080002bc   0x00000006   Code   RO         4280    .text               c_w.l(heapauxi.o)
    0x080002c2   0x080002c2   0x00000002   PAD
    0x080002c4   0x080002c4   0x00000008   Code   RO         4386    .text               c_w.l(rt_heap_descriptor_intlibspace.o)
    0x080002cc   0x080002cc   0x00000004   Code   RO         4388    .text               c_w.l(hguard.o)
    0x080002d0   0x080002d0   0x0000008a   Code   RO         4390    .text               c_w.l(init_alloc.o)
    0x0800035a   0x0800035a   0x0000000e   Code   RO         4396    .text               c_w.l(h1_init.o)
    0x08000368   0x08000368   0x0000004e   Code   RO         4398    .text               c_w.l(h1_free.o)
    0x080003b6   0x080003b6   0x00000002   PAD
    0x080003b8   0x080003b8   0x00000008   Code   RO         4626    .text               c_w.l(libspace.o)
    0x080003c0   0x080003c0   0x00000034   Code   RO         4653    .text               c_w.l(h1_extend.o)
    0x080003f4   0x080003f4   0x0000000e   Code   RO         4675    .text               c_w.l(defsig_rtmem_outer.o)
    0x08000402   0x08000402   0x00000002   Code   RO         4694    .text               c_w.l(use_no_semi.o)
    0x08000404   0x08000404   0x00000000   Code   RO         4696    .text               c_w.l(indicate_semi.o)
    0x08000404   0x08000404   0x0000004a   Code   RO         4697    .text               c_w.l(sys_stackheap_outer.o)
    0x0800044e   0x0800044e   0x0000000c   Code   RO         4740    .text               c_w.l(exit.o)
    0x0800045a   0x0800045a   0x0000000a   Code   RO         4742    .text               c_w.l(defsig_exit.o)
    0x08000464   0x08000464   0x00000050   Code   RO         4744    .text               c_w.l(defsig_rtmem_inner.o)
    0x080004b4   0x080004b4   0x0000000c   Code   RO         4760    .text               c_w.l(sys_exit.o)
    0x080004c0   0x080004c0   0x00000032   Code   RO         4773    .text               c_w.l(defsig_general.o)
    0x080004f2   0x080004f2   0x0000000e   Code   RO         4792    .text               c_w.l(sys_wrch.o)
    0x08000500   0x08000500   0x00000056   Code   RO          605    i.ADC_ConversionStop_Disable  stm32f1xx_hal_adc.o
    0x08000556   0x08000556   0x0000004e   Code   RO          606    i.ADC_DMAConvCplt   stm32f1xx_hal_adc.o
    0x080005a4   0x080005a4   0x0000001a   Code   RO          607    i.ADC_DMAError      stm32f1xx_hal_adc.o
    0x080005be   0x080005be   0x0000000a   Code   RO          608    i.ADC_DMAHalfConvCplt  stm32f1xx_hal_adc.o
    0x080005c8   0x080005c8   0x0000007c   Code   RO          609    i.ADC_Enable        stm32f1xx_hal_adc.o
    0x08000644   0x08000644   0x00000022   Code   RO         3838    i.AddToFunctionTicker  menu_tool.o
    0x08000666   0x08000666   0x00000002   Code   RO         3189    i.AlwaysRun         menuconfig.o
    0x08000668   0x08000668   0x00000054   Code   RO         3602    i.BatchFastSimilarMenuDown  menu.o
    0x080006bc   0x080006bc   0x00000002   Code   RO          457    i.BusFault_Handler  stm32f1xx_it.o
    0x080006be   0x080006be   0x0000004a   Code   RO         3839    i.ChangeMenuX       menu_tool.o
    0x08000708   0x08000708   0x0000004c   Code   RO         3840    i.ChangeMenuY       menu_tool.o
    0x08000754   0x08000754   0x000000ec   Code   RO         4016    i.CharacterText     menufontshow.o
    0x08000840   0x08000840   0x0000013c   Code   RO         4017    i.CharacterTextC    menufontshow.o
    0x0800097c   0x0800097c   0x00000018   Code   RO         3604    i.ClearnBuff        menu.o
    0x08000994   0x08000994   0x00000010   Code   RO         3841    i.ClearnMemory      menu_tool.o
    0x080009a4   0x080009a4   0x0000000c   Code   RO          458    i.DMA1_Channel3_IRQHandler  stm32f1xx_it.o
    0x080009b0   0x080009b0   0x0000002a   Code   RO         1259    i.DMA_SetConfig     stm32f1xx_hal_dma.o
    0x080009da   0x080009da   0x00000002   Code   RO          459    i.DebugMon_Handler  stm32f1xx_it.o
    0x080009dc   0x080009dc   0x000000e2   Code   RO         3374    i.DrawCircleHelper  graphicalfunctions.o
    0x08000abe   0x08000abe   0x00000022   Code   RO         3377    i.DrawFastHLine     graphicalfunctions.o
    0x08000ae0   0x08000ae0   0x00000022   Code   RO         3378    i.DrawFastVLine     graphicalfunctions.o
    0x08000b02   0x08000b02   0x0000009c   Code   RO         3379    i.DrawFillCircleHelper  graphicalfunctions.o
    0x08000b9e   0x08000b9e   0x00000028   Code   RO         3380    i.DrawFillRect      graphicalfunctions.o
    0x08000bc6   0x08000bc6   0x00000002   PAD
    0x08000bc8   0x08000bc8   0x000000f4   Code   RO         3605    i.DrawMenuRectangle  menu.o
    0x08000cbc   0x08000cbc   0x00000090   Code   RO         3383    i.DrawRoundRect     graphicalfunctions.o
    0x08000d4c   0x08000d4c   0x00000062   Code   RO         3384    i.DrawfillRoundRect  graphicalfunctions.o
    0x08000dae   0x08000dae   0x00000004   Code   RO           13    i.Error_Handler     main.o
    0x08000db2   0x08000db2   0x00000002   PAD
    0x08000db4   0x08000db4   0x00000200   Code   RO         3385    i.FastDrawPic       graphicalfunctions.o
    0x08000fb4   0x08000fb4   0x00000024   Code   RO         3386    i.FastDrawPic2      graphicalfunctions.o
    0x08000fd8   0x08000fd8   0x00000022   Code   RO         3388    i.FastLineT         graphicalfunctions.o
    0x08000ffa   0x08000ffa   0x00000098   Code   RO         3606    i.FastSimilarMenuDown  menu.o
    0x08001092   0x08001092   0x00000010   Code   RO         3609    i.FindMeunListHeard  menu.o
    0x080010a2   0x080010a2   0x00000016   Code   RO         3610    i.FindMeunListTail  menu.o
    0x080010b8   0x080010b8   0x00000030   Code   RO         3842    i.FunctionTickerRun  menu_tool.o
    0x080010e8   0x080010e8   0x0000005c   Code   RO         3843    i.FunctionTickerRunIRQ  menu_tool.o
    0x08001144   0x08001144   0x0000001c   Code   RO         3844    i.GetKeyState       menu_tool.o
    0x08001160   0x08001160   0x000000fc   Code   RO          611    i.HAL_ADC_ConfigChannel  stm32f1xx_hal_adc.o
    0x0800125c   0x0800125c   0x00000002   Code   RO          612    i.HAL_ADC_ConvCpltCallback  stm32f1xx_hal_adc.o
    0x0800125e   0x0800125e   0x00000002   Code   RO          613    i.HAL_ADC_ConvHalfCpltCallback  stm32f1xx_hal_adc.o
    0x08001260   0x08001260   0x00000002   Code   RO          615    i.HAL_ADC_ErrorCallback  stm32f1xx_hal_adc.o
    0x08001262   0x08001262   0x00000002   PAD
    0x08001264   0x08001264   0x0000011c   Code   RO          620    i.HAL_ADC_Init      stm32f1xx_hal_adc.o
    0x08001380   0x08001380   0x00000090   Code   RO          295    i.HAL_ADC_MspInit   adc.o
    0x08001410   0x08001410   0x0000010c   Code   RO          627    i.HAL_ADC_Start_DMA  stm32f1xx_hal_adc.o
    0x0800151c   0x0800151c   0x00000154   Code   RO         1265    i.HAL_DMA_IRQHandler  stm32f1xx_hal_dma.o
    0x08001670   0x08001670   0x0000005c   Code   RO         1266    i.HAL_DMA_Init      stm32f1xx_hal_dma.o
    0x080016cc   0x080016cc   0x00000070   Code   RO         1270    i.HAL_DMA_Start_IT  stm32f1xx_hal_dma.o
    0x0800173c   0x0800173c   0x00000024   Code   RO          888    i.HAL_Delay         stm32f1xx_hal.o
    0x08001760   0x08001760   0x000001e0   Code   RO         1196    i.HAL_GPIO_Init     stm32f1xx_hal_gpio.o
    0x08001940   0x08001940   0x0000000a   Code   RO         1200    i.HAL_GPIO_WritePin  stm32f1xx_hal_gpio.o
    0x0800194a   0x0800194a   0x00000002   PAD
    0x0800194c   0x0800194c   0x0000000c   Code   RO          892    i.HAL_GetTick       stm32f1xx_hal.o
    0x08001958   0x08001958   0x00000010   Code   RO          898    i.HAL_IncTick       stm32f1xx_hal.o
    0x08001968   0x08001968   0x00000024   Code   RO          899    i.HAL_Init          stm32f1xx_hal.o
    0x0800198c   0x0800198c   0x00000040   Code   RO          900    i.HAL_InitTick      stm32f1xx_hal.o
    0x080019cc   0x080019cc   0x0000003c   Code   RO          545    i.HAL_MspInit       stm32f1xx_hal_msp.o
    0x08001a08   0x08001a08   0x0000001a   Code   RO         1356    i.HAL_NVIC_EnableIRQ  stm32f1xx_hal_cortex.o
    0x08001a22   0x08001a22   0x00000002   PAD
    0x08001a24   0x08001a24   0x00000040   Code   RO         1362    i.HAL_NVIC_SetPriority  stm32f1xx_hal_cortex.o
    0x08001a64   0x08001a64   0x00000024   Code   RO         1363    i.HAL_NVIC_SetPriorityGrouping  stm32f1xx_hal_cortex.o
    0x08001a88   0x08001a88   0x000000ec   Code   RO         1159    i.HAL_RCCEx_PeriphCLKConfig  stm32f1xx_hal_rcc_ex.o
    0x08001b74   0x08001b74   0x00000002   Code   RO         1055    i.HAL_RCC_CSSCallback  stm32f1xx_hal_rcc.o
    0x08001b76   0x08001b76   0x00000002   PAD
    0x08001b78   0x08001b78   0x0000012c   Code   RO         1056    i.HAL_RCC_ClockConfig  stm32f1xx_hal_rcc.o
    0x08001ca4   0x08001ca4   0x0000000c   Code   RO         1059    i.HAL_RCC_EnableCSS  stm32f1xx_hal_rcc.o
    0x08001cb0   0x08001cb0   0x0000006c   Code   RO         1065    i.HAL_RCC_GetSysClockFreq  stm32f1xx_hal_rcc.o
    0x08001d1c   0x08001d1c   0x00000018   Code   RO         1067    i.HAL_RCC_NMI_IRQHandler  stm32f1xx_hal_rcc.o
    0x08001d34   0x08001d34   0x00000320   Code   RO         1068    i.HAL_RCC_OscConfig  stm32f1xx_hal_rcc.o
    0x08002054   0x08002054   0x00000002   Code   RO         1863    i.HAL_SPI_ErrorCallback  stm32f1xx_hal_spi.o
    0x08002056   0x08002056   0x000000b2   Code   RO         1867    i.HAL_SPI_Init      stm32f1xx_hal_spi.o
    0x08002108   0x08002108   0x00000090   Code   RO          364    i.HAL_SPI_MspInit   spi.o
    0x08002198   0x08002198   0x000000d8   Code   RO         1879    i.HAL_SPI_Transmit_DMA  stm32f1xx_hal_spi.o
    0x08002270   0x08002270   0x00000002   Code   RO         1881    i.HAL_SPI_TxCpltCallback  stm32f1xx_hal_spi.o
    0x08002272   0x08002272   0x00000002   Code   RO         1882    i.HAL_SPI_TxHalfCpltCallback  stm32f1xx_hal_spi.o
    0x08002274   0x08002274   0x00000028   Code   RO         1367    i.HAL_SYSTICK_Config  stm32f1xx_hal_cortex.o
    0x0800229c   0x0800229c   0x00000002   Code   RO         2884    i.HAL_TIMEx_BreakCallback  stm32f1xx_hal_tim_ex.o
    0x0800229e   0x0800229e   0x00000002   Code   RO         2885    i.HAL_TIMEx_CommutCallback  stm32f1xx_hal_tim_ex.o
    0x080022a0   0x080022a0   0x00000068   Code   RO         2903    i.HAL_TIMEx_MasterConfigSynchronization  stm32f1xx_hal_tim_ex.o
    0x08002308   0x08002308   0x0000005a   Code   RO         2180    i.HAL_TIM_Base_Init  stm32f1xx_hal_tim.o
    0x08002362   0x08002362   0x00000002   PAD
    0x08002364   0x08002364   0x0000003c   Code   RO          406    i.HAL_TIM_Base_MspInit  tim.o
    0x080023a0   0x080023a0   0x00000058   Code   RO         2185    i.HAL_TIM_Base_Start_IT  stm32f1xx_hal_tim.o
    0x080023f8   0x080023f8   0x000000d6   Code   RO         2189    i.HAL_TIM_ConfigClockSource  stm32f1xx_hal_tim.o
    0x080024ce   0x080024ce   0x00000002   Code   RO         2214    i.HAL_TIM_IC_CaptureCallback  stm32f1xx_hal_tim.o
    0x080024d0   0x080024d0   0x00000166   Code   RO         2228    i.HAL_TIM_IRQHandler  stm32f1xx_hal_tim.o
    0x08002636   0x08002636   0x00000002   Code   RO         2231    i.HAL_TIM_OC_DelayElapsedCallback  stm32f1xx_hal_tim.o
    0x08002638   0x08002638   0x00000002   Code   RO         2258    i.HAL_TIM_PWM_PulseFinishedCallback  stm32f1xx_hal_tim.o
    0x0800263a   0x0800263a   0x00000002   PAD
    0x0800263c   0x0800263c   0x00000014   Code   RO          407    i.HAL_TIM_PeriodElapsedCallback  tim.o
    0x08002650   0x08002650   0x00000002   Code   RO         2271    i.HAL_TIM_TriggerCallback  stm32f1xx_hal_tim.o
    0x08002652   0x08002652   0x00000002   Code   RO          460    i.HardFault_Handler  stm32f1xx_it.o
    0x08002654   0x08002654   0x0000003c   Code   RO         3845    i.KeyDisInit        menu_tool.o
    0x08002690   0x08002690   0x00000088   Code   RO         3846    i.KeyDisposeISR     menu_tool.o
    0x08002718   0x08002718   0x00000070   Code   RO         3611    i.KeyState          menu.o
    0x08002788   0x08002788   0x00000080   Code   RO         3847    i.ListSwitchIns     menu_tool.o
    0x08002808   0x08002808   0x0000008c   Code   RO          296    i.MX_ADC1_Init      adc.o
    0x08002894   0x08002894   0x0000002c   Code   RO          336    i.MX_DMA_Init       dma.o
    0x080028c0   0x080028c0   0x00000080   Code   RO          180    i.MX_GPIO_Init      gpio.o
    0x08002940   0x08002940   0x00000048   Code   RO          365    i.MX_SPI1_Init      spi.o
    0x08002988   0x08002988   0x00000068   Code   RO          408    i.MX_TIM3_Init      tim.o
    0x080029f0   0x080029f0   0x00000078   Code   RO         3190    i.MakeMenu          menuconfig.o
    0x08002a68   0x08002a68   0x00000018   Code   RO         3613    i.MakeMenuListRing  menu.o
    0x08002a80   0x08002a80   0x00000002   Code   RO          461    i.MemManage_Handler  stm32f1xx_it.o
    0x08002a82   0x08002a82   0x00000002   Code   RO         3191    i.MenuAlwaysRun_PH  menuconfig.o
    0x08002a84   0x08002a84   0x00000018   Code   RO         3192    i.MenuAlwaysRun_PL  menuconfig.o
    0x08002a9c   0x08002a9c   0x00000010   Code   RO         3193    i.MenuAlwaysRun_PM  menuconfig.o
    0x08002aac   0x08002aac   0x0000002e   Code   RO         3848    i.MenuCoorAlignment  menu_tool.o
    0x08002ada   0x08002ada   0x00000002   PAD
    0x08002adc   0x08002adc   0x000000f8   Code   RO         3849    i.MenuCoorRecovery  menu_tool.o
    0x08002bd4   0x08002bd4   0x00000170   Code   RO         4019    i.MenuHZ16x16       menufontshow.o
    0x08002d44   0x08002d44   0x000000fc   Code   RO         3615    i.MenuHeartTime     menu.o
    0x08002e40   0x08002e40   0x00000024   Code   RO         3194    i.MenuInit          menuconfig.o
    0x08002e64   0x08002e64   0x0000001e   Code   RO         3616    i.MenuListAddressing  menu.o
    0x08002e82   0x08002e82   0x00000018   Code   RO         3617    i.MenuListShowHead  menu.o
    0x08002e9a   0x08002e9a   0x0000001c   Code   RO         3618    i.MenuListShowTail  menu.o
    0x08002eb6   0x08002eb6   0x00000002   PAD
    0x08002eb8   0x08002eb8   0x0000001c   Code   RO         3619    i.MenuMalloc        menu.o
    0x08002ed4   0x08002ed4   0x00000018   Code   RO         3621    i.MenuRefresh       menu.o
    0x08002eec   0x08002eec   0x0000011c   Code   RO         3622    i.MenuRun           menu.o
    0x08003008   0x08003008   0x00000036   Code   RO         3623    i.MenuSetPoint      menu.o
    0x0800303e   0x0800303e   0x00000002   PAD
    0x08003040   0x08003040   0x0000019c   Code   RO         4022    i.MenuShowAsc       menufontshow.o
    0x080031dc   0x080031dc   0x00000058   Code   RO         4023    i.MenuShowAscStr    menufontshow.o
    0x08003234   0x08003234   0x00000024   Code   RO         3624    i.MenuSysBaseInit   menu.o
    0x08003258   0x08003258   0x00000028   Code   RO         3625    i.MenuTicker_ms     menu.o
    0x08003280   0x08003280   0x00000018   Code   RO         3850    i.MessageBroadcast  menu_tool.o
    0x08003298   0x08003298   0x0000001e   Code   RO         3851    i.MessageInit       menu_tool.o
    0x080032b6   0x080032b6   0x00000006   Code   RO          462    i.NMI_Handler       stm32f1xx_it.o
    0x080032bc   0x080032bc   0x0000003c   Code   RO         3627    i.NextCancheMenuList  menu.o
    0x080032f8   0x080032f8   0x00000164   Code   RO         4152    i.OLED_Init         oled.o
    0x0800345c   0x0800345c   0x0000002c   Code   RO         4153    i.OLED_Set_Pos      oled.o
    0x08003488   0x08003488   0x00000038   Code   RO         4154    i.OLED_WR_Byte      oled.o
    0x080034c0   0x080034c0   0x00000002   Code   RO          463    i.PendSV_Handler    stm32f1xx_it.o
    0x080034c2   0x080034c2   0x00000002   PAD
    0x080034c4   0x080034c4   0x00000140   Code   RO         3395    i.ProgressBar       graphicalfunctions.o
    0x08003604   0x08003604   0x00000054   Code   RO         3396    i.ProgressBarInit   graphicalfunctions.o
    0x08003658   0x08003658   0x00000022   Code   RO         1895    i.SPI_DMAError      stm32f1xx_hal_spi.o
    0x0800367a   0x0800367a   0x0000000a   Code   RO         1897    i.SPI_DMAHalfTransmitCplt  stm32f1xx_hal_spi.o
    0x08003684   0x08003684   0x00000064   Code   RO         1901    i.SPI_DMATransmitCplt  stm32f1xx_hal_spi.o
    0x080036e8   0x080036e8   0x00000020   Code   RO         1905    i.SPI_EndRxTxTransaction  stm32f1xx_hal_spi.o
    0x08003708   0x08003708   0x000000b8   Code   RO         1910    i.SPI_WaitFlagStateUntilTimeout  stm32f1xx_hal_spi.o
    0x080037c0   0x080037c0   0x00000002   Code   RO          464    i.SVC_Handler       stm32f1xx_it.o
    0x080037c2   0x080037c2   0x00000002   PAD
    0x080037c4   0x080037c4   0x00000060   Code   RO         3628    i.Scan              menu.o
    0x08003824   0x08003824   0x000000fc   Code   RO         3852    i.ScrollingDisplay_X  menu_tool.o
    0x08003920   0x08003920   0x00000100   Code   RO         3853    i.ScrollingDisplay_Y  menu_tool.o
    0x08003a20   0x08003a20   0x00000010   Code   RO         4028    i.SetFont           menufontshow.o
    0x08003a30   0x08003a30   0x00000038   Code   RO         3855    i.SetFunctionTicker  menu_tool.o
    0x08003a68   0x08003a68   0x00000062   Code   RO         4029    i.SetIndicatorSize  menufontshow.o
    0x08003aca   0x08003aca   0x00000054   Code   RO         3629    i.SetMenu           menu.o
    0x08003b1e   0x08003b1e   0x00000002   PAD
    0x08003b20   0x08003b20   0x0000015c   Code   RO         3631    i.SpecialFunctionRun  menu.o
    0x08003c7c   0x08003c7c   0x00000068   Code   RO         3632    i.StateToPointer    menu.o
    0x08003ce4   0x08003ce4   0x00000018   Code   RO         3633    i.StopKeyReceive    menu.o
    0x08003cfc   0x08003cfc   0x00000090   Code   RO         4030    i.StringDeal        menufontshow.o
    0x08003d8c   0x08003d8c   0x00000004   Code   RO          465    i.SysTick_Handler   stm32f1xx_it.o
    0x08003d90   0x08003d90   0x0000007a   Code   RO           14    i.SystemClock_Config  main.o
    0x08003e0a   0x08003e0a   0x00000002   Code   RO         3152    i.SystemInit        system_stm32f1xx.o
    0x08003e0c   0x08003e0c   0x0000000c   Code   RO          466    i.TIM3_IRQHandler   stm32f1xx_it.o
    0x08003e18   0x08003e18   0x0000006c   Code   RO         2273    i.TIM_Base_SetConfig  stm32f1xx_hal_tim.o
    0x08003e84   0x08003e84   0x00000014   Code   RO         2284    i.TIM_ETR_SetConfig  stm32f1xx_hal_tim.o
    0x08003e98   0x08003e98   0x00000010   Code   RO         2285    i.TIM_ITRx_SetConfig  stm32f1xx_hal_tim.o
    0x08003ea8   0x08003ea8   0x00000022   Code   RO         2291    i.TIM_TI1_ConfigInputStage  stm32f1xx_hal_tim.o
    0x08003eca   0x08003eca   0x00000024   Code   RO         2293    i.TIM_TI2_ConfigInputStage  stm32f1xx_hal_tim.o
    0x08003eee   0x08003eee   0x00000022   Code   RO         3856    i.TanLevPIDInit     menu_tool.o
    0x08003f10   0x08003f10   0x00000122   Code   RO         3857    i.TandemLevel_PID   menu_tool.o
    0x08004032   0x08004032   0x00000002   Code   RO          467    i.UsageFault_Handler  stm32f1xx_it.o
    0x08004034   0x08004034   0x00000040   Code   RO         3400    i.WritePoint        graphicalfunctions.o
    0x08004074   0x08004074   0x00000020   Code   RO         1369    i.__NVIC_SetPriority  stm32f1xx_hal_cortex.o
    0x08004094   0x08004094   0x00000014   Code   RO         3859    i.cushMes           menu_tool.o
    0x080040a8   0x080040a8   0x00000020   Code   RO         3860    i.cushMesBro        menu_tool.o
    0x080040c8   0x080040c8   0x0000003c   Code   RO         4155    i.disp_flush        oled.o
    0x08004104   0x08004104   0x00000028   Code   RO         3636    i.inScreen          menu.o
    0x0800412c   0x0800412c   0x00000044   Code   RO           15    i.main              main.o
    0x08004170   0x08004170   0x00000078   Code   RO         3195    i.ment_f            menuconfig.o
    0x080041e8   0x080041e8   0x00000010   Code   RO         4032    i.mystrlen          menufontshow.o
    0x080041f8   0x080041f8   0x0000003c   Code   RO         3403    i.read_point        graphicalfunctions.o
    0x08004234   0x08004234   0x00000038   Code   RO         3404    i.write_point       graphicalfunctions.o
    0x0800426c   0x0800426c   0x000000c4   Code   RO         4314    x$fpl$fadd          fz_ws.l(faddsub_clz.o)
    0x08004330   0x08004330   0x00000018   Code   RO         4570    x$fpl$fcmpinf       fz_ws.l(fcmpi.o)
    0x08004348   0x08004348   0x00000184   Code   RO         4321    x$fpl$fdiv          fz_ws.l(fdiv.o)
    0x080044cc   0x080044cc   0x00000036   Code   RO         4324    x$fpl$ffix          fz_ws.l(ffix.o)
    0x08004502   0x08004502   0x00000002   PAD
    0x08004504   0x08004504   0x0000003e   Code   RO         4328    x$fpl$ffixu         fz_ws.l(ffixu.o)
    0x08004542   0x08004542   0x00000002   PAD
    0x08004544   0x08004544   0x00000030   Code   RO         4333    x$fpl$fflt          fz_ws.l(fflt_clz.o)
    0x08004574   0x08004574   0x00000026   Code   RO         4332    x$fpl$ffltu         fz_ws.l(fflt_clz.o)
    0x0800459a   0x0800459a   0x00000002   PAD
    0x0800459c   0x0800459c   0x00000068   Code   RO         4338    x$fpl$fleqf         fz_ws.l(fleqf.o)
    0x08004604   0x08004604   0x00000102   Code   RO         4340    x$fpl$fmul          fz_ws.l(fmul.o)
    0x08004706   0x08004706   0x0000008c   Code   RO         4572    x$fpl$fnaninf       fz_ws.l(fnaninf.o)
    0x08004792   0x08004792   0x0000000a   Code   RO         4574    x$fpl$fretinf       fz_ws.l(fretinf.o)
    0x0800479c   0x0800479c   0x00000062   Code   RO         4342    x$fpl$frleqf        fz_ws.l(frleqf.o)
    0x080047fe   0x080047fe   0x00000002   PAD
    0x08004800   0x08004800   0x000000ea   Code   RO         4316    x$fpl$fsub          fz_ws.l(faddsub_clz.o)
    0x080048ea   0x080048ea   0x00000000   Code   RO         4584    x$fpl$usenofp       fz_ws.l(usenofp.o)
    0x080048ea   0x080048ea   0x00000010   Data   RO         3153    .constdata          system_stm32f1xx.o
    0x080048fa   0x080048fa   0x000005f2   Data   RO         4200    .constdata          oledfont.o
    0x08004eec   0x08004eec   0x0000023c   Data   RO         4201    .constdata          oledfont.o
    0x08005128   0x08005128   0x00000005   Data   RO         4202    .constdata          oledfont.o
    0x0800512d   0x0800512d   0x00000040   Data   RO         4203    .constdata          oledfont.o
    0x0800516d   0x0800516d   0x00000003   PAD
    0x08005170   0x08005170   0x00000041   Data   RO         3198    .conststring        menuconfig.o
    0x080051b1   0x080051b1   0x00000003   PAD
    0x080051b4   0x080051b4   0x00000020   Data   RO         4822    Region$$Table       anon$$obj.o


    Execution Region RW_IRAM1 (Exec base: 0x20000000, Load base: 0x080051d4, Size: 0x00000fa0, Max: 0x00005000, ABSOLUTE, COMPRESSED[0x00000060])

    Exec Addr    Load Addr    Size         Type   Attr      Idx    E Section Name        Object

    0x20000000   COMPRESSED   0x0000000c   Data   RW          906    .data               stm32f1xx_hal.o
    0x2000000c   COMPRESSED   0x00000004   Data   RW         3155    .data               system_stm32f1xx.o
    0x20000010   COMPRESSED   0x00000024   Data   RW         3199    .data               menuconfig.o
    0x20000034   COMPRESSED   0x00000018   Data   RW         3407    .data               graphicalfunctions.o
    0x2000004c   COMPRESSED   0x0000009c   Data   RW         3640    .data               menu.o
    0x200000e8   COMPRESSED   0x00000004   Data   RW         3864    .data               menu_tool.o
    0x200000ec   COMPRESSED   0x00000058   Data   RW         3865    .data               menu_tool.o
    0x20000144   COMPRESSED   0x00000014   Data   RW         4034    .data               menufontshow.o
    0x20000158        -       0x00000010   Zero   RW           16    .bss                main.o
    0x20000168        -       0x00000074   Zero   RW          297    .bss                adc.o
    0x200001dc        -       0x0000009c   Zero   RW          366    .bss                spi.o
    0x20000278        -       0x00000048   Zero   RW          409    .bss                tim.o
    0x200002c0        -       0x00000198   Zero   RW         3196    .bss                menuconfig.o
    0x20000458        -       0x00000410   Zero   RW         3637    .bss                menu.o
    0x20000868        -       0x000000d6   Zero   RW         4033    .bss                menufontshow.o
    0x2000093e   COMPRESSED   0x00000002   PAD
    0x20000940        -       0x00000060   Zero   RW         4627    .bss                c_w.l(libspace.o)
    0x200009a0        -       0x00000200   Zero   RW            2    HEAP                startup_stm32f103xb.o
    0x20000ba0        -       0x00000400   Zero   RW            1    STACK               startup_stm32f103xb.o


==============================================================================

Image component sizes


      Code (inc. data)   RO Data    RW Data    ZI Data      Debug   Object Name

       284         32          0          0        116       1719   adc.o
        44          4          0          0          0        734   dma.o
       128         10          0          0          0     434419   gpio.o
      1898         40          0         24          0      12779   graphicalfunctions.o
       194         14          0          0         16     412799   main.o
      2234         84          0        156       1040      19966   menu.o
      1980         66          0         92          0      15578   menu_tool.o
       320         58         65         36        408       9605   menuconfig.o
      1694         66          0         20        214      10708   menufontshow.o
       516         32          0          0          0       2609   oled.o
         0          0       2163          0          0        729   oledfont.o
       216         32          0          0        156       1654   spi.o
        64         26        236          0       1536        832   startup_stm32f103xb.o
       164         28          0         12          0       5745   stm32f1xx_hal.o
      1134         56          0          0          0       7638   stm32f1xx_hal_adc.o
       198         14          0          0          0      28515   stm32f1xx_hal_cortex.o
       586         32          0          0          0       3163   stm32f1xx_hal_dma.o
       490         34          0          0          0       2524   stm32f1xx_hal_gpio.o
        60          8          0          0          0        850   stm32f1xx_hal_msp.o
      1246         84          0          0          0       5269   stm32f1xx_hal_rcc.o
       236         12          0          0          0       1308   stm32f1xx_hal_rcc_ex.o
       760         18          0          0          0       6432   stm32f1xx_hal_spi.o
       972         26          0          0          0       8985   stm32f1xx_hal_tim.o
       108         12          0          0          0       2269   stm32f1xx_hal_tim_ex.o
        48         12          0          0          0       4635   stm32f1xx_it.o
         2          0         16          4          0       1083   system_stm32f1xx.o
       184         24          0          0         72       2090   tim.o

    ----------------------------------------------------------------------
     15788        824       2518        344       3560    1004637   Object Totals
         0          0         32          0          0          0   (incl. Generated)
        28          0          6          0          2          0   (incl. Padding)

    ----------------------------------------------------------------------

      Code (inc. data)   RO Data    RW Data    ZI Data      Debug   Library Member Name

        90          0          0          0          0          0   __dczerorl2.o
         8          0          0          0          0         68   __main.o
         0          0          0          0          0          0   __rtentry.o
        12          0          0          0          0          0   __rtentry2.o
         6          0          0          0          0          0   __rtentry4.o
        52          8          0          0          0          0   __scatter.o
        28          0          0          0          0          0   __scatter_zi.o
        10          0          0          0          0         68   defsig_exit.o
        50          0          0          0          0         88   defsig_general.o
        80         58          0          0          0         76   defsig_rtmem_inner.o
        14          0          0          0          0         80   defsig_rtmem_outer.o
        12          0          0          0          0         72   exit.o
        94          0          0          0          0         80   h1_alloc.o
        52          0          0          0          0         68   h1_extend.o
        78          0          0          0          0         80   h1_free.o
        14          0          0          0          0         84   h1_init.o
         6          0          0          0          0        152   heapauxi.o
         4          0          0          0          0        136   hguard.o
         0          0          0          0          0          0   indicate_semi.o
       138          0          0          0          0        168   init_alloc.o
         2          0          0          0          0          0   libinit.o
        10          0          0          0          0          0   libinit2.o
         2          0          0          0          0          0   libshutdown.o
         2          0          0          0          0          0   libshutdown2.o
         8          4          0          0         96         68   libspace.o
         0          0          0          0          0          0   maybetermalloc1.o
         8          4          0          0          0         68   rt_heap_descriptor_intlibspace.o
        78          0          0          0          0         80   rt_memclr_w.o
         2          0          0          0          0          0   rtexit.o
        10          0          0          0          0          0   rtexit2.o
        12          4          0          0          0         68   sys_exit.o
        74          0          0          0          0         80   sys_stackheap_outer.o
        14          0          0          0          0         76   sys_wrch.o
         2          0          0          0          0         68   use_no_semi.o
       430          8          0          0          0        168   faddsub_clz.o
        24          0          0          0          0         68   fcmpi.o
       388         76          0          0          0         96   fdiv.o
        54          4          0          0          0         84   ffix.o
        62          4          0          0          0         84   ffixu.o
        86          0          0          0          0        136   fflt_clz.o
       104          4          0          0          0         84   fleqf.o
       258          4          0          0          0         84   fmul.o
       140          4          0          0          0         84   fnaninf.o
        10          0          0          0          0         68   fretinf.o
        98          0          0          0          0         68   frleqf.o
         0          0          0          0          0          0   usenofp.o

    ----------------------------------------------------------------------
      2642        182          0          0         96       2752   Library Totals
        16          0          0          0          0          0   (incl. Padding)

    ----------------------------------------------------------------------

      Code (inc. data)   RO Data    RW Data    ZI Data      Debug   Library Name

       972         78          0          0         96       1728   c_w.l
      1654        104          0          0          0       1024   fz_ws.l

    ----------------------------------------------------------------------
      2642        182          0          0         96       2752   Library Totals

    ----------------------------------------------------------------------

==============================================================================


      Code (inc. data)   RO Data    RW Data    ZI Data      Debug   

     18430       1006       2518        344       3656     997453   Grand Totals
     18430       1006       2518         96       3656     997453   ELF Image Totals (compressed)
     18430       1006       2518         96          0          0   ROM Totals

==============================================================================

    Total RO  Size (Code + RO Data)                20948 (  20.46kB)
    Total RW  Size (RW Data + ZI Data)              4000 (   3.91kB)
    Total ROM Size (Code + RO Data + RW Data)      21044 (  20.55kB)

==============================================================================

