Component: ARM Compiler 5.05 update 1 (build 106) Tool: armlink [4d0efa]

==============================================================================

Section Cross References

    startup_stm32f103xb.o(STACK) refers (Special) to heapauxi.o(.text) for __use_two_region_memory
    startup_stm32f103xb.o(HEAP) refers (Special) to heapauxi.o(.text) for __use_two_region_memory
    startup_stm32f103xb.o(RESET) refers (Special) to heapauxi.o(.text) for __use_two_region_memory
    startup_stm32f103xb.o(RESET) refers to startup_stm32f103xb.o(STACK) for __initial_sp
    startup_stm32f103xb.o(RESET) refers to startup_stm32f103xb.o(.text) for Reset_Handler
    startup_stm32f103xb.o(RESET) refers to stm32f1xx_it.o(i.NMI_Handler) for NMI_Handler
    startup_stm32f103xb.o(RESET) refers to stm32f1xx_it.o(i.HardFault_Handler) for HardFault_Handler
    startup_stm32f103xb.o(RESET) refers to stm32f1xx_it.o(i.MemManage_Handler) for MemManage_Handler
    startup_stm32f103xb.o(RESET) refers to stm32f1xx_it.o(i.BusFault_Handler) for BusFault_Handler
    startup_stm32f103xb.o(RESET) refers to stm32f1xx_it.o(i.UsageFault_Handler) for UsageFault_Handler
    startup_stm32f103xb.o(RESET) refers to stm32f1xx_it.o(i.SVC_Handler) for SVC_Handler
    startup_stm32f103xb.o(RESET) refers to stm32f1xx_it.o(i.DebugMon_Handler) for DebugMon_Handler
    startup_stm32f103xb.o(RESET) refers to stm32f1xx_it.o(i.PendSV_Handler) for PendSV_Handler
    startup_stm32f103xb.o(RESET) refers to stm32f1xx_it.o(i.SysTick_Handler) for SysTick_Handler
    startup_stm32f103xb.o(RESET) refers to stm32f1xx_it.o(i.DMA1_Channel3_IRQHandler) for DMA1_Channel3_IRQHandler
    startup_stm32f103xb.o(RESET) refers to stm32f1xx_it.o(i.TIM3_IRQHandler) for TIM3_IRQHandler
    startup_stm32f103xb.o(.text) refers (Special) to heapauxi.o(.text) for __use_two_region_memory
    startup_stm32f103xb.o(.text) refers to system_stm32f1xx.o(i.SystemInit) for SystemInit
    startup_stm32f103xb.o(.text) refers to __main.o(!!!main) for __main
    startup_stm32f103xb.o(.text) refers to startup_stm32f103xb.o(HEAP) for Heap_Mem
    startup_stm32f103xb.o(.text) refers to startup_stm32f103xb.o(STACK) for Stack_Mem
    main.o(i.SystemClock_Config) refers to rt_memclr_w.o(.text) for __aeabi_memclr4
    main.o(i.SystemClock_Config) refers to stm32f1xx_hal_rcc.o(i.HAL_RCC_OscConfig) for HAL_RCC_OscConfig
    main.o(i.SystemClock_Config) refers to stm32f1xx_hal_rcc.o(i.HAL_RCC_ClockConfig) for HAL_RCC_ClockConfig
    main.o(i.SystemClock_Config) refers to stm32f1xx_hal_rcc_ex.o(i.HAL_RCCEx_PeriphCLKConfig) for HAL_RCCEx_PeriphCLKConfig
    main.o(i.SystemClock_Config) refers to stm32f1xx_hal_rcc.o(i.HAL_RCC_EnableCSS) for HAL_RCC_EnableCSS
    main.o(i.main) refers to stm32f1xx_hal.o(i.HAL_Init) for HAL_Init
    main.o(i.main) refers to main.o(i.SystemClock_Config) for SystemClock_Config
    main.o(i.main) refers to gpio.o(i.MX_GPIO_Init) for MX_GPIO_Init
    main.o(i.main) refers to dma.o(i.MX_DMA_Init) for MX_DMA_Init
    main.o(i.main) refers to adc.o(i.MX_ADC1_Init) for MX_ADC1_Init
    main.o(i.main) refers to spi.o(i.MX_SPI1_Init) for MX_SPI1_Init
    main.o(i.main) refers to tim.o(i.MX_TIM3_Init) for MX_TIM3_Init
    main.o(i.main) refers to stm32f1xx_hal_adc.o(i.HAL_ADC_Start_DMA) for HAL_ADC_Start_DMA
    main.o(i.main) refers to stm32f1xx_hal_tim.o(i.HAL_TIM_Base_Start_IT) for HAL_TIM_Base_Start_IT
    main.o(i.main) refers to menuconfig.o(i.MenuInit) for MenuInit
    main.o(i.main) refers to menu.o(i.MenuRun) for MenuRun
    main.o(i.main) refers to main.o(.bss) for .bss
    main.o(i.main) refers to adc.o(.bss) for hadc1
    main.o(i.main) refers to tim.o(.bss) for htim3
    gpio.o(i.MX_GPIO_Init) refers to stm32f1xx_hal_gpio.o(i.HAL_GPIO_WritePin) for HAL_GPIO_WritePin
    gpio.o(i.MX_GPIO_Init) refers to stm32f1xx_hal_gpio.o(i.HAL_GPIO_Init) for HAL_GPIO_Init
    adc.o(i.HAL_ADC_MspDeInit) refers to stm32f1xx_hal_gpio.o(i.HAL_GPIO_DeInit) for HAL_GPIO_DeInit
    adc.o(i.HAL_ADC_MspDeInit) refers to stm32f1xx_hal_dma.o(i.HAL_DMA_DeInit) for HAL_DMA_DeInit
    adc.o(i.HAL_ADC_MspInit) refers to stm32f1xx_hal_gpio.o(i.HAL_GPIO_Init) for HAL_GPIO_Init
    adc.o(i.HAL_ADC_MspInit) refers to stm32f1xx_hal_dma.o(i.HAL_DMA_Init) for HAL_DMA_Init
    adc.o(i.HAL_ADC_MspInit) refers to main.o(i.Error_Handler) for Error_Handler
    adc.o(i.HAL_ADC_MspInit) refers to adc.o(.bss) for .bss
    adc.o(i.MX_ADC1_Init) refers to stm32f1xx_hal_adc.o(i.HAL_ADC_Init) for HAL_ADC_Init
    adc.o(i.MX_ADC1_Init) refers to main.o(i.Error_Handler) for Error_Handler
    adc.o(i.MX_ADC1_Init) refers to stm32f1xx_hal_adc.o(i.HAL_ADC_ConfigChannel) for HAL_ADC_ConfigChannel
    adc.o(i.MX_ADC1_Init) refers to adc.o(.bss) for .bss
    dma.o(i.MX_DMA_Init) refers to stm32f1xx_hal_cortex.o(i.HAL_NVIC_SetPriority) for HAL_NVIC_SetPriority
    dma.o(i.MX_DMA_Init) refers to stm32f1xx_hal_cortex.o(i.HAL_NVIC_EnableIRQ) for HAL_NVIC_EnableIRQ
[...]
    _printf_return_value                     0x00000000   Number         0  printf_stubs.o ABSOLUTE
    _printf_sizespec                         0x00000000   Number         0  printf_stubs.o ABSOLUTE
    _printf_widthprec                        0x00000000   Number         0  printf_stubs.o ABSOLUTE
    __ARM_exceptions_init                     - Undefined Weak Reference
    __alloca_initialize                       - Undefined Weak Reference
    __arm_preinit_                            - Undefined Weak Reference
    __cpp_initialize__aeabi_                  - Undefined Weak Reference
    __cxa_finalize                            - Undefined Weak Reference
    __sigvec_lookup                           - Undefined Weak Reference
    __user_heap_extent                        - Undefined Weak Reference
    _atexit_init                              - Undefined Weak Reference
    _call_atexit_fns                          - Undefined Weak Reference
    _clock_init                               - Undefined Weak Reference
    _fp_trap_init                             - Undefined Weak Reference
    _fp_trap_shutdown                         - Undefined Weak Reference
    _get_lc_collate                           - Undefined Weak Reference
    _get_lc_monetary                          - Undefined Weak Reference
    _get_lc_time                              - Undefined Weak Reference
    _getenv_init                              - Undefined Weak Reference
    _handle_redirection                       - Undefined Weak Reference
    _initio                                   - Undefined Weak Reference
    _mutex_acquire                            - Undefined Weak Reference
    _mutex_free                               - Undefined Weak Reference
    _mutex_release                            - Undefined Weak Reference
    _printf_mbtowc                            - Undefined Weak Reference
    _printf_wc                                - Undefined Weak Reference
    _rand_init                                - Undefined Weak Reference
    _signal_finish                            - Undefined Weak Reference
    _signal_init                              - Undefined Weak Reference
    _terminateio                              - Undefined Weak Reference
    __Vectors_Size                           0x000000ec   Number         0  startup_stm32f103xb.o ABSOLUTE
    __Vectors                                0x08000000   Data           4  startup_stm32f103xb.o(RESET)
    __Vectors_End                            0x080000ec   Data           0  startup_stm32f103xb.o(RESET)
    __main                                   0x080000ed   Thumb Code     8  __main.o(!!!main)
    __scatterload                            0x080000f5   Thumb Code     0  __scatter.o(!!!scatter)
    __scatterload_rt2                        0x080000f5   Thumb Code    44  __scatter.o(!!!scatter)
    __scatterload_rt2_thumb_only             0x080000f5   Thumb Code     0  __scatter.o(!!!scatter)
    __scatterload_null                       0x08000103   Thumb Code     0  __scatter.o(!!!scatter)
    __decompress                             0x08000129   Thumb Code    90  __dczerorl2.o(!!dczerorl2)
    __decompress1                            0x08000129   Thumb Code     0  __dczerorl2.o(!!dczerorl2)
    __scatterload_zeroinit                   0x08000185   Thumb Code    28  __scatter_zi.o(!!handler_zi)
    _printf_n                                0x080001a1   Thumb Code     0  _printf_n.o(.ARM.Collect$$_printf_percent$$00000001)
    _printf_percent                          0x080001a1   Thumb Code     0  _printf_percent.o(.ARM.Collect$$_printf_percent$$00000000)
    _printf_p                                0x080001a7   Thumb Code     0  _printf_p.o(.ARM.Collect$$_printf_percent$$00000002)
    _printf_f                                0x080001ad   Thumb Code     0  _printf_f.o(.ARM.Collect$$_printf_percent$$00000003)
    _printf_e                                0x080001b3   Thumb Code     0  _printf_e.o(.ARM.Collect$$_printf_percent$$00000004)
    _printf_g                                0x080001b9   Thumb Code     0  _printf_g.o(.ARM.Collect$$_printf_percent$$00000005)
    _printf_a                                0x080001bf   Thumb Code     0  _printf_a.o(.ARM.Collect$$_printf_percent$$00000006)
    _printf_ll                               0x080001c5   Thumb Code     0  _printf_ll.o(.ARM.Collect$$_printf_percent$$00000007)
    _printf_i                                0x080001cf   Thumb Code     0  _printf_i.o(.ARM.Collect$$_printf_percent$$00000008)
    _printf_d                                0x080001d5   Thumb Code     0  _printf_d.o(.ARM.Collect$$_printf_percent$$00000009)
    _printf_u                                0x080001db   Thumb Code     0  _printf_u.o(.ARM.Collect$$_printf_percent$$0000000A)
    _printf_o                                0x080001e1   Thumb Code     0  _printf_o.o(.ARM.Collect$$_printf_percent$$0000000B)
    _printf_x                                0x080001e7   Thumb Code     0  _printf_x.o(.ARM.Collect$$_printf_percent$$0000000C)
    _printf_lli                              0x080001ed   Thumb Code     0  _printf_lli.o(.ARM.Collect$$_printf_percent$$0000000D)
    _printf_lld                              0x080001f3   Thumb Code     0  _printf_lld.o(.ARM.Collect$$_printf_percent$$0000000E)
    _printf_llu                              0x080001f9   Thumb Code     0  _printf_llu.o(.ARM.Collect$$_printf_percent$$0000000F)
    _printf_llo                              0x080001ff   Thumb Code     0  _printf_llo.o(.ARM.Collect$$_printf_percent$$00000010)
    _printf_llx                              0x08000205   Thumb Code     0  _printf_llx.o(.ARM.Collect$$_printf_percent$$00000011)
    _printf_l                                0x0800020b   Thumb Code     0  _printf_l.o(.ARM.Collect$$_printf_percent$$00000012)
    _printf_c                                0x08000215   Thumb Code     0  _printf_c.o(.ARM.Collect$$_printf_percent$$00000013)
    _printf_s                                0x0800021b   Thumb Code     0  _printf_s.o(.ARM.Collect$$_printf_percent$$00000014)
    _printf_lc                               0x08000221   Thumb Code     0  _printf_lc.o(.ARM.Collect$$_printf_percent$$00000015)
    _printf_ls                               0x08000227   Thumb Code     0  _printf_ls.o(.ARM.Collect$$_printf_percent$$00000016)
    _printf_percent_end                      0x0800022d   Thumb Code     0  _printf_percent_end.o(.ARM.Collect$$_printf_percent$$00000017)
    __rt_lib_init                            0x08000231   Thumb Code     0  libinit.o(.ARM.Collect$$libinit$$00000000)
    __rt_lib_init_fp_1                       0x08000233   Thumb Code     0  libinit2.o(.ARM.Collect$$libinit$$00000002)
    __rt_lib_init_heap_2                     0x08000233   Thumb Code     0  libinit2.o(.ARM.Collect$$libinit$$00000005)
    __rt_lib_init_preinit_1                  0x08000233   Thumb Code     0  libinit2.o(.ARM.Collect$$libinit$$00000004)
    __rt_lib_init_heap_1                     0x0800023b   Thumb Code     0  libinit2.o(.ARM.Collect$$libinit$$0000000A)
    __rt_lib_init_lc_common                  0x0800023b   Thumb Code     0  libinit2.o(.ARM.Collect$$libinit$$0000000F)
    __rt_lib_init_rand_1                     0x0800023b   Thumb Code     0  libinit2.o(.ARM.Collect$$libinit$$0000000E)
    __rt_lib_init_user_alloc_1               0x0800023b   Thumb Code     0  libinit2.o(.ARM.Collect$$libinit$$0000000C)
    __rt_lib_init_lc_collate_1               0x08000241   Thumb Code     0  libinit2.o(.ARM.Collect$$libinit$$00000011)
    __rt_lib_init_lc_ctype_2                 0x08000241   Thumb Code     0  libinit2.o(.ARM.Collect$$libinit$$00000012)
    __rt_lib_init_lc_ctype_1                 0x0800024d   Thumb Code     0  libinit2.o(.ARM.Collect$$libinit$$00000013)
    __rt_lib_init_lc_monetary_1              0x0800024d   Thumb Code     0  libinit2.o(.ARM.Collect$$libinit$$00000015)
    __rt_lib_init_lc_numeric_2               0x0800024d   Thumb Code     0  libinit2.o(.ARM.Collect$$libinit$$00000016)
    __rt_lib_init_alloca_1                   0x08000257   Thumb Code     0  libinit2.o(.ARM.Collect$$libinit$$0000002E)
    __rt_lib_init_argv_1                     0x08000257   Thumb Code     0  libinit2.o(.ARM.Collect$$libinit$$0000002C)
    __rt_lib_init_atexit_1                   0x08000257   Thumb Code     0  libinit2.o(.ARM.Collect$$libinit$$0000001B)
    __rt_lib_init_clock_1                    0x08000257   Thumb Code     0  libinit2.o(.ARM.Collect$$libinit$$00000021)
    __rt_lib_init_cpp_1                      0x08000257   Thumb Code     0  libinit2.o(.ARM.Collect$$libinit$$00000032)
    __rt_lib_init_exceptions_1               0x08000257   Thumb Code     0  libinit2.o(.ARM.Collect$$libinit$$00000030)
    __rt_lib_init_fp_trap_1                  0x08000257   Thumb Code     0  libinit2.o(.ARM.Collect$$libinit$$0000001F)
    __rt_lib_init_getenv_1                   0x08000257   Thumb Code     0  libinit2.o(.ARM.Collect$$libinit$$00000023)
    __rt_lib_init_lc_numeric_1               0x08000257   Thumb Code     0  libinit2.o(.ARM.Collect$$libinit$$00000017)
    __rt_lib_init_lc_time_1                  0x08000257   Thumb Code     0  libinit2.o(.ARM.Collect$$libinit$$00000019)
    __rt_lib_init_return                     0x08000257   Thumb Code     0  libinit2.o(.ARM.Collect$$libinit$$00000033)
    __rt_lib_init_signal_1                   0x08000257   Thumb Code     0  libinit2.o(.ARM.Collect$$libinit$$0000001D)
    __rt_lib_init_stdio_1                    0x08000257   Thumb Code     0  libinit2.o(.ARM.Collect$$libinit$$00000025)
    __rt_lib_shutdown                        0x08000259   Thumb Code     0  libshutdown.o(.ARM.Collect$$libshutdown$$00000000)
    __rt_lib_shutdown_fp_trap_1              0x0800025b   Thumb Code     0  libshutdown2.o(.ARM.Collect$$libshutdown$$00000006)
    __rt_lib_shutdown_heap_1                 0x0800025b   Thumb Code     0  libshutdown2.o(.ARM.Collect$$libshutdown$$0000000E)
    __rt_lib_shutdown_return                 0x0800025b   Thumb Code     0  libshutdown2.o(.ARM.Collect$$libshutdown$$0000000F)
    __rt_lib_shutdown_signal_1               0x0800025b   Thumb Code     0  libshutdown2.o(.ARM.Collect$$libshutdown$$00000009)
    __rt_lib_shutdown_stdio_1                0x0800025b   Thumb Code     0  libshutdown2.o(.ARM.Collect$$libshutdown$$00000003)
    __rt_lib_shutdown_user_alloc_1           0x0800025b   Thumb Code     0  libshutdown2.o(.ARM.Collect$$libshutdown$$0000000B)
    __rt_entry                               0x0800025d   Thumb Code     0  __rtentry.o(.ARM.Collect$$rtentry$$00000000)
    __rt_entry_presh_1                       0x0800025d   Thumb Code     0  __rtentry2.o(.ARM.Collect$$rtentry$$00000002)
    __rt_entry_sh                            0x0800025d   Thumb Code     0  __rtentry4.o(.ARM.Collect$$rtentry$$00000004)
    __rt_entry_li                            0x08000263   Thumb Code     0  __rtentry2.o(.ARM.Collect$$rtentry$$0000000A)
    __rt_entry_postsh_1                      0x08000263   Thumb Code     0  __rtentry2.o(.ARM.Collect$$rtentry$$00000009)
    __rt_entry_main                          0x08000267   Thumb Code     0  __rtentry2.o(.ARM.Collect$$rtentry$$0000000D)
    __rt_entry_postli_1                      0x08000267   Thumb Code     0  __rtentry2.o(.ARM.Collect$$rtentry$$0000000C)
    __rt_exit                                0x0800026f   Thumb Code     0  rtexit.o(.ARM.Collect$$rtexit$$00000000)
    __rt_exit_ls                             0x08000271   Thumb Code     0  rtexit2.o(.ARM.Collect$$rtexit$$00000003)
    __rt_exit_prels_1                        0x08000271   Thumb Code     0  rtexit2.o(.ARM.Collect$$rtexit$$00000002)
    __rt_exit_exit                           0x08000275   Thumb Code     0  rtexit2.o(.ARM.Collect$$rtexit$$00000004)
    Reset_Handler                            0x0800027d   Thumb Code     8  startup_stm32f103xb.o(.text)
    _maybe_terminate_alloc                   0x0800027d   Thumb Code     0  maybetermalloc1.o(.emb_text)
    ADC1_2_IRQHandler                        0x08000297   Thumb Code     0  startup_stm32f103xb.o(.text)
    CAN1_RX1_IRQHandler                      0x08000297   Thumb Code     0  startup_stm32f103xb.o(.text)
    CAN1_SCE_IRQHandler                      0x08000297   Thumb Code     0  startup_stm32f103xb.o(.text)
    DMA1_Channel1_IRQHandler                 0x08000297   Thumb Code     0  startup_stm32f103xb.o(.text)
    DMA1_Channel2_IRQHandler                 0x08000297   Thumb Code     0  startup_stm32f103xb.o(.text)
    DMA1_Channel4_IRQHandler                 0x08000297   Thumb Code     0  startup_stm32f103xb.o(.text)
    DMA1_Channel5_IRQHandler                 0x08000297   Thumb Code     0  startup_stm32f103xb.o(.text)
    DMA1_Channel6_IRQHandler                 0x08000297   Thumb Code     0  startup_stm32f103xb.o(.text)
    DMA1_Channel7_IRQHandler                 0x08000297   Thumb Code     0  startup_stm32f103xb.o(.text)
    EXTI0_IRQHandler                         0x08000297   Thumb Code     0  startup_stm32f103xb.o(.text)
    EXTI15_10_IRQHandler                     0x08000297   Thumb Code     0  startup_stm32f103xb.o(.text)
    EXTI1_IRQHandler                         0x08000297   Thumb Code     0  startup_stm32f103xb.o(.text)
    EXTI2_IRQHandler                         0x08000297   Thumb Code     0  startup_stm32f103xb.o(.text)
    EXTI3_IRQHandler                         0x08000297   Thumb Code     0  startup_stm32f103xb.o(.text)
    EXTI4_IRQHandler                         0x08000297   Thumb Code     0  startup_stm32f103xb.o(.text)
    EXTI9_5_IRQHandler                       0x08000297   Thumb Code     0  startup_stm32f103xb.o(.text)
    FLASH_IRQHandler                         0x08000297   Thumb Code     0  startup_stm32f103xb.o(.text)
    I2C1_ER_IRQHandler                       0x08000297   Thumb Code     0  startup_stm32f103xb.o(.text)
    I2C1_EV_IRQHandler                       0x08000297   Thumb Code     0  startup_stm32f103xb.o(.text)
    I2C2_ER_IRQHandler                       0x08000297   Thumb Code     0  startup_stm32f103xb.o(.text)
    I2C2_EV_IRQHandler                       0x08000297   Thumb Code     0  startup_stm32f103xb.o(.text)
    PVD_IRQHandler                           0x08000297   Thumb Code     0  startup_stm32f103xb.o(.text)
    RCC_IRQHandler                           0x08000297   Thumb Code     0  startup_stm32f103xb.o(.text)
    RTC_Alarm_IRQHandler                     0x08000297   Thumb Code     0  startup_stm32f103xb.o(.text)
    RTC_IRQHandler                           0x08000297   Thumb Code     0  startup_stm32f103xb.o(.text)
    SPI1_IRQHandler                          0x08000297   Thumb Code     0  startup_stm32f103xb.o(.text)
    SPI2_IRQHandler                          0x08000297   Thumb Code     0  startup_stm32f103xb.o(.text)
    TAMPER_IRQHandler                        0x08000297   Thumb Code     0  startup_stm32f103xb.o(.text)
    TIM1_BRK_IRQHandler                      0x08000297   Thumb Code     0  startup_stm32f103xb.o(.text)
    TIM1_CC_IRQHandler                       0x08000297   Thumb Code     0  startup_stm32f103xb.o(.text)
    TIM1_TRG_COM_IRQHandler                  0x08000297   Thumb Code     0  startup_stm32f103xb.o(.text)
    TIM1_UP_IRQHandler                       0x08000297   Thumb Code     0  startup_stm32f103xb.o(.text)
    TIM2_IRQHandler                          0x08000297   Thumb Code     0  startup_stm32f103xb.o(.text)
    TIM4_IRQHandler                          0x08000297   Thumb Code     0  startup_stm32f103xb.o(.text)
    USART1_IRQHandler                        0x08000297   Thumb Code     0  startup_stm32f103xb.o(.text)
    USART2_IRQHandler                        0x08000297   Thumb Code     0  startup_stm32f103xb.o(.text)
    USART3_IRQHandler                        0x08000297   Thumb Code     0  startup_stm32f103xb.o(.text)
    USBWakeUp_IRQHandler                     0x08000297   Thumb Code     0  startup_stm32f103xb.o(.text)
    USB_HP_CAN1_TX_IRQHandler                0x08000297   Thumb Code     0  startup_stm32f103xb.o(.text)
    USB_LP_CAN1_RX0_IRQHandler               0x08000297   Thumb Code     0  startup_stm32f103xb.o(.text)
    WWDG_IRQHandler                          0x08000297   Thumb Code     0  startup_stm32f103xb.o(.text)
    __user_initial_stackheap                 0x08000299   Thumb Code     0  startup_stm32f103xb.o(.text)
    malloc                                   0x080002bd   Thumb Code    94  h1_alloc.o(.text)
    vsnprintf                                0x0800031d   Thumb Code    48  vsnprintf.o(.text)
    __aeabi_memclr4                          0x08000351   Thumb Code     0  rt_memclr_w.o(.text)
    __aeabi_memclr8                          0x08000351   Thumb Code     0  rt_memclr_w.o(.text)
    __rt_memclr_w                            0x08000351   Thumb Code    78  rt_memclr_w.o(.text)
    _memset_w                                0x08000355   Thumb Code     0  rt_memclr_w.o(.text)
    __use_two_region_memory                  0x0800039f   Thumb Code     2  heapauxi.o(.text)
    __rt_heap_escrow                         0x080003a1   Thumb Code     2  heapauxi.o(.text)
    __rt_heap_expand                         0x080003a3   Thumb Code     2  heapauxi.o(.text)
    __rt_heap_descriptor                     0x080003a5   Thumb Code     8  rt_heap_descriptor_intlibspace.o(.text)
    __use_no_heap                            0x080003ad   Thumb Code     2  hguard.o(.text)
    __heap$guard                             0x080003af   Thumb Code     2  hguard.o(.text)
    _terminate_user_alloc                    0x080003b1   Thumb Code     2  init_alloc.o(.text)
    _init_user_alloc                         0x080003b3   Thumb Code     2  init_alloc.o(.text)
    __Heap_Full                              0x080003b5   Thumb Code    34  init_alloc.o(.text)
    __Heap_Broken                            0x080003d7   Thumb Code     6  init_alloc.o(.text)
    _init_alloc                              0x080003dd   Thumb Code    94  init_alloc.o(.text)
    __Heap_Initialize                        0x0800043b   Thumb Code    10  h1_init.o(.text)
    __Heap_DescSize                          0x08000445   Thumb Code     4  h1_init.o(.text)
    free                                     0x08000449   Thumb Code    78  h1_free.o(.text)
    _printf_pre_padding                      0x08000497   Thumb Code    44  _printf_pad.o(.text)
    _printf_post_padding                     0x080004c3   Thumb Code    34  _printf_pad.o(.text)
    _printf_truncate_signed                  0x080004e5   Thumb Code    18  _printf_truncate.o(.text)
    _printf_truncate_unsigned                0x080004f7   Thumb Code    18  _printf_truncate.o(.text)
    _printf_str                              0x08000509   Thumb Code    82  _printf_str.o(.text)
    _printf_int_dec                          0x0800055d   Thumb Code   104  _printf_dec.o(.text)
    _printf_charcount                        0x080005d5   Thumb Code    40  _printf_charcount.o(.text)
    _printf_char_common                      0x08000607   Thumb Code    32  _printf_char_common.o(.text)
    _sputc                                   0x0800062d   Thumb Code    10  _sputc.o(.text)
    _snputc                                  0x08000637   Thumb Code    16  _snputc.o(.text)
    _printf_wctomb                           0x08000649   Thumb Code   182  _printf_wctomb.o(.text)
    _printf_longlong_dec                     0x08000705   Thumb Code   108  _printf_longlong_dec.o(.text)
    _printf_longlong_oct                     0x08000781   Thumb Code    68  _printf_oct_int_ll.o(.text)
    _printf_int_oct                          0x080007c5   Thumb Code    24  _printf_oct_int_ll.o(.text)
    _printf_ll_oct                           0x080007dd   Thumb Code    12  _printf_oct_int_ll.o(.text)
    _printf_longlong_hex                     0x080007f1   Thumb Code    86  _printf_hex_int_ll_ptr.o(.text)
    _printf_int_hex                          0x08000847   Thumb Code    28  _printf_hex_int_ll_ptr.o(.text)
    _printf_ll_hex                           0x08000863   Thumb Code    12  _printf_hex_int_ll_ptr.o(.text)
    _printf_hex_ptr                          0x0800086f   Thumb Code    18  _printf_hex_int_ll_ptr.o(.text)
    __printf                                 0x08000885   Thumb Code   388  __printf_flags_ss_wp.o(.text)
    __user_libspace                          0x08000a0d   Thumb Code     8  libspace.o(.text)
    __user_perproc_libspace                  0x08000a0d   Thumb Code     0  libspace.o(.text)
    __user_perthread_libspace                0x08000a0d   Thumb Code     0  libspace.o(.text)
    __Heap_ProvideMemory                     0x08000a15   Thumb Code    52  h1_extend.o(.text)
    _ll_udiv10                               0x08000a49   Thumb Code   138  lludiv10.o(.text)
    _printf_int_common                       0x08000ad3   Thumb Code   178  _printf_intcommon.o(.text)
    __lib_sel_fp_printf                      0x08000b85   Thumb Code     2  _printf_fp_dec.o(.text)
    _printf_fp_dec_real                      0x08000d33   Thumb Code   620  _printf_fp_dec.o(.text)
    _printf_fp_hex_real                      0x08000fa1   Thumb Code   754  _printf_fp_hex.o(.text)
    _printf_cs_common                        0x0800129d   Thumb Code    20  _printf_char.o(.text)
    _printf_char                             0x080012b1   Thumb Code    16  _printf_char.o(.text)
    _printf_string                           0x080012c1   Thumb Code     8  _printf_char.o(.text)
    _printf_lcs_common                       0x080012c9   Thumb Code    20  _printf_wchar.o(.text)
    _printf_wchar                            0x080012dd   Thumb Code    16  _printf_wchar.o(.text)
    _printf_wstring                          0x080012ed   Thumb Code     8  _printf_wchar.o(.text)
    _wcrtomb                                 0x080012f5   Thumb Code    64  _wcrtomb.o(.text)
    __rt_SIGRTMEM                            0x08001335   Thumb Code    14  defsig_rtmem_outer.o(.text)
    __I$use$semihosting                      0x08001343   Thumb Code     0  use_no_semi.o(.text)
    __use_no_semihosting_swi                 0x08001343   Thumb Code     2  use_no_semi.o(.text)
    __semihosting_library_function           0x08001345   Thumb Code     0  indicate_semi.o(.text)
    __user_setup_stackheap                   0x08001345   Thumb Code    74  sys_stackheap_outer.o(.text)
    __rt_ctype_table                         0x08001391   Thumb Code    16  rt_ctype_table.o(.text)
    __rt_locale                              0x080013a1   Thumb Code     8  rt_locale_intlibspace.o(.text)
    _printf_fp_infnan                        0x080013a9   Thumb Code   112  _printf_fp_infnan.o(.text)
    _btod_etento                             0x08001429   Thumb Code   216  bigflt0.o(.text)
    exit                                     0x08001505   Thumb Code    12  exit.o(.text)
    __sig_exit                               0x08001511   Thumb Code    10  defsig_exit.o(.text)
    __rt_SIGRTMEM_inner                      0x0800151d   Thumb Code    22  defsig_rtmem_inner.o(.text)
    _sys_exit                                0x0800156d   Thumb Code     8  sys_exit.o(.text)
    __default_signal_display                 0x08001579   Thumb Code    50  defsig_general.o(.text)
    strcmp                                   0x080015ad   Thumb Code   128  strcmpv7m.o(.text)
    _ttywrch                                 0x0800162d   Thumb Code    14  sys_wrch.o(.text)
    _btod_d2e                                0x0800163b   Thumb Code    62  btod.o(CL$$btod_d2e)
    _d2e_denorm_low                          0x08001679   Thumb Code    70  btod.o(CL$$btod_d2e_denorm_low)
    _d2e_norm_op1                            0x080016bf   Thumb Code    96  btod.o(CL$$btod_d2e_norm_op1)
    __btod_div_common                        0x0800171f   Thumb Code   696  btod.o(CL$$btod_div_common)
    _e2e                                     0x08001a57   Thumb Code   198  btod.o(CL$$btod_e2e)
    _btod_ediv                               0x08001b1d   Thumb Code    40  btod.o(CL$$btod_ediv)
    _btod_emul                               0x08001b45   Thumb Code    40  btod.o(CL$$btod_emul)
    __btod_mult_common                       0x08001b6d   Thumb Code   580  btod.o(CL$$btod_mult_common)
    ADC_ConversionStop_Disable               0x08001db1   Thumb Code    86  stm32f1xx_hal_adc.o(i.ADC_ConversionStop_Disable)
    ADC_DMAConvCplt                          0x08001e07   Thumb Code    78  stm32f1xx_hal_adc.o(i.ADC_DMAConvCplt)
    ADC_DMAError                             0x08001e55   Thumb Code    26  stm32f1xx_hal_adc.o(i.ADC_DMAError)
    ADC_DMAHalfConvCplt                      0x08001e6f   Thumb Code    10  stm32f1xx_hal_adc.o(i.ADC_DMAHalfConvCplt)
    ADC_Enable                               0x08001e79   Thumb Code   114  stm32f1xx_hal_adc.o(i.ADC_Enable)
    AddToFunctionTicker                      0x08001ef5   Thumb Code    34  menu_tool.o(i.AddToFunctionTicker)
    AlwaysRun                                0x08001f17   Thumb Code     2  menuconfig.o(i.AlwaysRun)
    BusFault_Handler                         0x08001f19   Thumb Code     2  stm32f1xx_it.o(i.BusFault_Handler)
    CharacterText                            0x08001f1d   Thumb Code   228  menufontshow.o(i.CharacterText)
    CharacterTextC                           0x08002009   Thumb Code   308  menufontshow.o(i.CharacterTextC)
    ClearnBuff                               0x08002145   Thumb Code    20  menu.o(i.ClearnBuff)
    ClearnMemory                             0x0800215d   Thumb Code    16  menu_tool.o(i.ClearnMemory)
    DMA1_Channel3_IRQHandler                 0x0800216d   Thumb Code     6  stm32f1xx_it.o(i.DMA1_Channel3_IRQHandler)
    DebugMon_Handler                         0x080021a3   Thumb Code     2  stm32f1xx_it.o(i.DebugMon_Handler)
    DrawFastVLine                            0x080021a5   Thumb Code    34  graphicalfunctions.o(i.DrawFastVLine)
    DrawFillCircleHelper                     0x080021c7   Thumb Code   156  graphicalfunctions.o(i.DrawFillCircleHelper)
    DrawFillRect                             0x08002263   Thumb Code    40  graphicalfunctions.o(i.DrawFillRect)
    DrawPicture                              0x08002379   Thumb Code    44  graphicalfunctions.o(i.DrawPicture)
    DrawfillRoundRect                        0x080023a5   Thumb Code    98  graphicalfunctions.o(i.DrawfillRoundRect)
    Error_Handler                            0x08002407   Thumb Code     4  main.o(i.Error_Handler)
    FindMeunListHeard                        0x0800262f   Thumb Code    16  menu.o(i.FindMeunListHeard)
    FindMeunListTail                         0x0800263f   Thumb Code    22  menu.o(i.FindMeunListTail)
    FunctionTickerRun                        0x08002655   Thumb Code    42  menu_tool.o(i.FunctionTickerRun)
    FunctionTickerRunIRQ                     0x08002685   Thumb Code    88  menu_tool.o(i.FunctionTickerRunIRQ)
    GetKeyState                              0x080026e1   Thumb Code    28  menu_tool.o(i.GetKeyState)
    HAL_ADC_ConfigChannel                    0x080026fd   Thumb Code   240  stm32f1xx_hal_adc.o(i.HAL_ADC_ConfigChannel)
    HAL_ADC_ConvCpltCallback                 0x080027f9   Thumb Code     2  stm32f1xx_hal_adc.o(i.HAL_ADC_ConvCpltCallback)
    HAL_ADC_ConvHalfCpltCallback             0x080027fb   Thumb Code     2  stm32f1xx_hal_adc.o(i.HAL_ADC_ConvHalfCpltCallback)
    HAL_ADC_ErrorCallback                    0x080027fd   Thumb Code     2  stm32f1xx_hal_adc.o(i.HAL_ADC_ErrorCallback)
    HAL_ADC_Init                             0x08002801   Thumb Code   272  stm32f1xx_hal_adc.o(i.HAL_ADC_Init)
    HAL_ADC_MspInit                          0x0800291d   Thumb Code   122  adc.o(i.HAL_ADC_MspInit)
    HAL_ADC_Start_DMA                        0x080029ad   Thumb Code   246  stm32f1xx_hal_adc.o(i.HAL_ADC_Start_DMA)
    HAL_DMA_IRQHandler                       0x08002ab9   Thumb Code   316  stm32f1xx_hal_dma.o(i.HAL_DMA_IRQHandler)
    HAL_DMA_Init                             0x08002c0d   Thumb Code    84  stm32f1xx_hal_dma.o(i.HAL_DMA_Init)
    HAL_DMA_Start_IT                         0x08002c69   Thumb Code   112  stm32f1xx_hal_dma.o(i.HAL_DMA_Start_IT)
    HAL_Delay                                0x08002cd9   Thumb Code    32  stm32f1xx_hal.o(i.HAL_Delay)
    HAL_GPIO_Init                            0x08002cfd   Thumb Code   446  stm32f1xx_hal_gpio.o(i.HAL_GPIO_Init)
    HAL_GPIO_WritePin                        0x08002edd   Thumb Code    10  stm32f1xx_hal_gpio.o(i.HAL_GPIO_WritePin)
    HAL_GetTick                              0x08002ee9   Thumb Code     6  stm32f1xx_hal.o(i.HAL_GetTick)
    HAL_IncTick                              0x08002ef5   Thumb Code    12  stm32f1xx_hal.o(i.HAL_IncTick)
    HAL_Init                                 0x08002f05   Thumb Code    32  stm32f1xx_hal.o(i.HAL_Init)
    HAL_InitTick                             0x08002f29   Thumb Code    54  stm32f1xx_hal.o(i.HAL_InitTick)
    HAL_MspInit                              0x08002f69   Thumb Code    52  stm32f1xx_hal_msp.o(i.HAL_MspInit)
    HAL_NVIC_EnableIRQ                       0x08002fa5   Thumb Code    26  stm32f1xx_hal_cortex.o(i.HAL_NVIC_EnableIRQ)
    HAL_NVIC_SetPriority                     0x08002fc1   Thumb Code    60  stm32f1xx_hal_cortex.o(i.HAL_NVIC_SetPriority)
    HAL_NVIC_SetPriorityGrouping             0x08003001   Thumb Code    26  stm32f1xx_hal_cortex.o(i.HAL_NVIC_SetPriorityGrouping)
    HAL_RCCEx_PeriphCLKConfig                0x08003025   Thumb Code   224  stm32f1xx_hal_rcc_ex.o(i.HAL_RCCEx_PeriphCLKConfig)
    HAL_RCC_CSSCallback                      0x08003111   Thumb Code     2  stm32f1xx_hal_rcc.o(i.HAL_RCC_CSSCallback)
    HAL_RCC_ClockConfig                      0x08003115   Thumb Code   280  stm32f1xx_hal_rcc.o(i.HAL_RCC_ClockConfig)
    HAL_RCC_EnableCSS                        0x08003241   Thumb Code     8  stm32f1xx_hal_rcc.o(i.HAL_RCC_EnableCSS)
    HAL_RCC_GetSysClockFreq                  0x0800324d   Thumb Code    74  stm32f1xx_hal_rcc.o(i.HAL_RCC_GetSysClockFreq)
    HAL_RCC_NMI_IRQHandler                   0x080032b9   Thumb Code    20  stm32f1xx_hal_rcc.o(i.HAL_RCC_NMI_IRQHandler)
    HAL_RCC_OscConfig                        0x080032d1   Thumb Code   778  stm32f1xx_hal_rcc.o(i.HAL_RCC_OscConfig)
    HAL_SPI_ErrorCallback                    0x080035f1   Thumb Code     2  stm32f1xx_hal_spi.o(i.HAL_SPI_ErrorCallback)
    HAL_SPI_Init                             0x080035f3   Thumb Code   178  stm32f1xx_hal_spi.o(i.HAL_SPI_Init)
    HAL_SPI_MspInit                          0x080036a5   Thumb Code   122  spi.o(i.HAL_SPI_MspInit)
    HAL_SPI_Transmit_DMA                     0x08003735   Thumb Code   202  stm32f1xx_hal_spi.o(i.HAL_SPI_Transmit_DMA)
    HAL_SPI_TxCpltCallback                   0x0800380d   Thumb Code     2  stm32f1xx_hal_spi.o(i.HAL_SPI_TxCpltCallback)
    HAL_SPI_TxHalfCpltCallback               0x0800380f   Thumb Code     2  stm32f1xx_hal_spi.o(i.HAL_SPI_TxHalfCpltCallback)
    HAL_SYSTICK_Config                       0x08003811   Thumb Code    40  stm32f1xx_hal_cortex.o(i.HAL_SYSTICK_Config)
    HAL_TIMEx_BreakCallback                  0x08003839   Thumb Code     2  stm32f1xx_hal_tim_ex.o(i.HAL_TIMEx_BreakCallback)
    HAL_TIMEx_CommutCallback                 0x0800383b   Thumb Code     2  stm32f1xx_hal_tim_ex.o(i.HAL_TIMEx_CommutCallback)
    HAL_TIMEx_MasterConfigSynchronization    0x0800383d   Thumb Code    92  stm32f1xx_hal_tim_ex.o(i.HAL_TIMEx_MasterConfigSynchronization)
    HAL_TIM_Base_Init                        0x080038a5   Thumb Code    90  stm32f1xx_hal_tim.o(i.HAL_TIM_Base_Init)
    HAL_TIM_Base_MspInit                     0x08003901   Thumb Code    50  tim.o(i.HAL_TIM_Base_MspInit)
    HAL_TIM_Base_Start_IT                    0x0800393d   Thumb Code    76  stm32f1xx_hal_tim.o(i.HAL_TIM_Base_Start_IT)
    HAL_TIM_ConfigClockSource                0x08003995   Thumb Code   214  stm32f1xx_hal_tim.o(i.HAL_TIM_ConfigClockSource)
    HAL_TIM_IC_CaptureCallback               0x08003a6b   Thumb Code     2  stm32f1xx_hal_tim.o(i.HAL_TIM_IC_CaptureCallback)
    HAL_TIM_IRQHandler                       0x08003a6d   Thumb Code   358  stm32f1xx_hal_tim.o(i.HAL_TIM_IRQHandler)
    HAL_TIM_OC_DelayElapsedCallback          0x08003bd3   Thumb Code     2  stm32f1xx_hal_tim.o(i.HAL_TIM_OC_DelayElapsedCallback)
    HAL_TIM_PWM_PulseFinishedCallback        0x08003bd5   Thumb Code     2  stm32f1xx_hal_tim.o(i.HAL_TIM_PWM_PulseFinishedCallback)
    HAL_TIM_PeriodElapsedCallback            0x08003bd9   Thumb Code    14  tim.o(i.HAL_TIM_PeriodElapsedCallback)
    HAL_TIM_TriggerCallback                  0x08003bed   Thumb Code     2  stm32f1xx_hal_tim.o(i.HAL_TIM_TriggerCallback)
    HardFault_Handler                        0x08003bef   Thumb Code     2  stm32f1xx_it.o(i.HardFault_Handler)
    KeyDisInit                               0x08003bf1   Thumb Code    54  menu_tool.o(i.KeyDisInit)
    KeyDisposeISR                            0x08003c2d   Thumb Code   132  menu_tool.o(i.KeyDisposeISR)
    MX_ADC1_Init                             0x08003d25   Thumb Code   130  adc.o(i.MX_ADC1_Init)
    MX_DMA_Init                              0x08003db1   Thumb Code    40  dma.o(i.MX_DMA_Init)
    MX_GPIO_Init                             0x08003ddd   Thumb Code   118  gpio.o(i.MX_GPIO_Init)
    MX_SPI1_Init                             0x08003e5d   Thumb Code    62  spi.o(i.MX_SPI1_Init)
    MX_TIM3_Init                             0x08003ea5   Thumb Code    96  tim.o(i.MX_TIM3_Init)
    MemManage_Handler                        0x08003f0d   Thumb Code     2  stm32f1xx_it.o(i.MemManage_Handler)
    MenuAlwaysRun_PH                         0x08003f0f   Thumb Code     2  menuconfig.o(i.MenuAlwaysRun_PH)
    MenuAlwaysRun_PL                         0x08003f11   Thumb Code     2  menuconfig.o(i.MenuAlwaysRun_PL)
    MenuAlwaysRun_PM                         0x08003f13   Thumb Code     2  menuconfig.o(i.MenuAlwaysRun_PM)
    MenuInit                                 0x08004185   Thumb Code    62  menuconfig.o(i.MenuInit)
    MenuListAddressing                       0x080041d9   Thumb Code    30  menu.o(i.MenuListAddressing)
    MenuListShowHead                         0x080041f7   Thumb Code    24  menu.o(i.MenuListShowHead)
    MenuListShowTail                         0x0800420f   Thumb Code    28  menu.o(i.MenuListShowTail)
    MenuMalloc                               0x0800422d   Thumb Code    22  menu.o(i.MenuMalloc)
    MenuRefresh                              0x08004249   Thumb Code    20  menu.o(i.MenuRefresh)
    MenuRun                                  0x08004261   Thumb Code   278  menu.o(i.MenuRun)
    MenuSetPoint                             0x08004381   Thumb Code    54  menu.o(i.MenuSetPoint)
    MenuShowAscStr                           0x08004555   Thumb Code    80  menufontshow.o(i.MenuShowAscStr)
    MenuSysBaseInit                          0x080045ad   Thumb Code    28  menu.o(i.MenuSysBaseInit)
    MenuTicker_ms                            0x080045d1   Thumb Code    36  menu.o(i.MenuTicker_ms)
    MessageBroadcast                         0x080045f9   Thumb Code    24  menu_tool.o(i.MessageBroadcast)
    NMI_Handler                              0x08004611   Thumb Code     6  stm32f1xx_it.o(i.NMI_Handler)
    NextCancheMenuList                       0x08004617   Thumb Code    60  menu.o(i.NextCancheMenuList)
    OLED_Init                                0x08004655   Thumb Code   350  oled.o(i.OLED_Init)
    PendSV_Handler                           0x0800481d   Thumb Code     2  stm32f1xx_it.o(i.PendSV_Handler)
    RestFont                                 0x080048c9   Thumb Code    18  menufontshow.o(i.RestFont)
    SVC_Handler                              0x08004a4d   Thumb Code     2  stm32f1xx_it.o(i.SVC_Handler)
    SetFunctionTicker                        0x08004ab1   Thumb Code    52  menu_tool.o(i.SetFunctionTicker)
    SetMenu                                  0x08004ae9   Thumb Code    94  menu.o(i.SetMenu)
    StringDeal                               0x08004d25   Thumb Code   134  menufontshow.o(i.StringDeal)
    SysTick_Handler                          0x08004db5   Thumb Code     4  stm32f1xx_it.o(i.SysTick_Handler)
    SystemClock_Config                       0x08004db9   Thumb Code   122  main.o(i.SystemClock_Config)
    SystemInit                               0x08004e33   Thumb Code     2  system_stm32f1xx.o(i.SystemInit)
    TIM3_IRQHandler                          0x08004e35   Thumb Code     6  stm32f1xx_it.o(i.TIM3_IRQHandler)
    TIM_Base_SetConfig                       0x08004e41   Thumb Code    94  stm32f1xx_hal_tim.o(i.TIM_Base_SetConfig)
    TIM_ETR_SetConfig                        0x08004ead   Thumb Code    20  stm32f1xx_hal_tim.o(i.TIM_ETR_SetConfig)
    TandemLevel_PID                          0x08004f17   Thumb Code   290  menu_tool.o(i.TandemLevel_PID)
    UsageFault_Handler                       0x08005039   Thumb Code     2  stm32f1xx_it.o(i.UsageFault_Handler)
    __ARM_fpclassify                         0x0800507d   Thumb Code    40  fpclassify.o(i.__ARM_fpclassify)
    _is_digit                                0x080050c5   Thumb Code    14  __printf_wp.o(i._is_digit)
    cushMes                                  0x080050d5   Thumb Code    16  menu_tool.o(i.cushMes)
    cushMesBro                               0x080050e9   Thumb Code    26  menu_tool.o(i.cushMesBro)
    disp_flush                               0x08005109   Thumb Code    44  oled.o(i.disp_flush)
    inScreen                                 0x08005145   Thumb Code    48  menu.o(i.inScreen)
    m_printf                                 0x08005175   Thumb Code    64  menufontshow.o(i.m_printf)
    main                                     0x080051b9   Thumb Code    54  main.o(i.main)
    read_point                               0x08005221   Thumb Code    54  graphicalfunctions.o(i.read_point)
    sMenuListInit                            0x0800525d   Thumb Code    28  menu.o(i.sMenuListInit)
    write_point                              0x0800527d   Thumb Code    50  graphicalfunctions.o(i.write_point)
    _get_lc_numeric                          0x080052b5   Thumb Code    44  lc_numeric_c.o(locale$$code)
    _get_lc_ctype                            0x080052e1   Thumb Code    44  lc_ctype_c.o(locale$$code)
    __aeabi_fadd                             0x0800530d   Thumb Code     0  faddsub_clz.o(x$fpl$fadd)
    _fadd                                    0x0800530d   Thumb Code   196  faddsub_clz.o(x$fpl$fadd)
    __fpl_fcmp_Inf                           0x080053d1   Thumb Code    24  fcmpi.o(x$fpl$fcmpinf)
    __aeabi_f2iz                             0x080053e9   Thumb Code     0  ffix.o(x$fpl$ffix)
    _ffix                                    0x080053e9   Thumb Code    54  ffix.o(x$fpl$ffix)
    __aeabi_i2f                              0x08005421   Thumb Code     0  fflt_clz.o(x$fpl$fflt)
    _fflt                                    0x08005421   Thumb Code    48  fflt_clz.o(x$fpl$fflt)
    __aeabi_ui2f                             0x08005451   Thumb Code     0  fflt_clz.o(x$fpl$ffltu)
    _ffltu                                   0x08005451   Thumb Code    38  fflt_clz.o(x$fpl$ffltu)
    __aeabi_cfcmple                          0x08005479   Thumb Code     0  fleqf.o(x$fpl$fleqf)
    _fcmple                                  0x08005479   Thumb Code   104  fleqf.o(x$fpl$fleqf)
    __fpl_fcmple_InfNaN                      0x080054cb   Thumb Code     0  fleqf.o(x$fpl$fleqf)
    __aeabi_fmul                             0x080054e1   Thumb Code     0  fmul.o(x$fpl$fmul)
    _fmul                                    0x080054e1   Thumb Code   258  fmul.o(x$fpl$fmul)
    __fpl_fnaninf                            0x080055e3   Thumb Code   140  fnaninf.o(x$fpl$fnaninf)
    __fpl_fretinf                            0x0800566f   Thumb Code    10  fretinf.o(x$fpl$fretinf)
    __aeabi_cfrcmple                         0x08005679   Thumb Code     0  frleqf.o(x$fpl$frleqf)
    _frcmple                                 0x08005679   Thumb Code    98  frleqf.o(x$fpl$frleqf)
    __aeabi_fsub                             0x080056dd   Thumb Code     0  faddsub_clz.o(x$fpl$fsub)
    _fsub                                    0x080056dd   Thumb Code   234  faddsub_clz.o(x$fpl$fsub)
    _printf_fp_dec                           0x080057c7   Thumb Code     4  printf1.o(x$fpl$printf1)
    _printf_fp_hex                           0x080057cb   Thumb Code     4  printf2.o(x$fpl$printf2)
    AHBPrescTable                            0x080057ce   Data          16  system_stm32f1xx.o(.constdata)
    __I$use$fp                               0x080057ce   Number         0  usenofp.o(x$fpl$usenofp)
    F8X16                                    0x080057de   Data        1522  oledfont.o(.constdata)
    HZK16x16index                            0x08005dd0   Data           5  oledfont.o(.constdata)
    HZK16x16                                 0x08005dd5   Data          64  oledfont.o(.constdata)
    Region$$Table$$Base                      0x08005f14   Number         0  anon$$obj.o(Region$$Table)
    Region$$Table$$Limit                     0x08005f34   Number         0  anon$$obj.o(Region$$Table)
    __ctype                                  0x08005f5d   Data           0  lc_ctype_c.o(locale$$data)
    uwTickFreq                               0x20000000   Data           1  stm32f1xx_hal.o(.data)
    uwTickPrio                               0x20000004   Data           4  stm32f1xx_hal.o(.data)
    uwTick                                   0x20000008   Data           4  stm32f1xx_hal.o(.data)
    SystemCoreClock                          0x2000000c   Data           4  system_stm32f1xx.o(.data)
    StatusInformation                        0x20000011   Data           1  menu.o(.data)
    StatusInformationAlways                  0x20000012   Data           1  menu.o(.data)
    InuptEnable                              0x20000013   Data           1  menu.o(.data)
    ResponseEnable                           0x20000014   Data           1  menu.o(.data)
    GRAPHICSSHOWMANNER                       0x20000015   Data           1  menu.o(.data)
    MenuHeartTimeStart                       0x20000018   Data           1  menu.o(.data)
    MenuMallocSize                           0x2000001c   Data           4  menu.o(.data)
    ScreenPara                               0x20000034   Data           6  menu.o(.data)
    TargetMenuPointrt                        0x2000003c   Data          20  menu.o(.data)
    Message_Key                              0x200000b0   Data           4  menu_tool.o(.data)
    MenuSerialRxNum                          0x20000114   Data           2  menufontshow.o(.data)
    font_SizeInf                             0x20000120   Data           4  menufontshow.o(.data)
    ADCarray                                 0x20000130   Data          16  main.o(.bss)
    hadc1                                    0x20000140   Data          48  adc.o(.bss)
    hdma_adc1                                0x20000170   Data          68  adc.o(.bss)
    hspi1                                    0x200001b4   Data          88  spi.o(.bss)
    hdma_spi1_tx                             0x2000020c   Data          68  spi.o(.bss)
    htim3                                    0x20000250   Data          72  tim.o(.bss)
    mainMenu                                 0x20000298   Data          52  menuconfig.o(.bss)
    DisplayBuff                              0x200002cc   Data        1024  menu.o(.bss)
    __libspace_start                         0x200007f4   Data          96  libspace.o(.bss)
    __temporary_stack_top$libspace           0x20000854   Data           0  libspace.o(.bss)



==============================================================================

Memory Map of the image

  Image Entry point : 0x080000ed

  Load Region LR_IROM1 (Base: 0x08000000, Size: 0x00006190, Max: 0x00010000, ABSOLUTE, COMPRESSED[0x000060ac])

    Execution Region ER_IROM1 (Exec base: 0x08000000, Load base: 0x08000000, Size: 0x00006060, Max: 0x00010000, ABSOLUTE)

    Exec Addr    Load Addr    Size         Type   Attr      Idx    E Section Name        Object

    0x08000000   0x08000000   0x000000ec   Data   RO            3    RESET               startup_stm32f103xb.o
    0x080000ec   0x080000ec   0x00000008   Code   RO         4381  * !!!main             c_w.l(__main.o)
    0x080000f4   0x080000f4   0x00000034   Code   RO         4925    !!!scatter          c_w.l(__scatter.o)
    0x08000128   0x08000128   0x0000005a   Code   RO         4923    !!dczerorl2         c_w.l(__dczerorl2.o)
    0x08000182   0x08000182   0x00000002   PAD
    0x08000184   0x08000184   0x0000001c   Code   RO         4927    !!handler_zi        c_w.l(__scatter_zi.o)
    0x080001a0   0x080001a0   0x00000000   Code   RO         4598    .ARM.Collect$$_printf_percent$$00000000  c_w.l(_printf_percent.o)
    0x080001a0   0x080001a0   0x00000006   Code   RO         4587    .ARM.Collect$$_printf_percent$$00000001  c_w.l(_printf_n.o)
    0x080001a6   0x080001a6   0x00000006   Code   RO         4589    .ARM.Collect$$_printf_percent$$00000002  c_w.l(_printf_p.o)
    0x080001ac   0x080001ac   0x00000006   Code   RO         4594    .ARM.Collect$$_printf_percent$$00000003  c_w.l(_printf_f.o)
    0x080001b2   0x080001b2   0x00000006   Code   RO         4595    .ARM.Collect$$_printf_percent$$00000004  c_w.l(_printf_e.o)
    0x080001b8   0x080001b8   0x00000006   Code   RO         4596    .ARM.Collect$$_printf_percent$$00000005  c_w.l(_printf_g.o)
    0x080001be   0x080001be   0x00000006   Code   RO         4597    .ARM.Collect$$_printf_percent$$00000006  c_w.l(_printf_a.o)
    0x080001c4   0x080001c4   0x0000000a   Code   RO         4602    .ARM.Collect$$_printf_percent$$00000007  c_w.l(_printf_ll.o)
    0x080001ce   0x080001ce   0x00000006   Code   RO         4591    .ARM.Collect$$_printf_percent$$00000008  c_w.l(_printf_i.o)
    0x080001d4   0x080001d4   0x00000006   Code   RO         4592    .ARM.Collect$$_printf_percent$$00000009  c_w.l(_printf_d.o)
    0x080001da   0x080001da   0x00000006   Code   RO         4593    .ARM.Collect$$_printf_percent$$0000000A  c_w.l(_printf_u.o)
    0x080001e0   0x080001e0   0x00000006   Code   RO         4590    .ARM.Collect$$_printf_percent$$0000000B  c_w.l(_printf_o.o)
    0x080001e6   0x080001e6   0x00000006   Code   RO         4588    .ARM.Collect$$_printf_percent$$0000000C  c_w.l(_printf_x.o)
    0x080001ec   0x080001ec   0x00000006   Code   RO         4599    .ARM.Collect$$_printf_percent$$0000000D  c_w.l(_printf_lli.o)
    0x080001f2   0x080001f2   0x00000006   Code   RO         4600    .ARM.Collect$$_printf_percent$$0000000E  c_w.l(_printf_lld.o)
    0x080001f8   0x080001f8   0x00000006   Code   RO         4601    .ARM.Collect$$_printf_percent$$0000000F  c_w.l(_printf_llu.o)
    0x080001fe   0x080001fe   0x00000006   Code   RO         4606    .ARM.Collect$$_printf_percent$$00000010  c_w.l(_printf_llo.o)
    0x08000204   0x08000204   0x00000006   Code   RO         4607    .ARM.Collect$$_printf_percent$$00000011  c_w.l(_printf_llx.o)
    0x0800020a   0x0800020a   0x0000000a   Code   RO         4603    .ARM.Collect$$_printf_percent$$00000012  c_w.l(_printf_l.o)
    0x08000214   0x08000214   0x00000006   Code   RO         4585    .ARM.Collect$$_printf_percent$$00000013  c_w.l(_printf_c.o)
    0x0800021a   0x0800021a   0x00000006   Code   RO         4586    .ARM.Collect$$_printf_percent$$00000014  c_w.l(_printf_s.o)
    0x08000220   0x08000220   0x00000006   Code   RO         4604    .ARM.Collect$$_printf_percent$$00000015  c_w.l(_printf_lc.o)
    0x08000226   0x08000226   0x00000006   Code   RO         4605    .ARM.Collect$$_printf_percent$$00000016  c_w.l(_printf_ls.o)
    0x0800022c   0x0800022c   0x00000004   Code   RO         4771    .ARM.Collect$$_printf_percent$$00000017  c_w.l(_printf_percent_end.o)
    0x08000230   0x08000230   0x00000002   Code   RO         4854    .ARM.Collect$$libinit$$00000000  c_w.l(libinit.o)
    0x08000232   0x08000232   0x00000000   Code   RO         4613    .ARM.Collect$$libinit$$00000002  c_w.l(libinit2.o)
    0x08000232   0x08000232   0x00000000   Code   RO         4615    .ARM.Collect$$libinit$$00000004  c_w.l(libinit2.o)
    0x08000232   0x08000232   0x00000008   Code   RO         4616    .ARM.Collect$$libinit$$00000005  c_w.l(libinit2.o)
    0x0800023a   0x0800023a   0x00000000   Code   RO         4618    .ARM.Collect$$libinit$$0000000A  c_w.l(libinit2.o)
    0x0800023a   0x0800023a   0x00000000   Code   RO         4620    .ARM.Collect$$libinit$$0000000C  c_w.l(libinit2.o)
    0x0800023a   0x0800023a   0x00000000   Code   RO         4622    .ARM.Collect$$libinit$$0000000E  c_w.l(libinit2.o)
    0x0800023a   0x0800023a   0x00000006   Code   RO         4623    .ARM.Collect$$libinit$$0000000F  c_w.l(libinit2.o)
    0x08000240   0x08000240   0x00000000   Code   RO         4625    .ARM.Collect$$libinit$$00000011  c_w.l(libinit2.o)
    0x08000240   0x08000240   0x0000000c   Code   RO         4626    .ARM.Collect$$libinit$$00000012  c_w.l(libinit2.o)
    0x0800024c   0x0800024c   0x00000000   Code   RO         4627    .ARM.Collect$$libinit$$00000013  c_w.l(libinit2.o)
    0x0800024c   0x0800024c   0x00000000   Code   RO         4629    .ARM.Collect$$libinit$$00000015  c_w.l(libinit2.o)
    0x0800024c   0x0800024c   0x0000000a   Code   RO         4630    .ARM.Collect$$libinit$$00000016  c_w.l(libinit2.o)
    0x08000256   0x08000256   0x00000000   Code   RO         4631    .ARM.Collect$$libinit$$00000017  c_w.l(libinit2.o)
    0x08000256   0x08000256   0x00000000   Code   RO         4633    .ARM.Collect$$libinit$$00000019  c_w.l(libinit2.o)
    0x08000256   0x08000256   0x00000000   Code   RO         4635    .ARM.Collect$$libinit$$0000001B  c_w.l(libinit2.o)
    0x08000256   0x08000256   0x00000000   Code   RO         4637    .ARM.Collect$$libinit$$0000001D  c_w.l(libinit2.o)
    0x08000256   0x08000256   0x00000000   Code   RO         4639    .ARM.Collect$$libinit$$0000001F  c_w.l(libinit2.o)
    0x08000256   0x08000256   0x00000000   Code   RO         4641    .ARM.Collect$$libinit$$00000021  c_w.l(libinit2.o)
    0x08000256   0x08000256   0x00000000   Code   RO         4643    .ARM.Collect$$libinit$$00000023  c_w.l(libinit2.o)
    0x08000256   0x08000256   0x00000000   Code   RO         4645    .ARM.Collect$$libinit$$00000025  c_w.l(libinit2.o)
    0x08000256   0x08000256   0x00000000   Code   RO         4649    .ARM.Collect$$libinit$$0000002C  c_w.l(libinit2.o)
    0x08000256   0x08000256   0x00000000   Code   RO         4651    .ARM.Collect$$libinit$$0000002E  c_w.l(libinit2.o)
    0x08000256   0x08000256   0x00000000   Code   RO         4653    .ARM.Collect$$libinit$$00000030  c_w.l(libinit2.o)
    0x08000256   0x08000256   0x00000000   Code   RO         4655    .ARM.Collect$$libinit$$00000032  c_w.l(libinit2.o)
    0x08000256   0x08000256   0x00000002   Code   RO         4656    .ARM.Collect$$libinit$$00000033  c_w.l(libinit2.o)
    0x08000258   0x08000258   0x00000002   Code   RO         4920    .ARM.Collect$$libshutdown$$00000000  c_w.l(libshutdown.o)
    0x0800025a   0x0800025a   0x00000000   Code   RO         4878    .ARM.Collect$$libshutdown$$00000003  c_w.l(libshutdown2.o)
    0x0800025a   0x0800025a   0x00000000   Code   RO         4881    .ARM.Collect$$libshutdown$$00000006  c_w.l(libshutdown2.o)
    0x0800025a   0x0800025a   0x00000000   Code   RO         4884    .ARM.Collect$$libshutdown$$00000009  c_w.l(libshutdown2.o)
    0x0800025a   0x0800025a   0x00000000   Code   RO         4886    .ARM.Collect$$libshutdown$$0000000B  c_w.l(libshutdown2.o)
    0x0800025a   0x0800025a   0x00000000   Code   RO         4889    .ARM.Collect$$libshutdown$$0000000E  c_w.l(libshutdown2.o)
    0x0800025a   0x0800025a   0x00000002   Code   RO         4890    .ARM.Collect$$libshutdown$$0000000F  c_w.l(libshutdown2.o)
    0x0800025c   0x0800025c   0x00000000   Code   RO         4481    .ARM.Collect$$rtentry$$00000000  c_w.l(__rtentry.o)
    0x0800025c   0x0800025c   0x00000000   Code   RO         4729    .ARM.Collect$$rtentry$$00000002  c_w.l(__rtentry2.o)
    0x0800025c   0x0800025c   0x00000006   Code   RO         4741    .ARM.Collect$$rtentry$$00000004  c_w.l(__rtentry4.o)
    0x08000262   0x08000262   0x00000000   Code   RO         4731    .ARM.Collect$$rtentry$$00000009  c_w.l(__rtentry2.o)
    0x08000262   0x08000262   0x00000004   Code   RO         4732    .ARM.Collect$$rtentry$$0000000A  c_w.l(__rtentry2.o)
    0x08000266   0x08000266   0x00000000   Code   RO         4734    .ARM.Collect$$rtentry$$0000000C  c_w.l(__rtentry2.o)
    0x08000266   0x08000266   0x00000008   Code   RO         4735    .ARM.Collect$$rtentry$$0000000D  c_w.l(__rtentry2.o)
    0x0800026e   0x0800026e   0x00000002   Code   RO         4861    .ARM.Collect$$rtexit$$00000000  c_w.l(rtexit.o)
    0x08000270   0x08000270   0x00000000   Code   RO         4894    .ARM.Collect$$rtexit$$00000002  c_w.l(rtexit2.o)
    0x08000270   0x08000270   0x00000004   Code   RO         4895    .ARM.Collect$$rtexit$$00000003  c_w.l(rtexit2.o)
    0x08000274   0x08000274   0x00000006   Code   RO         4896    .ARM.Collect$$rtexit$$00000004  c_w.l(rtexit2.o)
    0x0800027a   0x0800027a   0x00000002   PAD
    0x0800027c   0x0800027c   0x00000000   Code   RO         4750    .emb_text           c_w.l(maybetermalloc1.o)
    0x0800027c   0x0800027c   0x00000040   Code   RO            4    .text               startup_stm32f103xb.o
    0x080002bc   0x080002bc   0x0000005e   Code   RO         4319    .text               c_w.l(h1_alloc.o)
    0x0800031a   0x0800031a   0x00000002   PAD
    0x0800031c   0x0800031c   0x00000034   Code   RO         4375    .text               c_w.l(vsnprintf.o)
    0x08000350   0x08000350   0x0000004e   Code   RO         4377    .text               c_w.l(rt_memclr_w.o)
    0x0800039e   0x0800039e   0x00000006   Code   RO         4379    .text               c_w.l(heapauxi.o)
    0x080003a4   0x080003a4   0x00000008   Code   RO         4485    .text               c_w.l(rt_heap_descriptor_intlibspace.o)
    0x080003ac   0x080003ac   0x00000004   Code   RO         4487    .text               c_w.l(hguard.o)
    0x080003b0   0x080003b0   0x0000008a   Code   RO         4489    .text               c_w.l(init_alloc.o)
    0x0800043a   0x0800043a   0x0000000e   Code   RO         4495    .text               c_w.l(h1_init.o)
    0x08000448   0x08000448   0x0000004e   Code   RO         4497    .text               c_w.l(h1_free.o)
    0x08000496   0x08000496   0x0000004e   Code   RO         4517    .text               c_w.l(_printf_pad.o)
    0x080004e4   0x080004e4   0x00000024   Code   RO         4519    .text               c_w.l(_printf_truncate.o)
    0x08000508   0x08000508   0x00000052   Code   RO         4521    .text               c_w.l(_printf_str.o)
    0x0800055a   0x0800055a   0x00000002   PAD
    0x0800055c   0x0800055c   0x00000078   Code   RO         4523    .text               c_w.l(_printf_dec.o)
    0x080005d4   0x080005d4   0x00000028   Code   RO         4525    .text               c_w.l(_printf_charcount.o)
    0x080005fc   0x080005fc   0x00000030   Code   RO         4527    .text               c_w.l(_printf_char_common.o)
    0x0800062c   0x0800062c   0x0000000a   Code   RO         4529    .text               c_w.l(_sputc.o)
    0x08000636   0x08000636   0x00000010   Code   RO         4531    .text               c_w.l(_snputc.o)
    0x08000646   0x08000646   0x00000002   PAD
    0x08000648   0x08000648   0x000000bc   Code   RO         4533    .text               c_w.l(_printf_wctomb.o)
    0x08000704   0x08000704   0x0000007c   Code   RO         4536    .text               c_w.l(_printf_longlong_dec.o)
    0x08000780   0x08000780   0x00000070   Code   RO         4542    .text               c_w.l(_printf_oct_int_ll.o)
    0x080007f0   0x080007f0   0x00000094   Code   RO         4562    .text               c_w.l(_printf_hex_int_ll_ptr.o)
    0x08000884   0x08000884   0x00000188   Code   RO         4582    .text               c_w.l(__printf_flags_ss_wp.o)
    0x08000a0c   0x08000a0c   0x00000008   Code   RO         4725    .text               c_w.l(libspace.o)
    0x08000a14   0x08000a14   0x00000034   Code   RO         4752    .text               c_w.l(h1_extend.o)
    0x08000a48   0x08000a48   0x0000008a   Code   RO         4756    .text               c_w.l(lludiv10.o)
    0x08000ad2   0x08000ad2   0x000000b2   Code   RO         4758    .text               c_w.l(_printf_intcommon.o)
    0x08000b84   0x08000b84   0x0000041a   Code   RO         4760    .text               c_w.l(_printf_fp_dec.o)
    0x08000f9e   0x08000f9e   0x00000002   PAD
    0x08000fa0   0x08000fa0   0x000002fc   Code   RO         4762    .text               c_w.l(_printf_fp_hex.o)
    0x0800129c   0x0800129c   0x0000002c   Code   RO         4767    .text               c_w.l(_printf_char.o)
    0x080012c8   0x080012c8   0x0000002c   Code   RO         4769    .text               c_w.l(_printf_wchar.o)
    0x080012f4   0x080012f4   0x00000040   Code   RO         4772    .text               c_w.l(_wcrtomb.o)
    0x08001334   0x08001334   0x0000000e   Code   RO         4774    .text               c_w.l(defsig_rtmem_outer.o)
    0x08001342   0x08001342   0x00000002   Code   RO         4793    .text               c_w.l(use_no_semi.o)
    0x08001344   0x08001344   0x00000000   Code   RO         4795    .text               c_w.l(indicate_semi.o)
    0x08001344   0x08001344   0x0000004a   Code   RO         4796    .text               c_w.l(sys_stackheap_outer.o)
    0x0800138e   0x0800138e   0x00000002   PAD
    0x08001390   0x08001390   0x00000010   Code   RO         4798    .text               c_w.l(rt_ctype_table.o)
    0x080013a0   0x080013a0   0x00000008   Code   RO         4805    .text               c_w.l(rt_locale_intlibspace.o)
    0x080013a8   0x080013a8   0x00000080   Code   RO         4809    .text               c_w.l(_printf_fp_infnan.o)
    0x08001428   0x08001428   0x000000dc   Code   RO         4811    .text               c_w.l(bigflt0.o)
    0x08001504   0x08001504   0x0000000c   Code   RO         4839    .text               c_w.l(exit.o)
    0x08001510   0x08001510   0x0000000a   Code   RO         4841    .text               c_w.l(defsig_exit.o)
    0x0800151a   0x0800151a   0x00000002   PAD
    0x0800151c   0x0800151c   0x00000050   Code   RO         4843    .text               c_w.l(defsig_rtmem_inner.o)
    0x0800156c   0x0800156c   0x0000000c   Code   RO         4859    .text               c_w.l(sys_exit.o)
    0x08001578   0x08001578   0x00000032   Code   RO         4872    .text               c_w.l(defsig_general.o)
    0x080015aa   0x080015aa   0x00000002   PAD
    0x080015ac   0x080015ac   0x00000080   Code   RO         4874    .text               c_w.l(strcmpv7m.o)
    0x0800162c   0x0800162c   0x0000000e   Code   RO         4891    .text               c_w.l(sys_wrch.o)
    0x0800163a   0x0800163a   0x0000003e   Code   RO         4814    CL$$btod_d2e        c_w.l(btod.o)
    0x08001678   0x08001678   0x00000046   Code   RO         4816    CL$$btod_d2e_denorm_low  c_w.l(btod.o)
    0x080016be   0x080016be   0x00000060   Code   RO         4815    CL$$btod_d2e_norm_op1  c_w.l(btod.o)
    0x0800171e   0x0800171e   0x00000338   Code   RO         4824    CL$$btod_div_common  c_w.l(btod.o)
    0x08001a56   0x08001a56   0x000000c6   Code   RO         4821    CL$$btod_e2e        c_w.l(btod.o)
    0x08001b1c   0x08001b1c   0x00000028   Code   RO         4818    CL$$btod_ediv       c_w.l(btod.o)
    0x08001b44   0x08001b44   0x00000028   Code   RO         4817    CL$$btod_emul       c_w.l(btod.o)
    0x08001b6c   0x08001b6c   0x00000244   Code   RO         4823    CL$$btod_mult_common  c_w.l(btod.o)
    0x08001db0   0x08001db0   0x00000056   Code   RO          512    i.ADC_ConversionStop_Disable  stm32f1xx_hal_adc.o
    0x08001e06   0x08001e06   0x0000004e   Code   RO          513    i.ADC_DMAConvCplt   stm32f1xx_hal_adc.o
    0x08001e54   0x08001e54   0x0000001a   Code   RO          514    i.ADC_DMAError      stm32f1xx_hal_adc.o
    0x08001e6e   0x08001e6e   0x0000000a   Code   RO          515    i.ADC_DMAHalfConvCplt  stm32f1xx_hal_adc.o
    0x08001e78   0x08001e78   0x0000007c   Code   RO          516    i.ADC_Enable        stm32f1xx_hal_adc.o
    0x08001ef4   0x08001ef4   0x00000022   Code   RO         3885    i.AddToFunctionTicker  menu_tool.o
    0x08001f16   0x08001f16   0x00000002   Code   RO         3096    i.AlwaysRun         menuconfig.o
    0x08001f18   0x08001f18   0x00000002   Code   RO          364    i.BusFault_Handler  stm32f1xx_it.o
    0x08001f1a   0x08001f1a   0x00000002   PAD
    0x08001f1c   0x08001f1c   0x000000ec   Code   RO         4067    i.CharacterText     menufontshow.o
    0x08002008   0x08002008   0x0000013c   Code   RO         4068    i.CharacterTextC    menufontshow.o
    0x08002144   0x08002144   0x00000018   Code   RO         3517    i.ClearnBuff        menu.o
    0x0800215c   0x0800215c   0x00000010   Code   RO         3888    i.ClearnMemory      menu_tool.o
    0x0800216c   0x0800216c   0x0000000c   Code   RO          365    i.DMA1_Channel3_IRQHandler  stm32f1xx_it.o
    0x08002178   0x08002178   0x0000002a   Code   RO         1166    i.DMA_SetConfig     stm32f1xx_hal_dma.o
    0x080021a2   0x080021a2   0x00000002   Code   RO          366    i.DebugMon_Handler  stm32f1xx_it.o
    0x080021a4   0x080021a4   0x00000022   Code   RO         3276    i.DrawFastVLine     graphicalfunctions.o
    0x080021c6   0x080021c6   0x0000009c   Code   RO         3277    i.DrawFillCircleHelper  graphicalfunctions.o
    0x08002262   0x08002262   0x00000028   Code   RO         3278    i.DrawFillRect      graphicalfunctions.o
    0x0800228a   0x0800228a   0x00000002   PAD
    0x0800228c   0x0800228c   0x000000ec   Code   RO         3518    i.DrawMenuRectangle  menu.o
    0x08002378   0x08002378   0x0000002c   Code   RO         3280    i.DrawPicture       graphicalfunctions.o
    0x080023a4   0x080023a4   0x00000062   Code   RO         3283    i.DrawfillRoundRect  graphicalfunctions.o
    0x08002406   0x08002406   0x00000004   Code   RO           13    i.Error_Handler     main.o
    0x0800240a   0x0800240a   0x00000002   PAD
    0x0800240c   0x0800240c   0x00000200   Code   RO         3284    i.FastDrawPic       graphicalfunctions.o
    0x0800260c   0x0800260c   0x00000022   Code   RO         3286    i.FastLineT         graphicalfunctions.o
    0x0800262e   0x0800262e   0x00000010   Code   RO         3522    i.FindMeunListHeard  menu.o
    0x0800263e   0x0800263e   0x00000016   Code   RO         3523    i.FindMeunListTail  menu.o
    0x08002654   0x08002654   0x00000030   Code   RO         3889    i.FunctionTickerRun  menu_tool.o
    0x08002684   0x08002684   0x0000005c   Code   RO         3890    i.FunctionTickerRunIRQ  menu_tool.o
    0x080026e0   0x080026e0   0x0000001c   Code   RO         3891    i.GetKeyState       menu_tool.o
    0x080026fc   0x080026fc   0x000000fc   Code   RO          518    i.HAL_ADC_ConfigChannel  stm32f1xx_hal_adc.o
    0x080027f8   0x080027f8   0x00000002   Code   RO          519    i.HAL_ADC_ConvCpltCallback  stm32f1xx_hal_adc.o
    0x080027fa   0x080027fa   0x00000002   Code   RO          520    i.HAL_ADC_ConvHalfCpltCallback  stm32f1xx_hal_adc.o
    0x080027fc   0x080027fc   0x00000002   Code   RO          522    i.HAL_ADC_ErrorCallback  stm32f1xx_hal_adc.o
    0x080027fe   0x080027fe   0x00000002   PAD
    0x08002800   0x08002800   0x0000011c   Code   RO          527    i.HAL_ADC_Init      stm32f1xx_hal_adc.o
    0x0800291c   0x0800291c   0x00000090   Code   RO          205    i.HAL_ADC_MspInit   adc.o
    0x080029ac   0x080029ac   0x0000010c   Code   RO          534    i.HAL_ADC_Start_DMA  stm32f1xx_hal_adc.o
    0x08002ab8   0x08002ab8   0x00000154   Code   RO         1172    i.HAL_DMA_IRQHandler  stm32f1xx_hal_dma.o
    0x08002c0c   0x08002c0c   0x0000005c   Code   RO         1173    i.HAL_DMA_Init      stm32f1xx_hal_dma.o
    0x08002c68   0x08002c68   0x00000070   Code   RO         1177    i.HAL_DMA_Start_IT  stm32f1xx_hal_dma.o
    0x08002cd8   0x08002cd8   0x00000024   Code   RO          795    i.HAL_Delay         stm32f1xx_hal.o
    0x08002cfc   0x08002cfc   0x000001e0   Code   RO         1103    i.HAL_GPIO_Init     stm32f1xx_hal_gpio.o
    0x08002edc   0x08002edc   0x0000000a   Code   RO         1107    i.HAL_GPIO_WritePin  stm32f1xx_hal_gpio.o
    0x08002ee6   0x08002ee6   0x00000002   PAD
    0x08002ee8   0x08002ee8   0x0000000c   Code   RO          799    i.HAL_GetTick       stm32f1xx_hal.o
    0x08002ef4   0x08002ef4   0x00000010   Code   RO          805    i.HAL_IncTick       stm32f1xx_hal.o
    0x08002f04   0x08002f04   0x00000024   Code   RO          806    i.HAL_Init          stm32f1xx_hal.o
    0x08002f28   0x08002f28   0x00000040   Code   RO          807    i.HAL_InitTick      stm32f1xx_hal.o
    0x08002f68   0x08002f68   0x0000003c   Code   RO          452    i.HAL_MspInit       stm32f1xx_hal_msp.o
    0x08002fa4   0x08002fa4   0x0000001a   Code   RO         1263    i.HAL_NVIC_EnableIRQ  stm32f1xx_hal_cortex.o
    0x08002fbe   0x08002fbe   0x00000002   PAD
    0x08002fc0   0x08002fc0   0x00000040   Code   RO         1269    i.HAL_NVIC_SetPriority  stm32f1xx_hal_cortex.o
    0x08003000   0x08003000   0x00000024   Code   RO         1270    i.HAL_NVIC_SetPriorityGrouping  stm32f1xx_hal_cortex.o
    0x08003024   0x08003024   0x000000ec   Code   RO         1066    i.HAL_RCCEx_PeriphCLKConfig  stm32f1xx_hal_rcc_ex.o
    0x08003110   0x08003110   0x00000002   Code   RO          962    i.HAL_RCC_CSSCallback  stm32f1xx_hal_rcc.o
    0x08003112   0x08003112   0x00000002   PAD
    0x08003114   0x08003114   0x0000012c   Code   RO          963    i.HAL_RCC_ClockConfig  stm32f1xx_hal_rcc.o
    0x08003240   0x08003240   0x0000000c   Code   RO          966    i.HAL_RCC_EnableCSS  stm32f1xx_hal_rcc.o
    0x0800324c   0x0800324c   0x0000006c   Code   RO          972    i.HAL_RCC_GetSysClockFreq  stm32f1xx_hal_rcc.o
    0x080032b8   0x080032b8   0x00000018   Code   RO          974    i.HAL_RCC_NMI_IRQHandler  stm32f1xx_hal_rcc.o
    0x080032d0   0x080032d0   0x00000320   Code   RO          975    i.HAL_RCC_OscConfig  stm32f1xx_hal_rcc.o
    0x080035f0   0x080035f0   0x00000002   Code   RO         1770    i.HAL_SPI_ErrorCallback  stm32f1xx_hal_spi.o
    0x080035f2   0x080035f2   0x000000b2   Code   RO         1774    i.HAL_SPI_Init      stm32f1xx_hal_spi.o
    0x080036a4   0x080036a4   0x00000090   Code   RO          271    i.HAL_SPI_MspInit   spi.o
    0x08003734   0x08003734   0x000000d8   Code   RO         1786    i.HAL_SPI_Transmit_DMA  stm32f1xx_hal_spi.o
    0x0800380c   0x0800380c   0x00000002   Code   RO         1788    i.HAL_SPI_TxCpltCallback  stm32f1xx_hal_spi.o
    0x0800380e   0x0800380e   0x00000002   Code   RO         1789    i.HAL_SPI_TxHalfCpltCallback  stm32f1xx_hal_spi.o
    0x08003810   0x08003810   0x00000028   Code   RO         1274    i.HAL_SYSTICK_Config  stm32f1xx_hal_cortex.o
    0x08003838   0x08003838   0x00000002   Code   RO         2791    i.HAL_TIMEx_BreakCallback  stm32f1xx_hal_tim_ex.o
    0x0800383a   0x0800383a   0x00000002   Code   RO         2792    i.HAL_TIMEx_CommutCallback  stm32f1xx_hal_tim_ex.o
    0x0800383c   0x0800383c   0x00000068   Code   RO         2810    i.HAL_TIMEx_MasterConfigSynchronization  stm32f1xx_hal_tim_ex.o
    0x080038a4   0x080038a4   0x0000005a   Code   RO         2087    i.HAL_TIM_Base_Init  stm32f1xx_hal_tim.o
    0x080038fe   0x080038fe   0x00000002   PAD
    0x08003900   0x08003900   0x0000003c   Code   RO          313    i.HAL_TIM_Base_MspInit  tim.o
    0x0800393c   0x0800393c   0x00000058   Code   RO         2092    i.HAL_TIM_Base_Start_IT  stm32f1xx_hal_tim.o
    0x08003994   0x08003994   0x000000d6   Code   RO         2096    i.HAL_TIM_ConfigClockSource  stm32f1xx_hal_tim.o
    0x08003a6a   0x08003a6a   0x00000002   Code   RO         2121    i.HAL_TIM_IC_CaptureCallback  stm32f1xx_hal_tim.o
    0x08003a6c   0x08003a6c   0x00000166   Code   RO         2135    i.HAL_TIM_IRQHandler  stm32f1xx_hal_tim.o
    0x08003bd2   0x08003bd2   0x00000002   Code   RO         2138    i.HAL_TIM_OC_DelayElapsedCallback  stm32f1xx_hal_tim.o
    0x08003bd4   0x08003bd4   0x00000002   Code   RO         2165    i.HAL_TIM_PWM_PulseFinishedCallback  stm32f1xx_hal_tim.o
    0x08003bd6   0x08003bd6   0x00000002   PAD
    0x08003bd8   0x08003bd8   0x00000014   Code   RO          314    i.HAL_TIM_PeriodElapsedCallback  tim.o
    0x08003bec   0x08003bec   0x00000002   Code   RO         2178    i.HAL_TIM_TriggerCallback  stm32f1xx_hal_tim.o
    0x08003bee   0x08003bee   0x00000002   Code   RO          367    i.HardFault_Handler  stm32f1xx_it.o
    0x08003bf0   0x08003bf0   0x0000003c   Code   RO         3892    i.KeyDisInit        menu_tool.o
    0x08003c2c   0x08003c2c   0x00000088   Code   RO         3893    i.KeyDisposeISR     menu_tool.o
    0x08003cb4   0x08003cb4   0x00000070   Code   RO         3524    i.KeyState          menu.o
    0x08003d24   0x08003d24   0x0000008c   Code   RO          206    i.MX_ADC1_Init      adc.o
    0x08003db0   0x08003db0   0x0000002c   Code   RO          246    i.MX_DMA_Init       dma.o
    0x08003ddc   0x08003ddc   0x00000080   Code   RO          180    i.MX_GPIO_Init      gpio.o
    0x08003e5c   0x08003e5c   0x00000048   Code   RO          272    i.MX_SPI1_Init      spi.o
    0x08003ea4   0x08003ea4   0x00000068   Code   RO          315    i.MX_TIM3_Init      tim.o
    0x08003f0c   0x08003f0c   0x00000002   Code   RO          368    i.MemManage_Handler  stm32f1xx_it.o
    0x08003f0e   0x08003f0e   0x00000002   Code   RO         3097    i.MenuAlwaysRun_PH  menuconfig.o
    0x08003f10   0x08003f10   0x00000002   Code   RO         3098    i.MenuAlwaysRun_PL  menuconfig.o
    0x08003f12   0x08003f12   0x00000002   Code   RO         3099    i.MenuAlwaysRun_PM  menuconfig.o
    0x08003f14   0x08003f14   0x00000174   Code   RO         4070    i.MenuHZ16x16       menufontshow.o
    0x08004088   0x08004088   0x000000fc   Code   RO         3528    i.MenuHeartTime     menu.o
    0x08004184   0x08004184   0x00000054   Code   RO         3100    i.MenuInit          menuconfig.o
    0x080041d8   0x080041d8   0x0000001e   Code   RO         3529    i.MenuListAddressing  menu.o
    0x080041f6   0x080041f6   0x00000018   Code   RO         3530    i.MenuListShowHead  menu.o
    0x0800420e   0x0800420e   0x0000001c   Code   RO         3531    i.MenuListShowTail  menu.o
    0x0800422a   0x0800422a   0x00000002   PAD
    0x0800422c   0x0800422c   0x0000001c   Code   RO         3532    i.MenuMalloc        menu.o
    0x08004248   0x08004248   0x00000018   Code   RO         3534    i.MenuRefresh       menu.o
    0x08004260   0x08004260   0x00000120   Code   RO         3535    i.MenuRun           menu.o
    0x08004380   0x08004380   0x00000036   Code   RO         3536    i.MenuSetPoint      menu.o
    0x080043b6   0x080043b6   0x00000002   PAD
    0x080043b8   0x080043b8   0x0000019c   Code   RO         4075    i.MenuShowAsc       menufontshow.o
    0x08004554   0x08004554   0x00000058   Code   RO         4076    i.MenuShowAscStr    menufontshow.o
    0x080045ac   0x080045ac   0x00000024   Code   RO         3537    i.MenuSysBaseInit   menu.o
    0x080045d0   0x080045d0   0x00000028   Code   RO         3538    i.MenuTicker_ms     menu.o
    0x080045f8   0x080045f8   0x00000018   Code   RO         3897    i.MessageBroadcast  menu_tool.o
    0x08004610   0x08004610   0x00000006   Code   RO          369    i.NMI_Handler       stm32f1xx_it.o
    0x08004616   0x08004616   0x0000003c   Code   RO         3540    i.NextCancheMenuList  menu.o
    0x08004652   0x08004652   0x00000002   PAD
    0x08004654   0x08004654   0x00000164   Code   RO         4251    i.OLED_Init         oled.o
    0x080047b8   0x080047b8   0x0000002c   Code   RO         4252    i.OLED_Set_Pos      oled.o
    0x080047e4   0x080047e4   0x00000038   Code   RO         4253    i.OLED_WR_Byte      oled.o
    0x0800481c   0x0800481c   0x00000002   Code   RO          370    i.PendSV_Handler    stm32f1xx_it.o
    0x0800481e   0x0800481e   0x00000002   PAD
    0x08004820   0x08004820   0x000000a8   Code   RO         3292    i.PictureShow       graphicalfunctions.o
    0x080048c8   0x080048c8   0x0000001c   Code   RO         4080    i.RestFont          menufontshow.o
    0x080048e4   0x080048e4   0x00000022   Code   RO         1802    i.SPI_DMAError      stm32f1xx_hal_spi.o
    0x08004906   0x08004906   0x0000000a   Code   RO         1804    i.SPI_DMAHalfTransmitCplt  stm32f1xx_hal_spi.o
    0x08004910   0x08004910   0x00000064   Code   RO         1808    i.SPI_DMATransmitCplt  stm32f1xx_hal_spi.o
    0x08004974   0x08004974   0x00000020   Code   RO         1812    i.SPI_EndRxTxTransaction  stm32f1xx_hal_spi.o
    0x08004994   0x08004994   0x000000b8   Code   RO         1817    i.SPI_WaitFlagStateUntilTimeout  stm32f1xx_hal_spi.o
    0x08004a4c   0x08004a4c   0x00000002   Code   RO          371    i.SVC_Handler       stm32f1xx_it.o
    0x08004a4e   0x08004a4e   0x00000002   PAD
    0x08004a50   0x08004a50   0x00000060   Code   RO         3541    i.Scan              menu.o
    0x08004ab0   0x08004ab0   0x00000038   Code   RO         3902    i.SetFunctionTicker  menu_tool.o
    0x08004ae8   0x08004ae8   0x0000005e   Code   RO         3542    i.SetMenu           menu.o
    0x08004b46   0x08004b46   0x00000002   PAD
    0x08004b48   0x08004b48   0x0000015c   Code   RO         3544    i.SpecialFunctionRun  menu.o
    0x08004ca4   0x08004ca4   0x00000068   Code   RO         3545    i.StateToPointer    menu.o
    0x08004d0c   0x08004d0c   0x00000018   Code   RO         3546    i.StopKeyReceive    menu.o
    0x08004d24   0x08004d24   0x00000090   Code   RO         4089    i.StringDeal        menufontshow.o
    0x08004db4   0x08004db4   0x00000004   Code   RO          372    i.SysTick_Handler   stm32f1xx_it.o
    0x08004db8   0x08004db8   0x0000007a   Code   RO           14    i.SystemClock_Config  main.o
    0x08004e32   0x08004e32   0x00000002   Code   RO         3059    i.SystemInit        system_stm32f1xx.o
    0x08004e34   0x08004e34   0x0000000c   Code   RO          373    i.TIM3_IRQHandler   stm32f1xx_it.o
    0x08004e40   0x08004e40   0x0000006c   Code   RO         2180    i.TIM_Base_SetConfig  stm32f1xx_hal_tim.o
    0x08004eac   0x08004eac   0x00000014   Code   RO         2191    i.TIM_ETR_SetConfig  stm32f1xx_hal_tim.o
    0x08004ec0   0x08004ec0   0x00000010   Code   RO         2192    i.TIM_ITRx_SetConfig  stm32f1xx_hal_tim.o
    0x08004ed0   0x08004ed0   0x00000022   Code   RO         2198    i.TIM_TI1_ConfigInputStage  stm32f1xx_hal_tim.o
    0x08004ef2   0x08004ef2   0x00000024   Code   RO         2200    i.TIM_TI2_ConfigInputStage  stm32f1xx_hal_tim.o
    0x08004f16   0x08004f16   0x00000122   Code   RO         3904    i.TandemLevel_PID   menu_tool.o
    0x08005038   0x08005038   0x00000002   Code   RO          374    i.UsageFault_Handler  stm32f1xx_it.o
    0x0800503a   0x0800503a   0x00000002   PAD
    0x0800503c   0x0800503c   0x00000040   Code   RO         3299    i.WritePoint        graphicalfunctions.o
    0x0800507c   0x0800507c   0x00000028   Code   RO         4789    i.__ARM_fpclassify  m_ws.l(fpclassify.o)
    0x080050a4   0x080050a4   0x00000020   Code   RO         1276    i.__NVIC_SetPriority  stm32f1xx_hal_cortex.o
    0x080050c4   0x080050c4   0x0000000e   Code   RO         4575    i._is_digit         c_w.l(__printf_wp.o)
    0x080050d2   0x080050d2   0x00000002   PAD
    0x080050d4   0x080050d4   0x00000014   Code   RO         3906    i.cushMes           menu_tool.o
    0x080050e8   0x080050e8   0x00000020   Code   RO         3907    i.cushMesBro        menu_tool.o
    0x08005108   0x08005108   0x0000003c   Code   RO         4254    i.disp_flush        oled.o
    0x08005144   0x08005144   0x00000030   Code   RO         3549    i.inScreen          menu.o
    0x08005174   0x08005174   0x00000044   Code   RO         4090    i.m_printf          menufontshow.o
    0x080051b8   0x080051b8   0x00000044   Code   RO           15    i.main              main.o
    0x080051fc   0x080051fc   0x00000014   Code   RO         3101    i.menu_f            menuconfig.o
    0x08005210   0x08005210   0x00000010   Code   RO         4091    i.mystrlen          menufontshow.o
    0x08005220   0x08005220   0x0000003c   Code   RO         3303    i.read_point        graphicalfunctions.o
    0x0800525c   0x0800525c   0x00000020   Code   RO         3550    i.sMenuListInit     menu.o
    0x0800527c   0x0800527c   0x00000038   Code   RO         3304    i.write_point       graphicalfunctions.o
    0x080052b4   0x080052b4   0x0000002c   Code   RO         4837    locale$$code        c_w.l(lc_numeric_c.o)
    0x080052e0   0x080052e0   0x0000002c   Code   RO         4868    locale$$code        c_w.l(lc_ctype_c.o)
    0x0800530c   0x0800530c   0x000000c4   Code   RO         4413    x$fpl$fadd          fz_ws.l(faddsub_clz.o)
    0x080053d0   0x080053d0   0x00000018   Code   RO         4669    x$fpl$fcmpinf       fz_ws.l(fcmpi.o)
    0x080053e8   0x080053e8   0x00000036   Code   RO         4423    x$fpl$ffix          fz_ws.l(ffix.o)
    0x0800541e   0x0800541e   0x00000002   PAD
    0x08005420   0x08005420   0x00000030   Code   RO         4432    x$fpl$fflt          fz_ws.l(fflt_clz.o)
    0x08005450   0x08005450   0x00000026   Code   RO         4431    x$fpl$ffltu         fz_ws.l(fflt_clz.o)
    0x08005476   0x08005476   0x00000002   PAD
    0x08005478   0x08005478   0x00000068   Code   RO         4437    x$fpl$fleqf         fz_ws.l(fleqf.o)
    0x080054e0   0x080054e0   0x00000102   Code   RO         4439    x$fpl$fmul          fz_ws.l(fmul.o)
    0x080055e2   0x080055e2   0x0000008c   Code   RO         4671    x$fpl$fnaninf       fz_ws.l(fnaninf.o)
    0x0800566e   0x0800566e   0x0000000a   Code   RO         4673    x$fpl$fretinf       fz_ws.l(fretinf.o)
    0x08005678   0x08005678   0x00000062   Code   RO         4441    x$fpl$frleqf        fz_ws.l(frleqf.o)
    0x080056da   0x080056da   0x00000002   PAD
    0x080056dc   0x080056dc   0x000000ea   Code   RO         4415    x$fpl$fsub          fz_ws.l(faddsub_clz.o)
    0x080057c6   0x080057c6   0x00000004   Code   RO         4675    x$fpl$printf1       fz_ws.l(printf1.o)
    0x080057ca   0x080057ca   0x00000004   Code   RO         4677    x$fpl$printf2       fz_ws.l(printf2.o)
    0x080057ce   0x080057ce   0x00000000   Code   RO         4683    x$fpl$usenofp       fz_ws.l(usenofp.o)
    0x080057ce   0x080057ce   0x00000010   Data   RO         3060    .constdata          system_stm32f1xx.o
    0x080057de   0x080057de   0x000005f2   Data   RO         4299    .constdata          oledfont.o
    0x08005dd0   0x08005dd0   0x00000005   Data   RO         4301    .constdata          oledfont.o
    0x08005dd5   0x08005dd5   0x00000040   Data   RO         4302    .constdata          oledfont.o
    0x08005e15   0x08005e15   0x00000003   PAD
    0x08005e18   0x08005e18   0x00000008   Data   RO         4534    .constdata          c_w.l(_printf_wctomb.o)
    0x08005e20   0x08005e20   0x00000028   Data   RO         4563    .constdata          c_w.l(_printf_hex_int_ll_ptr.o)
    0x08005e48   0x08005e48   0x00000011   Data   RO         4583    .constdata          c_w.l(__printf_flags_ss_wp.o)
    0x08005e59   0x08005e59   0x00000026   Data   RO         4763    .constdata          c_w.l(_printf_fp_hex.o)
    0x08005e7f   0x08005e7f   0x00000001   PAD
    0x08005e80   0x08005e80   0x00000094   Data   RO         4812    .constdata          c_w.l(bigflt0.o)
    0x08005f14   0x08005f14   0x00000020   Data   RO         4921    Region$$Table       anon$$obj.o
    0x08005f34   0x08005f34   0x0000001c   Data   RO         4836    locale$$data        c_w.l(lc_numeric_c.o)
    0x08005f50   0x08005f50   0x00000110   Data   RO         4867    locale$$data        c_w.l(lc_ctype_c.o)


    Execution Region RW_IRAM1 (Exec base: 0x20000000, Load base: 0x08006060, Size: 0x00000e58, Max: 0x00005000, ABSOLUTE, COMPRESSED[0x0000004c])

    Exec Addr    Load Addr    Size         Type   Attr      Idx    E Section Name        Object

    0x20000000   COMPRESSED   0x0000000c   Data   RW          813    .data               stm32f1xx_hal.o
    0x2000000c   COMPRESSED   0x00000004   Data   RW         3062    .data               system_stm32f1xx.o
    0x20000010   COMPRESSED   0x000000a0   Data   RW         3554    .data               menu.o
    0x200000b0   COMPRESSED   0x00000004   Data   RW         3911    .data               menu_tool.o
    0x200000b4   COMPRESSED   0x00000058   Data   RW         3912    .data               menu_tool.o
    0x2000010c   COMPRESSED   0x00000024   Data   RW         4094    .data               menufontshow.o
    0x20000130        -       0x00000010   Zero   RW           16    .bss                main.o
    0x20000140        -       0x00000074   Zero   RW          207    .bss                adc.o
    0x200001b4        -       0x0000009c   Zero   RW          273    .bss                spi.o
    0x20000250        -       0x00000048   Zero   RW          316    .bss                tim.o
    0x20000298        -       0x00000034   Zero   RW         3102    .bss                menuconfig.o
    0x200002cc        -       0x00000410   Zero   RW         3551    .bss                menu.o
    0x200006dc        -       0x00000116   Zero   RW         4092    .bss                menufontshow.o
    0x200007f2   COMPRESSED   0x00000002   PAD
    0x200007f4        -       0x00000060   Zero   RW         4726    .bss                c_w.l(libspace.o)
    0x20000854   COMPRESSED   0x00000004   PAD
    0x20000858        -       0x00000200   Zero   RW            2    HEAP                startup_stm32f103xb.o
    0x20000a58        -       0x00000400   Zero   RW            1    STACK               startup_stm32f103xb.o


==============================================================================

Image component sizes


      Code (inc. data)   RO Data    RW Data    ZI Data      Debug   Object Name

       284         32          0          0        116       1719   adc.o
        44          4          0          0          0        734   dma.o
       128         10          0          0          0        907   gpio.o
      1266         30          0          0          0       8571   graphicalfunctions.o
       194         14          0          0         16     440195   main.o
      2020         86          0        160       1040      20258   menu.o
       836         34          0         92          0      14078   menu_tool.o
       112         30          0          0         52       8171   menuconfig.o
      1680         72          0         36        278      11349   menufontshow.o
       516         32          0          0          0       2609   oled.o
         0          0       1591          0          0        801   oledfont.o
       216         32          0          0        156       1654   spi.o
        64         26        236          0       1536        800   startup_stm32f103xb.o
       164         28          0         12          0       5745   stm32f1xx_hal.o
      1134         56          0          0          0       7638   stm32f1xx_hal_adc.o
       198         14          0          0          0      28515   stm32f1xx_hal_cortex.o
       586         32          0          0          0       3163   stm32f1xx_hal_dma.o
       490         34          0          0          0       2524   stm32f1xx_hal_gpio.o
        60          8          0          0          0        850   stm32f1xx_hal_msp.o
      1246         84          0          0          0       5269   stm32f1xx_hal_rcc.o
       236         12          0          0          0       1308   stm32f1xx_hal_rcc_ex.o
       760         18          0          0          0       6432   stm32f1xx_hal_spi.o
       972         26          0          0          0       8985   stm32f1xx_hal_tim.o
       108         12          0          0          0       2269   stm32f1xx_hal_tim_ex.o
        48         12          0          0          0       4635   stm32f1xx_it.o
         2          0         16          4          0       1083   system_stm32f1xx.o
       184         24          0          0         72       2090   tim.o

    ----------------------------------------------------------------------
     13580        762       1878        304       3268     592352   Object Totals
         0          0         32          0          0          0   (incl. Generated)
        32          0          3          0          2          0   (incl. Padding)

    ----------------------------------------------------------------------

      Code (inc. data)   RO Data    RW Data    ZI Data      Debug   Library Member Name

        90          0          0          0          0          0   __dczerorl2.o
         8          0          0          0          0         68   __main.o
       392          4         17          0          0         92   __printf_flags_ss_wp.o
        14          0          0          0          0         68   __printf_wp.o
         0          0          0          0          0          0   __rtentry.o
        12          0          0          0          0          0   __rtentry2.o
         6          0          0          0          0          0   __rtentry4.o
        52          8          0          0          0          0   __scatter.o
        28          0          0          0          0          0   __scatter_zi.o
         6          0          0          0          0          0   _printf_a.o
         6          0          0          0          0          0   _printf_c.o
        44          0          0          0          0        108   _printf_char.o
        48          6          0          0          0         96   _printf_char_common.o
        40          0          0          0          0         68   _printf_charcount.o
         6          0          0          0          0          0   _printf_d.o
       120         16          0          0          0         92   _printf_dec.o
         6          0          0          0          0          0   _printf_e.o
         6          0          0          0          0          0   _printf_f.o
      1050          0          0          0          0        216   _printf_fp_dec.o
       764         10         38          0          0        100   _printf_fp_hex.o
       128         16          0          0          0         84   _printf_fp_infnan.o
         6          0          0          0          0          0   _printf_g.o
       148          4         40          0          0        160   _printf_hex_int_ll_ptr.o
         6          0          0          0          0          0   _printf_i.o
       178          0          0          0          0         88   _printf_intcommon.o
        10          0          0          0          0          0   _printf_l.o
         6          0          0          0          0          0   _printf_lc.o
        10          0          0          0          0          0   _printf_ll.o
         6          0          0          0          0          0   _printf_lld.o
         6          0          0          0          0          0   _printf_lli.o
         6          0          0          0          0          0   _printf_llo.o
         6          0          0          0          0          0   _printf_llu.o
         6          0          0          0          0          0   _printf_llx.o
       124         16          0          0          0         92   _printf_longlong_dec.o
         6          0          0          0          0          0   _printf_ls.o
         6          0          0          0          0          0   _printf_n.o
         6          0          0          0          0          0   _printf_o.o
       112          8          0          0          0        124   _printf_oct_int_ll.o
         6          0          0          0          0          0   _printf_p.o
        78          0          0          0          0        108   _printf_pad.o
         0          0          0          0          0          0   _printf_percent.o
         4          0          0          0          0          0   _printf_percent_end.o
         6          0          0          0          0          0   _printf_s.o
        82          0          0          0          0         80   _printf_str.o
        36          0          0          0          0         84   _printf_truncate.o
         6          0          0          0          0          0   _printf_u.o
        44          0          0          0          0        108   _printf_wchar.o
       188          6          8          0          0         92   _printf_wctomb.o
         6          0          0          0          0          0   _printf_x.o
        16          0          0          0          0         68   _snputc.o
        10          0          0          0          0         68   _sputc.o
        64          0          0          0          0         92   _wcrtomb.o
       220          4        148          0          0         96   bigflt0.o
      1910        128          0          0          0        672   btod.o
        10          0          0          0          0         68   defsig_exit.o
        50          0          0          0          0         88   defsig_general.o
        80         58          0          0          0         76   defsig_rtmem_inner.o
        14          0          0          0          0         80   defsig_rtmem_outer.o
        12          0          0          0          0         72   exit.o
        94          0          0          0          0         80   h1_alloc.o
        52          0          0          0          0         68   h1_extend.o
        78          0          0          0          0         80   h1_free.o
        14          0          0          0          0         84   h1_init.o
         6          0          0          0          0        152   heapauxi.o
         4          0          0          0          0        136   hguard.o
         0          0          0          0          0          0   indicate_semi.o
       138          0          0          0          0        168   init_alloc.o
        44         10        272          0          0         76   lc_ctype_c.o
        44         10         28          0          0         76   lc_numeric_c.o
         2          0          0          0          0          0   libinit.o
        38          0          0          0          0          0   libinit2.o
         2          0          0          0          0          0   libshutdown.o
         2          0          0          0          0          0   libshutdown2.o
         8          4          0          0         96         68   libspace.o
       138          0          0          0          0         80   lludiv10.o
         0          0          0          0          0          0   maybetermalloc1.o
        16          4          0          0          0         76   rt_ctype_table.o
         8          4          0          0          0         68   rt_heap_descriptor_intlibspace.o
         8          4          0          0          0         68   rt_locale_intlibspace.o
        78          0          0          0          0         80   rt_memclr_w.o
         2          0          0          0          0          0   rtexit.o
        10          0          0          0          0          0   rtexit2.o
       128          0          0          0          0         68   strcmpv7m.o
        12          4          0          0          0         68   sys_exit.o
        74          0          0          0          0         80   sys_stackheap_outer.o
        14          0          0          0          0         76   sys_wrch.o
         2          0          0          0          0         68   use_no_semi.o
        52          4          0          0          0         80   vsnprintf.o
       430          8          0          0          0        168   faddsub_clz.o
        24          0          0          0          0         68   fcmpi.o
        54          4          0          0          0         84   ffix.o
        86          0          0          0          0        136   fflt_clz.o
       104          4          0          0          0         84   fleqf.o
       258          4          0          0          0         84   fmul.o
       140          4          0          0          0         84   fnaninf.o
        10          0          0          0          0         68   fretinf.o
        98          0          0          0          0         68   frleqf.o
         4          0          0          0          0         68   printf1.o
         4          0          0          0          0         68   printf2.o
         0          0          0          0          0          0   usenofp.o
        40          0          0          0          0         68   fpclassify.o

    ----------------------------------------------------------------------
      8662        352        552          0        100       6156   Library Totals
        26          0          1          0          4          0   (incl. Padding)

    ----------------------------------------------------------------------

      Code (inc. data)   RO Data    RW Data    ZI Data      Debug   Library Name

      7384        328        551          0         96       5108   c_w.l
      1212         24          0          0          0        980   fz_ws.l
        40          0          0          0          0         68   m_ws.l

    ----------------------------------------------------------------------
      8662        352        552          0        100       6156   Library Totals

    ----------------------------------------------------------------------

==============================================================================


      Code (inc. data)   RO Data    RW Data    ZI Data      Debug   

     22242       1114       2430        304       3368     587376   Grand Totals
     22242       1114       2430         76       3368     587376   ELF Image Totals (compressed)
     22242       1114       2430         76          0          0   ROM Totals

==============================================================================

    Total RO  Size (Code + RO Data)                24672 (  24.09kB)
    Total RW  Size (RW Data + ZI Data)              3672 (   3.59kB)
    Total ROM Size (Code + RO Data + RW Data)      24748 (  24.17kB)

==============================================================================

