Component: ARM Compiler 5.06 update 6 (build 750) Tool: armlink [4d35ed]

==============================================================================

Section Cross References

    startup_stm32f407xx.o(STACK) refers (Special) to heapauxi.o(.text) for __use_two_region_memory
    startup_stm32f407xx.o(HEAP) refers (Special) to heapauxi.o(.text) for __use_two_region_memory
    startup_stm32f407xx.o(RESET) refers (Special) to heapauxi.o(.text) for __use_two_region_memory
    startup_stm32f407xx.o(RESET) refers to startup_stm32f407xx.o(STACK) for __initial_sp
    startup_stm32f407xx.o(RESET) refers to startup_stm32f407xx.o(.text) for Reset_Handler
    startup_stm32f407xx.o(RESET) refers to stm32f4xx_it.o(i.NMI_Handler) for NMI_Handler
    startup_stm32f407xx.o(RESET) refers to stm32f4xx_it.o(i.HardFault_Handler) for HardFault_Handler
    startup_stm32f407xx.o(RESET) refers to stm32f4xx_it.o(i.MemManage_Handler) for MemManage_Handler
    startup_stm32f407xx.o(RESET) refers to stm32f4xx_it.o(i.BusFault_Handler) for BusFault_Handler
    startup_stm32f407xx.o(RESET) refers to stm32f4xx_it.o(i.UsageFault_Handler) for UsageFault_Handler
    startup_stm32f407xx.o(RESET) refers to stm32f4xx_it.o(i.SVC_Handler) for SVC_Handler
    startup_stm32f407xx.o(RESET) refers to stm32f4xx_it.o(i.DebugMon_Handler) for DebugMon_Handler
    startup_stm32f407xx.o(RESET) refers to stm32f4xx_it.o(i.PendSV_Handler) for PendSV_Handler
    startup_stm32f407xx.o(RESET) refers to stm32f4xx_it.o(i.SysTick_Handler) for SysTick_Handler
    startup_stm32f407xx.o(RESET) refers to stm32f4xx_it.o(i.TIM2_IRQHandler) for TIM2_IRQHandler
    startup_stm32f407xx.o(RESET) refers to stm32f4xx_it.o(i.DMA2_Stream3_IRQHandler) for DMA2_Stream3_IRQHandler
    startup_stm32f407xx.o(.text) refers (Special) to heapauxi.o(.text) for __use_two_region_memory
    startup_stm32f407xx.o(.text) refers to system_stm32f4xx.o(i.SystemInit) for SystemInit
    startup_stm32f407xx.o(.text) refers to __main.o(!!!main) for __main
    startup_stm32f407xx.o(.text) refers to startup_stm32f407xx.o(HEAP) for Heap_Mem
    startup_stm32f407xx.o(.text) refers to startup_stm32f407xx.o(STACK) for Stack_Mem
    main.o(i.SystemClock_Config) refers to rt_memclr_w.o(.text) for __aeabi_memclr4
    main.o(i.SystemClock_Config) refers to stm32f4xx_hal_rcc.o(i.HAL_RCC_OscConfig) for HAL_RCC_OscConfig
    main.o(i.SystemClock_Config) refers to stm32f4xx_hal_rcc.o(i.HAL_RCC_ClockConfig) for HAL_RCC_ClockConfig
    main.o(i.main) refers to stm32f4xx_hal.o(i.HAL_Init) for HAL_Init
    main.o(i.main) refers to main.o(i.SystemClock_Config) for SystemClock_Config
    main.o(i.main) refers to gpio.o(i.MX_GPIO_Init) for MX_GPIO_Init
    main.o(i.main) refers to dma.o(i.MX_DMA_Init) for MX_DMA_Init
    main.o(i.main) refers to spi.o(i.MX_SPI1_Init) for MX_SPI1_Init
    main.o(i.main) refers to tim.o(i.MX_TIM2_Init) for MX_TIM2_Init
    main.o(i.main) refers to oled.o(i.OLED_Init) for OLED_Init
    main.o(i.main) refers to menuconfig.o(i.MakeMenuHeard) for MakeMenuHeard
    main.o(i.main) refers to stm32f4xx_hal_tim.o(i.HAL_TIM_Base_Start_IT) for HAL_TIM_Base_Start_IT
    main.o(i.main) refers to menu.o(i.MenuRun) for MenuRun
    main.o(i.main) refers to tim.o(.bss) for htim2
    gpio.o(i.MX_GPIO_Init) refers to rt_memclr_w.o(.text) for __aeabi_memclr4
    gpio.o(i.MX_GPIO_Init) refers to stm32f4xx_hal_gpio.o(i.HAL_GPIO_WritePin) for HAL_GPIO_WritePin
    gpio.o(i.MX_GPIO_Init) refers to stm32f4xx_hal_gpio.o(i.HAL_GPIO_Init) for HAL_GPIO_Init
    dma.o(i.MX_DMA_Init) refers to stm32f4xx_hal_cortex.o(i.HAL_NVIC_SetPriority) for HAL_NVIC_SetPriority
    dma.o(i.MX_DMA_Init) refers to stm32f4xx_hal_cortex.o(i.HAL_NVIC_EnableIRQ) for HAL_NVIC_EnableIRQ
    spi.o(i.HAL_SPI_MspDeInit) refers to stm32f4xx_hal_gpio.o(i.HAL_GPIO_DeInit) for HAL_GPIO_DeInit
    spi.o(i.HAL_SPI_MspDeInit) refers to stm32f4xx_hal_dma.o(i.HAL_DMA_DeInit) for HAL_DMA_DeInit
    spi.o(i.HAL_SPI_MspInit) refers to rt_memclr_w.o(.text) for __aeabi_memclr4
    spi.o(i.HAL_SPI_MspInit) refers to stm32f4xx_hal_gpio.o(i.HAL_GPIO_Init) for HAL_GPIO_Init
    spi.o(i.HAL_SPI_MspInit) refers to stm32f4xx_hal_dma.o(i.HAL_DMA_Init) for HAL_DMA_Init
    spi.o(i.HAL_SPI_MspInit) refers to main.o(i.Error_Handler) for Error_Handler
    spi.o(i.HAL_SPI_MspInit) refers to spi.o(.bss) for .bss
    spi.o(i.MX_SPI1_Init) refers to stm32f4xx_hal_spi.o(i.HAL_SPI_Init) for HAL_SPI_Init
    spi.o(i.MX_SPI1_Init) refers to main.o(i.Error_Handler) for Error_Handler
    spi.o(i.MX_SPI1_Init) refers to spi.o(.bss) for .bss
    tim.o(i.HAL_TIM_Base_MspDeInit) refers to stm32f4xx_hal_cortex.o(i.HAL_NVIC_DisableIRQ) for HAL_NVIC_DisableIRQ
    tim.o(i.HAL_TIM_Base_MspInit) refers to stm32f4xx_hal_cortex.o(i.HAL_NVIC_SetPriority) for HAL_NVIC_SetPriority
    tim.o(i.HAL_TIM_Base_MspInit) refers to stm32f4xx_hal_cortex.o(i.HAL_NVIC_EnableIRQ) for HAL_NVIC_EnableIRQ
    tim.o(i.HAL_TIM_PeriodElapsedCallback) refers to menu.o(i.MenuHeartTime) for MenuHeartTime
[...]
    ../clib/signal.c                         0x00000000   Number         0  defsig_fpe_formal.o ABSOLUTE
    ../clib/signal.c                         0x00000000   Number         0  defsig_fpe_outer.o ABSOLUTE
    ../clib/signal.c                         0x00000000   Number         0  defsig_rtmem_inner.o ABSOLUTE
    ../clib/signal.c                         0x00000000   Number         0  defsig_segv_inner.o ABSOLUTE
    ../clib/signal.c                         0x00000000   Number         0  defsig_cppl_inner.o ABSOLUTE
    ../clib/signal.c                         0x00000000   Number         0  defsig_pvfn_inner.o ABSOLUTE
    ../clib/signal.c                         0x00000000   Number         0  defsig_stak_inner.o ABSOLUTE
    ../clib/signal.c                         0x00000000   Number         0  defsig_rtmem_outer.o ABSOLUTE
    ../clib/signal.c                         0x00000000   Number         0  defsig_rtmem_formal.o ABSOLUTE
    ../clib/signal.c                         0x00000000   Number         0  defsig_other.o ABSOLUTE
    ../clib/signal.c                         0x00000000   Number         0  defsig_rtred_inner.o ABSOLUTE
    ../clib/signal.c                         0x00000000   Number         0  defsig_abrt_inner.o ABSOLUTE
    ../clib/signal.c                         0x00000000   Number         0  __raise.o ABSOLUTE
    ../clib/signal.c                         0x00000000   Number         0  defsig_general.o ABSOLUTE
    ../clib/signal.s                         0x00000000   Number         0  defsig.o ABSOLUTE
    ../clib/stdlib.c                         0x00000000   Number         0  exit.o ABSOLUTE
    ../fplib/fpinit.s                        0x00000000   Number         0  fpinit.o ABSOLUTE
    ..\Core\Src\dma.c                        0x00000000   Number         0  dma.o ABSOLUTE
    ..\Core\Src\gpio.c                       0x00000000   Number         0  gpio.o ABSOLUTE
    ..\Core\Src\main.c                       0x00000000   Number         0  main.o ABSOLUTE
    ..\Core\Src\spi.c                        0x00000000   Number         0  spi.o ABSOLUTE
    ..\Core\Src\stm32f4xx_hal_msp.c          0x00000000   Number         0  stm32f4xx_hal_msp.o ABSOLUTE
    ..\Core\Src\stm32f4xx_it.c               0x00000000   Number         0  stm32f4xx_it.o ABSOLUTE
    ..\Core\Src\system_stm32f4xx.c           0x00000000   Number         0  system_stm32f4xx.o ABSOLUTE
    ..\Core\Src\tim.c                        0x00000000   Number         0  tim.o ABSOLUTE
    ..\Drivers\STM32F4xx_HAL_Driver\Src\stm32f4xx_hal.c 0x00000000   Number         0  stm32f4xx_hal.o ABSOLUTE
    ..\Drivers\STM32F4xx_HAL_Driver\Src\stm32f4xx_hal_cortex.c 0x00000000   Number         0  stm32f4xx_hal_cortex.o ABSOLUTE
    ..\Drivers\STM32F4xx_HAL_Driver\Src\stm32f4xx_hal_dma.c 0x00000000   Number         0  stm32f4xx_hal_dma.o ABSOLUTE
    ..\Drivers\STM32F4xx_HAL_Driver\Src\stm32f4xx_hal_dma_ex.c 0x00000000   Number         0  stm32f4xx_hal_dma_ex.o ABSOLUTE
    ..\Drivers\STM32F4xx_HAL_Driver\Src\stm32f4xx_hal_exti.c 0x00000000   Number         0  stm32f4xx_hal_exti.o ABSOLUTE
    ..\Drivers\STM32F4xx_HAL_Driver\Src\stm32f4xx_hal_flash.c 0x00000000   Number         0  stm32f4xx_hal_flash.o ABSOLUTE
    ..\Drivers\STM32F4xx_HAL_Driver\Src\stm32f4xx_hal_flash_ex.c 0x00000000   Number         0  stm32f4xx_hal_flash_ex.o ABSOLUTE
    ..\Drivers\STM32F4xx_HAL_Driver\Src\stm32f4xx_hal_flash_ramfunc.c 0x00000000   Number         0  stm32f4xx_hal_flash_ramfunc.o ABSOLUTE
    ..\Drivers\STM32F4xx_HAL_Driver\Src\stm32f4xx_hal_gpio.c 0x00000000   Number         0  stm32f4xx_hal_gpio.o ABSOLUTE
    ..\Drivers\STM32F4xx_HAL_Driver\Src\stm32f4xx_hal_pwr.c 0x00000000   Number         0  stm32f4xx_hal_pwr.o ABSOLUTE
    ..\Drivers\STM32F4xx_HAL_Driver\Src\stm32f4xx_hal_pwr_ex.c 0x00000000   Number         0  stm32f4xx_hal_pwr_ex.o ABSOLUTE
    ..\Drivers\STM32F4xx_HAL_Driver\Src\stm32f4xx_hal_rcc.c 0x00000000   Number         0  stm32f4xx_hal_rcc.o ABSOLUTE
    ..\Drivers\STM32F4xx_HAL_Driver\Src\stm32f4xx_hal_rcc_ex.c 0x00000000   Number         0  stm32f4xx_hal_rcc_ex.o ABSOLUTE
    ..\Drivers\STM32F4xx_HAL_Driver\Src\stm32f4xx_hal_spi.c 0x00000000   Number         0  stm32f4xx_hal_spi.o ABSOLUTE
    ..\Drivers\STM32F4xx_HAL_Driver\Src\stm32f4xx_hal_tim.c 0x00000000   Number         0  stm32f4xx_hal_tim.o ABSOLUTE
    ..\Drivers\STM32F4xx_HAL_Driver\Src\stm32f4xx_hal_tim_ex.c 0x00000000   Number         0  stm32f4xx_hal_tim_ex.o ABSOLUTE
    ..\\multi_level_menu\\menu.c             0x00000000   Number         0  menu.o ABSOLUTE
    ..\\multi_level_menu\\menufontshow.c     0x00000000   Number         0  menufontshow.o ABSOLUTE
    ..\\multi_level_menu\\oled.c             0x00000000   Number         0  oled.o ABSOLUTE
    ..\multi_level_menu\menu.c               0x00000000   Number         0  menu.o ABSOLUTE
    ..\multi_level_menu\menuconfig.c         0x00000000   Number         0  menuconfig.o ABSOLUTE
    ..\multi_level_menu\menufontshow.c       0x00000000   Number         0  menufontshow.o ABSOLUTE
    ..\multi_level_menu\oled.c               0x00000000   Number         0  oled.o ABSOLUTE
    dc.s                                     0x00000000   Number         0  dc.o ABSOLUTE
    startup_stm32f407xx.s                    0x00000000   Number         0  startup_stm32f407xx.o ABSOLUTE
    RESET                                    0x08000000   Section      392  startup_stm32f407xx.o(RESET)
    !!!main                                  0x08000188   Section        8  __main.o(!!!main)
    !!!scatter                               0x08000190   Section       52  __scatter.o(!!!scatter)
    !!handler_copy                           0x080001c4   Section       26  __scatter_copy.o(!!handler_copy)
    !!handler_zi                             0x080001e0   Section       28  __scatter_zi.o(!!handler_zi)
    .ARM.Collect$$libinit$$00000000          0x080001fc   Section        2  libinit.o(.ARM.Collect$$libinit$$00000000)
    .ARM.Collect$$libinit$$00000001          0x080001fe   Section        4  libinit2.o(.ARM.Collect$$libinit$$00000001)
    .ARM.Collect$$libinit$$00000004          0x08000202   Section        0  libinit2.o(.ARM.Collect$$libinit$$00000004)
    .ARM.Collect$$libinit$$00000005          0x08000202   Section        8  libinit2.o(.ARM.Collect$$libinit$$00000005)
    .ARM.Collect$$libinit$$0000000A          0x0800020a   Section        0  libinit2.o(.ARM.Collect$$libinit$$0000000A)
    .ARM.Collect$$libinit$$0000000C          0x0800020a   Section        0  libinit2.o(.ARM.Collect$$libinit$$0000000C)
    .ARM.Collect$$libinit$$0000000E          0x0800020a   Section        0  libinit2.o(.ARM.Collect$$libinit$$0000000E)
    .ARM.Collect$$libinit$$00000011          0x0800020a   Section        0  libinit2.o(.ARM.Collect$$libinit$$00000011)
    .ARM.Collect$$libinit$$00000013          0x0800020a   Section        0  libinit2.o(.ARM.Collect$$libinit$$00000013)
    .ARM.Collect$$libinit$$00000015          0x0800020a   Section        0  libinit2.o(.ARM.Collect$$libinit$$00000015)
    .ARM.Collect$$libinit$$00000017          0x0800020a   Section        0  libinit2.o(.ARM.Collect$$libinit$$00000017)
    .ARM.Collect$$libinit$$00000019          0x0800020a   Section        0  libinit2.o(.ARM.Collect$$libinit$$00000019)
    .ARM.Collect$$libinit$$0000001B          0x0800020a   Section        0  libinit2.o(.ARM.Collect$$libinit$$0000001B)
    .ARM.Collect$$libinit$$0000001D          0x0800020a   Section        0  libinit2.o(.ARM.Collect$$libinit$$0000001D)
    .ARM.Collect$$libinit$$0000001F          0x0800020a   Section        0  libinit2.o(.ARM.Collect$$libinit$$0000001F)
    .ARM.Collect$$libinit$$00000021          0x0800020a   Section        0  libinit2.o(.ARM.Collect$$libinit$$00000021)
    .ARM.Collect$$libinit$$00000023          0x0800020a   Section        0  libinit2.o(.ARM.Collect$$libinit$$00000023)
    .ARM.Collect$$libinit$$00000025          0x0800020a   Section        0  libinit2.o(.ARM.Collect$$libinit$$00000025)
    .ARM.Collect$$libinit$$0000002C          0x0800020a   Section        0  libinit2.o(.ARM.Collect$$libinit$$0000002C)
    .ARM.Collect$$libinit$$0000002E          0x0800020a   Section        0  libinit2.o(.ARM.Collect$$libinit$$0000002E)
    .ARM.Collect$$libinit$$00000030          0x0800020a   Section        0  libinit2.o(.ARM.Collect$$libinit$$00000030)
    .ARM.Collect$$libinit$$00000032          0x0800020a   Section        0  libinit2.o(.ARM.Collect$$libinit$$00000032)
    .ARM.Collect$$libinit$$00000033          0x0800020a   Section        2  libinit2.o(.ARM.Collect$$libinit$$00000033)
    .ARM.Collect$$libshutdown$$00000000      0x0800020c   Section        2  libshutdown.o(.ARM.Collect$$libshutdown$$00000000)
    .ARM.Collect$$libshutdown$$00000002      0x0800020e   Section        0  libshutdown2.o(.ARM.Collect$$libshutdown$$00000002)
    .ARM.Collect$$libshutdown$$00000004      0x0800020e   Section        0  libshutdown2.o(.ARM.Collect$$libshutdown$$00000004)
    .ARM.Collect$$libshutdown$$00000007      0x0800020e   Section        0  libshutdown2.o(.ARM.Collect$$libshutdown$$00000007)
    .ARM.Collect$$libshutdown$$0000000A      0x0800020e   Section        0  libshutdown2.o(.ARM.Collect$$libshutdown$$0000000A)
    .ARM.Collect$$libshutdown$$0000000C      0x0800020e   Section        0  libshutdown2.o(.ARM.Collect$$libshutdown$$0000000C)
    .ARM.Collect$$libshutdown$$0000000F      0x0800020e   Section        0  libshutdown2.o(.ARM.Collect$$libshutdown$$0000000F)
    .ARM.Collect$$libshutdown$$00000010      0x0800020e   Section        2  libshutdown2.o(.ARM.Collect$$libshutdown$$00000010)
    .ARM.Collect$$rtentry$$00000000          0x08000210   Section        0  __rtentry.o(.ARM.Collect$$rtentry$$00000000)
    .ARM.Collect$$rtentry$$00000002          0x08000210   Section        0  __rtentry2.o(.ARM.Collect$$rtentry$$00000002)
    .ARM.Collect$$rtentry$$00000004          0x08000210   Section        6  __rtentry4.o(.ARM.Collect$$rtentry$$00000004)
    .ARM.Collect$$rtentry$$00000009          0x08000216   Section        0  __rtentry2.o(.ARM.Collect$$rtentry$$00000009)
    .ARM.Collect$$rtentry$$0000000A          0x08000216   Section        4  __rtentry2.o(.ARM.Collect$$rtentry$$0000000A)
    .ARM.Collect$$rtentry$$0000000C          0x0800021a   Section        0  __rtentry2.o(.ARM.Collect$$rtentry$$0000000C)
    .ARM.Collect$$rtentry$$0000000D          0x0800021a   Section        8  __rtentry2.o(.ARM.Collect$$rtentry$$0000000D)
    .ARM.Collect$$rtexit$$00000000           0x08000222   Section        2  rtexit.o(.ARM.Collect$$rtexit$$00000000)
    .ARM.Collect$$rtexit$$00000002           0x08000224   Section        0  rtexit2.o(.ARM.Collect$$rtexit$$00000002)
    .ARM.Collect$$rtexit$$00000003           0x08000224   Section        4  rtexit2.o(.ARM.Collect$$rtexit$$00000003)
    .ARM.Collect$$rtexit$$00000004           0x08000228   Section        6  rtexit2.o(.ARM.Collect$$rtexit$$00000004)
    .emb_text                                0x08000230   Section        0  maybetermalloc1.o(.emb_text)
    .text                                    0x08000230   Section       64  startup_stm32f407xx.o(.text)
    $v0                                      0x08000230   Number         0  startup_stm32f407xx.o(.text)
    .text                                    0x08000270   Section        0  h1_alloc.o(.text)
    .text                                    0x080002ce   Section      238  lludivv7m.o(.text)
    .text                                    0x080003bc   Section       78  rt_memclr_w.o(.text)
    .text                                    0x0800040a   Section        0  heapauxi.o(.text)
    .text                                    0x08000410   Section        8  rt_heap_descriptor_intlibspace.o(.text)
    .text                                    0x08000418   Section        0  hguard.o(.text)
    .text                                    0x0800041c   Section        0  init_alloc.o(.text)
    .text                                    0x080004a6   Section        0  h1_init.o(.text)
    .text                                    0x080004b4   Section        0  h1_free.o(.text)
    .text                                    0x08000504   Section        8  libspace.o(.text)
    .text                                    0x0800050c   Section        0  h1_extend.o(.text)
    .text                                    0x08000540   Section        0  defsig_rtmem_outer.o(.text)
    .text                                    0x0800054e   Section        2  use_no_semi.o(.text)
    .text                                    0x08000550   Section       74  sys_stackheap_outer.o(.text)
    .text                                    0x08000550   Section        0  indicate_semi.o(.text)
    .text                                    0x0800059a   Section        0  exit.o(.text)
    .text                                    0x080005ac   Section        0  defsig_exit.o(.text)
    .text                                    0x080005b8   Section        0  defsig_rtmem_inner.o(.text)
    .text                                    0x08000608   Section        0  sys_exit.o(.text)
    .text                                    0x08000614   Section        0  defsig_general.o(.text)
    .text                                    0x08000646   Section        0  sys_wrch.o(.text)
    i.AddToMenuList                          0x08000654   Section        0  menu.o(i.AddToMenuList)
    i.AddToMenuTimeList                      0x080006dc   Section        0  menu.o(i.AddToMenuTimeList)
    i.BusFault_Handler                       0x08000724   Section        0  stm32f4xx_it.o(i.BusFault_Handler)
    i.ClearnBuff                             0x08000728   Section        0  menu.o(i.ClearnBuff)
    i.DMA2_Stream3_IRQHandler                0x08000740   Section        0  stm32f4xx_it.o(i.DMA2_Stream3_IRQHandler)
    i.DMA_CalcBaseAndBitshift                0x0800074c   Section        0  stm32f4xx_hal_dma.o(i.DMA_CalcBaseAndBitshift)
    DMA_CalcBaseAndBitshift                  0x0800074d   Thumb Code    34  stm32f4xx_hal_dma.o(i.DMA_CalcBaseAndBitshift)
    i.DMA_CheckFifoParam                     0x08000774   Section        0  stm32f4xx_hal_dma.o(i.DMA_CheckFifoParam)
    DMA_CheckFifoParam                       0x08000775   Thumb Code    84  stm32f4xx_hal_dma.o(i.DMA_CheckFifoParam)
    i.DMA_SetConfig                          0x080007c8   Section        0  stm32f4xx_hal_dma.o(i.DMA_SetConfig)
    DMA_SetConfig                            0x080007c9   Thumb Code    40  stm32f4xx_hal_dma.o(i.DMA_SetConfig)
    i.DebugMon_Handler                       0x080007f0   Section        0  stm32f4xx_it.o(i.DebugMon_Handler)
    i.DrawMenuRectangle                      0x080007f2   Section        0  menu.o(i.DrawMenuRectangle)
    i.Error_Handler                          0x08000842   Section        0  main.o(i.Error_Handler)
    i.FindMeunListHeard                      0x08000846   Section        0  menu.o(i.FindMeunListHeard)
    i.FindMeunListTail                       0x0800085c   Section        0  menu.o(i.FindMeunListTail)
    i.HAL_DMA_IRQHandler                     0x08000874   Section        0  stm32f4xx_hal_dma.o(i.HAL_DMA_IRQHandler)
    i.HAL_DMA_Init                           0x08000a14   Section        0  stm32f4xx_hal_dma.o(i.HAL_DMA_Init)
    i.HAL_DMA_Start_IT                       0x08000ae8   Section        0  stm32f4xx_hal_dma.o(i.HAL_DMA_Start_IT)
    i.HAL_Delay                              0x08000b58   Section        0  stm32f4xx_hal.o(i.HAL_Delay)
    i.HAL_GPIO_Init                          0x08000b7c   Section        0  stm32f4xx_hal_gpio.o(i.HAL_GPIO_Init)
    i.HAL_GPIO_ReadPin                       0x08000d6c   Section        0  stm32f4xx_hal_gpio.o(i.HAL_GPIO_ReadPin)
    i.HAL_GPIO_WritePin                      0x08000d76   Section        0  stm32f4xx_hal_gpio.o(i.HAL_GPIO_WritePin)
    i.HAL_GetTick                            0x08000d80   Section        0  stm32f4xx_hal.o(i.HAL_GetTick)
    i.HAL_IncTick                            0x08000d8c   Section        0  stm32f4xx_hal.o(i.HAL_IncTick)
    i.HAL_Init                               0x08000d9c   Section        0  stm32f4xx_hal.o(i.HAL_Init)
    i.HAL_InitTick                           0x08000dd0   Section        0  stm32f4xx_hal.o(i.HAL_InitTick)
    i.HAL_MspInit                            0x08000e10   Section        0  stm32f4xx_hal_msp.o(i.HAL_MspInit)
    i.HAL_NVIC_EnableIRQ                     0x08000e40   Section        0  stm32f4xx_hal_cortex.o(i.HAL_NVIC_EnableIRQ)
    i.HAL_NVIC_SetPriority                   0x08000e5c   Section        0  stm32f4xx_hal_cortex.o(i.HAL_NVIC_SetPriority)
    i.HAL_NVIC_SetPriorityGrouping           0x08000e9c   Section        0  stm32f4xx_hal_cortex.o(i.HAL_NVIC_SetPriorityGrouping)
    i.HAL_RCC_ClockConfig                    0x08000ec0   Section        0  stm32f4xx_hal_rcc.o(i.HAL_RCC_ClockConfig)
    i.HAL_RCC_GetSysClockFreq                0x08000ff4   Section        0  stm32f4xx_hal_rcc.o(i.HAL_RCC_GetSysClockFreq)
    i.HAL_RCC_OscConfig                      0x08001058   Section        0  stm32f4xx_hal_rcc.o(i.HAL_RCC_OscConfig)
    i.HAL_SPI_ErrorCallback                  0x080013c4   Section        0  stm32f4xx_hal_spi.o(i.HAL_SPI_ErrorCallback)
    i.HAL_SPI_Init                           0x080013c6   Section        0  stm32f4xx_hal_spi.o(i.HAL_SPI_Init)
    i.HAL_SPI_MspInit                        0x08001484   Section        0  spi.o(i.HAL_SPI_MspInit)
    i.HAL_SPI_Transmit_DMA                   0x08001524   Section        0  stm32f4xx_hal_spi.o(i.HAL_SPI_Transmit_DMA)
    i.HAL_SPI_TxCpltCallback                 0x080015fc   Section        0  stm32f4xx_hal_spi.o(i.HAL_SPI_TxCpltCallback)
    i.HAL_SPI_TxHalfCpltCallback             0x080015fe   Section        0  stm32f4xx_hal_spi.o(i.HAL_SPI_TxHalfCpltCallback)
    i.HAL_SYSTICK_Config                     0x08001600   Section        0  stm32f4xx_hal_cortex.o(i.HAL_SYSTICK_Config)
    i.HAL_TIMEx_BreakCallback                0x08001628   Section        0  stm32f4xx_hal_tim_ex.o(i.HAL_TIMEx_BreakCallback)
    i.HAL_TIMEx_CommutCallback               0x0800162a   Section        0  stm32f4xx_hal_tim_ex.o(i.HAL_TIMEx_CommutCallback)
    i.HAL_TIMEx_MasterConfigSynchronization  0x0800162c   Section        0  stm32f4xx_hal_tim_ex.o(i.HAL_TIMEx_MasterConfigSynchronization)
    i.HAL_TIM_Base_Init                      0x080016bc   Section        0  stm32f4xx_hal_tim.o(i.HAL_TIM_Base_Init)
    i.HAL_TIM_Base_MspInit                   0x08001718   Section        0  tim.o(i.HAL_TIM_Base_MspInit)
    i.HAL_TIM_Base_Start_IT                  0x08001750   Section        0  stm32f4xx_hal_tim.o(i.HAL_TIM_Base_Start_IT)
    i.HAL_TIM_ConfigClockSource              0x080017d0   Section        0  stm32f4xx_hal_tim.o(i.HAL_TIM_ConfigClockSource)
    i.HAL_TIM_IC_CaptureCallback             0x080018ac   Section        0  stm32f4xx_hal_tim.o(i.HAL_TIM_IC_CaptureCallback)
    i.HAL_TIM_IRQHandler                     0x080018ae   Section        0  stm32f4xx_hal_tim.o(i.HAL_TIM_IRQHandler)
    i.HAL_TIM_OC_DelayElapsedCallback        0x08001a14   Section        0  stm32f4xx_hal_tim.o(i.HAL_TIM_OC_DelayElapsedCallback)
    i.HAL_TIM_PWM_PulseFinishedCallback      0x08001a16   Section        0  stm32f4xx_hal_tim.o(i.HAL_TIM_PWM_PulseFinishedCallback)
    i.HAL_TIM_PeriodElapsedCallback          0x08001a18   Section        0  tim.o(i.HAL_TIM_PeriodElapsedCallback)
    i.HAL_TIM_TriggerCallback                0x08001a28   Section        0  stm32f4xx_hal_tim.o(i.HAL_TIM_TriggerCallback)
    i.HardFault_Handler                      0x08001a2a   Section        0  stm32f4xx_it.o(i.HardFault_Handler)
    i.KeyState                               0x08001a2c   Section        0  menu.o(i.KeyState)
    i.LCD_DrawLine                           0x08001a74   Section        0  oled.o(i.LCD_DrawLine)
    i.LinkToParentClass                      0x08001b10   Section        0  menu.o(i.LinkToParentClass)
    i.MX_DMA_Init                            0x08001b20   Section        0  dma.o(i.MX_DMA_Init)
    i.MX_GPIO_Init                           0x08001b4c   Section        0  gpio.o(i.MX_GPIO_Init)
    i.MX_SPI1_Init                           0x08001bf4   Section        0  spi.o(i.MX_SPI1_Init)
    i.MX_TIM2_Init                           0x08001c38   Section        0  tim.o(i.MX_TIM2_Init)
    i.MakeMenuHeard                          0x08001ca0   Section        0  menuconfig.o(i.MakeMenuHeard)
    i.MakeMenuListRing                       0x08001e7c   Section        0  menu.o(i.MakeMenuListRing)
    i.MemManage_Handler                      0x08001e94   Section        0  stm32f4xx_it.o(i.MemManage_Handler)
    i.MenuHZ16x16Str                         0x08001e98   Section        0  menufontshow.o(i.MenuHZ16x16Str)
    i.MenuHeadAddressing                     0x08001f44   Section        0  menu.o(i.MenuHeadAddressing)
    i.MenuHeartTime                          0x08001f64   Section        0  menu.o(i.MenuHeartTime)
    i.MenuHzAndAsc                           0x08001ffc   Section        0  menufontshow.o(i.MenuHzAndAsc)
    i.MenuListAddressing                     0x08002064   Section        0  menu.o(i.MenuListAddressing)
    i.MenuRun                                0x08002084   Section        0  menu.o(i.MenuRun)
    i.MenuSetPoint                           0x080020f4   Section        0  menu.o(i.MenuSetPoint)
    i.MenuShowAsc                            0x0800213c   Section        0  menufontshow.o(i.MenuShowAsc)
    i.MenuShowAscStr                         0x080021ce   Section        0  menufontshow.o(i.MenuShowAscStr)
    i.MenuShowNum                            0x08002202   Section        0  menufontshow.o(i.MenuShowNum)
    i.NMI_Handler                            0x0800227c   Section        0  stm32f4xx_it.o(i.NMI_Handler)
    i.NextCancheMenuHeard                    0x0800227e   Section        0  menu.o(i.NextCancheMenuHeard)
    i.NextCancheMenuList                     0x080022b8   Section        0  menu.o(i.NextCancheMenuList)
    i.OLED_Clear                             0x080022f2   Section        0  oled.o(i.OLED_Clear)
    i.OLED_Init                              0x08002330   Section        0  oled.o(i.OLED_Init)
    i.OLED_Set_Pos                           0x0800245c   Section        0  oled.o(i.OLED_Set_Pos)
    i.OLED_WR_Byte                           0x08002488   Section        0  oled.o(i.OLED_WR_Byte)
    i.PendSV_Handler                         0x080024d4   Section        0  stm32f4xx_it.o(i.PendSV_Handler)
    i.SPI_DMAError                           0x080024d6   Section        0  stm32f4xx_hal_spi.o(i.SPI_DMAError)
    SPI_DMAError                             0x080024d7   Thumb Code    34  stm32f4xx_hal_spi.o(i.SPI_DMAError)
    i.SPI_DMAHalfTransmitCplt                0x080024f8   Section        0  stm32f4xx_hal_spi.o(i.SPI_DMAHalfTransmitCplt)
    SPI_DMAHalfTransmitCplt                  0x080024f9   Thumb Code    10  stm32f4xx_hal_spi.o(i.SPI_DMAHalfTransmitCplt)
    i.SPI_DMATransmitCplt                    0x08002502   Section        0  stm32f4xx_hal_spi.o(i.SPI_DMATransmitCplt)
    SPI_DMATransmitCplt                      0x08002503   Thumb Code   100  stm32f4xx_hal_spi.o(i.SPI_DMATransmitCplt)
    i.SPI_EndRxTxTransaction                 0x08002568   Section        0  stm32f4xx_hal_spi.o(i.SPI_EndRxTxTransaction)
    SPI_EndRxTxTransaction                   0x08002569   Thumb Code    80  stm32f4xx_hal_spi.o(i.SPI_EndRxTxTransaction)
    i.SPI_WaitFlagStateUntilTimeout          0x080025c0   Section        0  stm32f4xx_hal_spi.o(i.SPI_WaitFlagStateUntilTimeout)
    SPI_WaitFlagStateUntilTimeout            0x080025c1   Thumb Code   180  stm32f4xx_hal_spi.o(i.SPI_WaitFlagStateUntilTimeout)
    i.SVC_Handler                            0x08002678   Section        0  stm32f4xx_it.o(i.SVC_Handler)
    i.Scan                                   0x0800267c   Section        0  menu.o(i.Scan)
    i.StateToPointer                         0x080026a4   Section        0  menu.o(i.StateToPointer)
    StateToPointer                           0x080026a5   Thumb Code    54  menu.o(i.StateToPointer)
    i.StrIfHaveStr                           0x080026e0   Section        0  menufontshow.o(i.StrIfHaveStr)
    StrIfHaveStr                             0x080026e1   Thumb Code   134  menufontshow.o(i.StrIfHaveStr)
    i.SysTick_Handler                        0x08002766   Section        0  stm32f4xx_it.o(i.SysTick_Handler)
    i.SystemClock_Config                     0x0800276c   Section        0  main.o(i.SystemClock_Config)
    i.SystemInit                             0x080027fc   Section        0  system_stm32f4xx.o(i.SystemInit)
    i.TIM2_IRQHandler                        0x0800280c   Section        0  stm32f4xx_it.o(i.TIM2_IRQHandler)
    i.TIM_Base_SetConfig                     0x08002818   Section        0  stm32f4xx_hal_tim.o(i.TIM_Base_SetConfig)
    i.TIM_ETR_SetConfig                      0x080028e0   Section        0  stm32f4xx_hal_tim.o(i.TIM_ETR_SetConfig)
    i.TIM_ITRx_SetConfig                     0x080028f4   Section        0  stm32f4xx_hal_tim.o(i.TIM_ITRx_SetConfig)
    TIM_ITRx_SetConfig                       0x080028f5   Thumb Code    16  stm32f4xx_hal_tim.o(i.TIM_ITRx_SetConfig)
    i.TIM_TI1_ConfigInputStage               0x08002904   Section        0  stm32f4xx_hal_tim.o(i.TIM_TI1_ConfigInputStage)
    TIM_TI1_ConfigInputStage                 0x08002905   Thumb Code    34  stm32f4xx_hal_tim.o(i.TIM_TI1_ConfigInputStage)
    i.TIM_TI2_ConfigInputStage               0x08002926   Section        0  stm32f4xx_hal_tim.o(i.TIM_TI2_ConfigInputStage)
    TIM_TI2_ConfigInputStage                 0x08002927   Thumb Code    36  stm32f4xx_hal_tim.o(i.TIM_TI2_ConfigInputStage)
    i.UsageFault_Handler                     0x0800294a   Section        0  stm32f4xx_it.o(i.UsageFault_Handler)
    i.__NVIC_SetPriority                     0x0800294c   Section        0  stm32f4xx_hal_cortex.o(i.__NVIC_SetPriority)
    __NVIC_SetPriority                       0x0800294d   Thumb Code    32  stm32f4xx_hal_cortex.o(i.__NVIC_SetPriority)
    i.disp_flush                             0x0800296c   Section        0  oled.o(i.disp_flush)
    i.main                                   0x080029b0   Section        0  main.o(i.main)
    i.mystrlen                               0x080029e4   Section        0  menufontshow.o(i.mystrlen)
    mystrlen                                 0x080029e5   Thumb Code    16  menufontshow.o(i.mystrlen)
    i.test1_1                                0x080029f4   Section        0  menuconfig.o(i.test1_1)
    i.test1_2                                0x08002a08   Section        0  menuconfig.o(i.test1_2)
    i.test1_3                                0x08002a28   Section        0  menuconfig.o(i.test1_3)
    i.test1_4                                0x08002a48   Section        0  menuconfig.o(i.test1_4)
    i.test1_5                                0x08002a68   Section        0  menuconfig.o(i.test1_5)
    i.test2_1                                0x08002a88   Section        0  menuconfig.o(i.test2_1)
    i.test2_2                                0x08002aa8   Section        0  menuconfig.o(i.test2_2)
    i.test2_3                                0x08002b44   Section        0  menuconfig.o(i.test2_3)
    i.test2_4                                0x08002b64   Section        0  menuconfig.o(i.test2_4)
    i.test2_5                                0x08002b84   Section        0  menuconfig.o(i.test2_5)
    i.test3_1                                0x08002bc0   Section        0  menuconfig.o(i.test3_1)
    i.write_point                            0x08002c0c   Section        0  oled.o(i.write_point)
    x$fpl$fpinit                             0x08002c40   Section       10  fpinit.o(x$fpl$fpinit)
    $v0                                      0x08002c40   Number         0  fpinit.o(x$fpl$fpinit)
    .constdata                               0x08002c4a   Section        8  stm32f4xx_hal_dma.o(.constdata)
    flagBitshiftOffset                       0x08002c4a   Data           8  stm32f4xx_hal_dma.o(.constdata)
    .constdata                               0x08002c52   Section       16  system_stm32f4xx.o(.constdata)
    .constdata                               0x08002c62   Section     1522  menuconfig.o(.constdata)
    .constdata                               0x08003254   Section        5  menuconfig.o(.constdata)
    .constdata                               0x08003259   Section       64  menuconfig.o(.constdata)
    .data                                    0x20000000   Section       12  stm32f4xx_hal.o(.data)
    .data                                    0x2000000c   Section        4  system_stm32f4xx.o(.data)
    .data                                    0x20000010   Section       18  menu.o(.data)
    KeySt                                    0x20000010   Data           1  menu.o(.data)
    count                                    0x20000011   Data           1  menu.o(.data)
    MenuTimeList                             0x20000014   Data           4  menu.o(.data)
    .data                                    0x20000022   Section        2  menuconfig.o(.data)
    i                                        0x20000022   Data           1  menuconfig.o(.data)
    i                                        0x20000023   Data           1  menuconfig.o(.data)
    .bss                                     0x20000024   Section      184  spi.o(.bss)
    .bss                                     0x200000dc   Section       72  tim.o(.bss)
    .bss                                     0x20000124   Section     1024  menu.o(.bss)
    .bss                                     0x20000524   Section       96  libspace.o(.bss)
    HEAP                                     0x20000588   Section      512  startup_stm32f407xx.o(HEAP)
    Heap_Mem                                 0x20000588   Data         512  startup_stm32f407xx.o(HEAP)
    STACK                                    0x20000788   Section     1024  startup_stm32f407xx.o(STACK)
    Stack_Mem                                0x20000788   Data        1024  startup_stm32f407xx.o(STACK)
    __initial_sp                             0x20000b88   Data           0  startup_stm32f407xx.o(STACK)

    Global Symbols

    Symbol Name                              Value     Ov Type        Size  Object(Section)

    BuildAttributes$$THM_ISAv4$E$P$D$K$B$S$7EM$VFPi3$EXTD16$VFPS$VFMA$PE$A:L22UL41UL21$X:L11$S22US41US21$IEEE1$IW$USESV6$~STKCKD$USESV7$~SHL$OTIME$ROPI$EBA8$UX$STANDARDLIB$REQ8$PRES8$EABIv2 0x00000000   Number         0  anon$$obj.o ABSOLUTE
    __ARM_use_no_argv                        0x00000000   Number         0  main.o ABSOLUTE
    __ARM_exceptions_init                     - Undefined Weak Reference
    __alloca_initialize                       - Undefined Weak Reference
    __arm_preinit_                            - Undefined Weak Reference
    __cpp_initialize__aeabi_                  - Undefined Weak Reference
    __cxa_finalize                            - Undefined Weak Reference
    __rt_locale                               - Undefined Weak Reference
    __sigvec_lookup                           - Undefined Weak Reference
    __user_heap_extent                        - Undefined Weak Reference
    _atexit_init                              - Undefined Weak Reference
    _call_atexit_fns                          - Undefined Weak Reference
    _clock_init                               - Undefined Weak Reference
    _fp_trap_init                             - Undefined Weak Reference
    _fp_trap_shutdown                         - Undefined Weak Reference
    _get_lc_collate                           - Undefined Weak Reference
    _get_lc_ctype                             - Undefined Weak Reference
    _get_lc_monetary                          - Undefined Weak Reference
    _get_lc_numeric                           - Undefined Weak Reference
    _get_lc_time                              - Undefined Weak Reference
    _getenv_init                              - Undefined Weak Reference
    _handle_redirection                       - Undefined Weak Reference
    _initio                                   - Undefined Weak Reference
    _mutex_acquire                            - Undefined Weak Reference
    _mutex_free                               - Undefined Weak Reference
    _mutex_release                            - Undefined Weak Reference
    _rand_init                                - Undefined Weak Reference
    _signal_finish                            - Undefined Weak Reference
    _signal_init                              - Undefined Weak Reference
    _terminateio                              - Undefined Weak Reference
    __Vectors_Size                           0x00000188   Number         0  startup_stm32f407xx.o ABSOLUTE
    __Vectors                                0x08000000   Data           4  startup_stm32f407xx.o(RESET)
    __Vectors_End                            0x08000188   Data           0  startup_stm32f407xx.o(RESET)
    __main                                   0x08000189   Thumb Code     8  __main.o(!!!main)
    __scatterload                            0x08000191   Thumb Code     0  __scatter.o(!!!scatter)
    __scatterload_rt2                        0x08000191   Thumb Code    44  __scatter.o(!!!scatter)
    __scatterload_rt2_thumb_only             0x08000191   Thumb Code     0  __scatter.o(!!!scatter)
    __scatterload_null                       0x0800019f   Thumb Code     0  __scatter.o(!!!scatter)
    __scatterload_copy                       0x080001c5   Thumb Code    26  __scatter_copy.o(!!handler_copy)
    __scatterload_zeroinit                   0x080001e1   Thumb Code    28  __scatter_zi.o(!!handler_zi)
    __rt_lib_init                            0x080001fd   Thumb Code     0  libinit.o(.ARM.Collect$$libinit$$00000000)
    __rt_lib_init_fp_1                       0x080001ff   Thumb Code     0  libinit2.o(.ARM.Collect$$libinit$$00000001)
    __rt_lib_init_heap_2                     0x08000203   Thumb Code     0  libinit2.o(.ARM.Collect$$libinit$$00000005)
    __rt_lib_init_preinit_1                  0x08000203   Thumb Code     0  libinit2.o(.ARM.Collect$$libinit$$00000004)
    __rt_lib_init_alloca_1                   0x0800020b   Thumb Code     0  libinit2.o(.ARM.Collect$$libinit$$0000002E)
    __rt_lib_init_argv_1                     0x0800020b   Thumb Code     0  libinit2.o(.ARM.Collect$$libinit$$0000002C)
    __rt_lib_init_atexit_1                   0x0800020b   Thumb Code     0  libinit2.o(.ARM.Collect$$libinit$$0000001B)
    __rt_lib_init_clock_1                    0x0800020b   Thumb Code     0  libinit2.o(.ARM.Collect$$libinit$$00000021)
    __rt_lib_init_cpp_1                      0x0800020b   Thumb Code     0  libinit2.o(.ARM.Collect$$libinit$$00000032)
    __rt_lib_init_exceptions_1               0x0800020b   Thumb Code     0  libinit2.o(.ARM.Collect$$libinit$$00000030)
    __rt_lib_init_fp_trap_1                  0x0800020b   Thumb Code     0  libinit2.o(.ARM.Collect$$libinit$$0000001F)
    __rt_lib_init_getenv_1                   0x0800020b   Thumb Code     0  libinit2.o(.ARM.Collect$$libinit$$00000023)
    __rt_lib_init_heap_1                     0x0800020b   Thumb Code     0  libinit2.o(.ARM.Collect$$libinit$$0000000A)
    __rt_lib_init_lc_collate_1               0x0800020b   Thumb Code     0  libinit2.o(.ARM.Collect$$libinit$$00000011)
    __rt_lib_init_lc_ctype_1                 0x0800020b   Thumb Code     0  libinit2.o(.ARM.Collect$$libinit$$00000013)
    __rt_lib_init_lc_monetary_1              0x0800020b   Thumb Code     0  libinit2.o(.ARM.Collect$$libinit$$00000015)
    __rt_lib_init_lc_numeric_1               0x0800020b   Thumb Code     0  libinit2.o(.ARM.Collect$$libinit$$00000017)
    __rt_lib_init_lc_time_1                  0x0800020b   Thumb Code     0  libinit2.o(.ARM.Collect$$libinit$$00000019)
    __rt_lib_init_rand_1                     0x0800020b   Thumb Code     0  libinit2.o(.ARM.Collect$$libinit$$0000000E)
    __rt_lib_init_return                     0x0800020b   Thumb Code     0  libinit2.o(.ARM.Collect$$libinit$$00000033)
    __rt_lib_init_signal_1                   0x0800020b   Thumb Code     0  libinit2.o(.ARM.Collect$$libinit$$0000001D)
    __rt_lib_init_stdio_1                    0x0800020b   Thumb Code     0  libinit2.o(.ARM.Collect$$libinit$$00000025)
    __rt_lib_init_user_alloc_1               0x0800020b   Thumb Code     0  libinit2.o(.ARM.Collect$$libinit$$0000000C)
    __rt_lib_shutdown                        0x0800020d   Thumb Code     0  libshutdown.o(.ARM.Collect$$libshutdown$$00000000)
    __rt_lib_shutdown_cpp_1                  0x0800020f   Thumb Code     0  libshutdown2.o(.ARM.Collect$$libshutdown$$00000002)
    __rt_lib_shutdown_fp_trap_1              0x0800020f   Thumb Code     0  libshutdown2.o(.ARM.Collect$$libshutdown$$00000007)
    __rt_lib_shutdown_heap_1                 0x0800020f   Thumb Code     0  libshutdown2.o(.ARM.Collect$$libshutdown$$0000000F)
    __rt_lib_shutdown_return                 0x0800020f   Thumb Code     0  libshutdown2.o(.ARM.Collect$$libshutdown$$00000010)
    __rt_lib_shutdown_signal_1               0x0800020f   Thumb Code     0  libshutdown2.o(.ARM.Collect$$libshutdown$$0000000A)
    __rt_lib_shutdown_stdio_1                0x0800020f   Thumb Code     0  libshutdown2.o(.ARM.Collect$$libshutdown$$00000004)
    __rt_lib_shutdown_user_alloc_1           0x0800020f   Thumb Code     0  libshutdown2.o(.ARM.Collect$$libshutdown$$0000000C)
    __rt_entry                               0x08000211   Thumb Code     0  __rtentry.o(.ARM.Collect$$rtentry$$00000000)
    __rt_entry_presh_1                       0x08000211   Thumb Code     0  __rtentry2.o(.ARM.Collect$$rtentry$$00000002)
    __rt_entry_sh                            0x08000211   Thumb Code     0  __rtentry4.o(.ARM.Collect$$rtentry$$00000004)
    __rt_entry_li                            0x08000217   Thumb Code     0  __rtentry2.o(.ARM.Collect$$rtentry$$0000000A)
    __rt_entry_postsh_1                      0x08000217   Thumb Code     0  __rtentry2.o(.ARM.Collect$$rtentry$$00000009)
    __rt_entry_main                          0x0800021b   Thumb Code     0  __rtentry2.o(.ARM.Collect$$rtentry$$0000000D)
    __rt_entry_postli_1                      0x0800021b   Thumb Code     0  __rtentry2.o(.ARM.Collect$$rtentry$$0000000C)
    __rt_exit                                0x08000223   Thumb Code     0  rtexit.o(.ARM.Collect$$rtexit$$00000000)
    __rt_exit_ls                             0x08000225   Thumb Code     0  rtexit2.o(.ARM.Collect$$rtexit$$00000003)
    __rt_exit_prels_1                        0x08000225   Thumb Code     0  rtexit2.o(.ARM.Collect$$rtexit$$00000002)
    __rt_exit_exit                           0x08000229   Thumb Code     0  rtexit2.o(.ARM.Collect$$rtexit$$00000004)
    Reset_Handler                            0x08000231   Thumb Code     8  startup_stm32f407xx.o(.text)
    _maybe_terminate_alloc                   0x08000231   Thumb Code     0  maybetermalloc1.o(.emb_text)
    ADC_IRQHandler                           0x0800024b   Thumb Code     0  startup_stm32f407xx.o(.text)
    CAN1_RX0_IRQHandler                      0x0800024b   Thumb Code     0  startup_stm32f407xx.o(.text)
    CAN1_RX1_IRQHandler                      0x0800024b   Thumb Code     0  startup_stm32f407xx.o(.text)
    CAN1_SCE_IRQHandler                      0x0800024b   Thumb Code     0  startup_stm32f407xx.o(.text)
    CAN1_TX_IRQHandler                       0x0800024b   Thumb Code     0  startup_stm32f407xx.o(.text)
    CAN2_RX0_IRQHandler                      0x0800024b   Thumb Code     0  startup_stm32f407xx.o(.text)
    CAN2_RX1_IRQHandler                      0x0800024b   Thumb Code     0  startup_stm32f407xx.o(.text)
    CAN2_SCE_IRQHandler                      0x0800024b   Thumb Code     0  startup_stm32f407xx.o(.text)
    CAN2_TX_IRQHandler                       0x0800024b   Thumb Code     0  startup_stm32f407xx.o(.text)
    DCMI_IRQHandler                          0x0800024b   Thumb Code     0  startup_stm32f407xx.o(.text)
    DMA1_Stream0_IRQHandler                  0x0800024b   Thumb Code     0  startup_stm32f407xx.o(.text)
    DMA1_Stream1_IRQHandler                  0x0800024b   Thumb Code     0  startup_stm32f407xx.o(.text)
    DMA1_Stream2_IRQHandler                  0x0800024b   Thumb Code     0  startup_stm32f407xx.o(.text)
    DMA1_Stream3_IRQHandler                  0x0800024b   Thumb Code     0  startup_stm32f407xx.o(.text)
    DMA1_Stream4_IRQHandler                  0x0800024b   Thumb Code     0  startup_stm32f407xx.o(.text)
    DMA1_Stream5_IRQHandler                  0x0800024b   Thumb Code     0  startup_stm32f407xx.o(.text)
    DMA1_Stream6_IRQHandler                  0x0800024b   Thumb Code     0  startup_stm32f407xx.o(.text)
    DMA1_Stream7_IRQHandler                  0x0800024b   Thumb Code     0  startup_stm32f407xx.o(.text)
    DMA2_Stream0_IRQHandler                  0x0800024b   Thumb Code     0  startup_stm32f407xx.o(.text)
    DMA2_Stream1_IRQHandler                  0x0800024b   Thumb Code     0  startup_stm32f407xx.o(.text)
    DMA2_Stream2_IRQHandler                  0x0800024b   Thumb Code     0  startup_stm32f407xx.o(.text)
    DMA2_Stream4_IRQHandler                  0x0800024b   Thumb Code     0  startup_stm32f407xx.o(.text)
    DMA2_Stream5_IRQHandler                  0x0800024b   Thumb Code     0  startup_stm32f407xx.o(.text)
    DMA2_Stream6_IRQHandler                  0x0800024b   Thumb Code     0  startup_stm32f407xx.o(.text)
    DMA2_Stream7_IRQHandler                  0x0800024b   Thumb Code     0  startup_stm32f407xx.o(.text)
    ETH_IRQHandler                           0x0800024b   Thumb Code     0  startup_stm32f407xx.o(.text)
    ETH_WKUP_IRQHandler                      0x0800024b   Thumb Code     0  startup_stm32f407xx.o(.text)
    EXTI0_IRQHandler                         0x0800024b   Thumb Code     0  startup_stm32f407xx.o(.text)
    EXTI15_10_IRQHandler                     0x0800024b   Thumb Code     0  startup_stm32f407xx.o(.text)
    EXTI1_IRQHandler                         0x0800024b   Thumb Code     0  startup_stm32f407xx.o(.text)
    EXTI2_IRQHandler                         0x0800024b   Thumb Code     0  startup_stm32f407xx.o(.text)
    EXTI3_IRQHandler                         0x0800024b   Thumb Code     0  startup_stm32f407xx.o(.text)
    EXTI4_IRQHandler                         0x0800024b   Thumb Code     0  startup_stm32f407xx.o(.text)
    EXTI9_5_IRQHandler                       0x0800024b   Thumb Code     0  startup_stm32f407xx.o(.text)
    FLASH_IRQHandler                         0x0800024b   Thumb Code     0  startup_stm32f407xx.o(.text)
    FMC_IRQHandler                           0x0800024b   Thumb Code     0  startup_stm32f407xx.o(.text)
    FPU_IRQHandler                           0x0800024b   Thumb Code     0  startup_stm32f407xx.o(.text)
    HASH_RNG_IRQHandler                      0x0800024b   Thumb Code     0  startup_stm32f407xx.o(.text)
    I2C1_ER_IRQHandler                       0x0800024b   Thumb Code     0  startup_stm32f407xx.o(.text)
    I2C1_EV_IRQHandler                       0x0800024b   Thumb Code     0  startup_stm32f407xx.o(.text)
    I2C2_ER_IRQHandler                       0x0800024b   Thumb Code     0  startup_stm32f407xx.o(.text)
    I2C2_EV_IRQHandler                       0x0800024b   Thumb Code     0  startup_stm32f407xx.o(.text)
    I2C3_ER_IRQHandler                       0x0800024b   Thumb Code     0  startup_stm32f407xx.o(.text)
    I2C3_EV_IRQHandler                       0x0800024b   Thumb Code     0  startup_stm32f407xx.o(.text)
    OTG_FS_IRQHandler                        0x0800024b   Thumb Code     0  startup_stm32f407xx.o(.text)
    OTG_FS_WKUP_IRQHandler                   0x0800024b   Thumb Code     0  startup_stm32f407xx.o(.text)
    OTG_HS_EP1_IN_IRQHandler                 0x0800024b   Thumb Code     0  startup_stm32f407xx.o(.text)
    OTG_HS_EP1_OUT_IRQHandler                0x0800024b   Thumb Code     0  startup_stm32f407xx.o(.text)
    OTG_HS_IRQHandler                        0x0800024b   Thumb Code     0  startup_stm32f407xx.o(.text)
    OTG_HS_WKUP_IRQHandler                   0x0800024b   Thumb Code     0  startup_stm32f407xx.o(.text)
    PVD_IRQHandler                           0x0800024b   Thumb Code     0  startup_stm32f407xx.o(.text)
    RCC_IRQHandler                           0x0800024b   Thumb Code     0  startup_stm32f407xx.o(.text)
    RTC_Alarm_IRQHandler                     0x0800024b   Thumb Code     0  startup_stm32f407xx.o(.text)
    RTC_WKUP_IRQHandler                      0x0800024b   Thumb Code     0  startup_stm32f407xx.o(.text)
    SDIO_IRQHandler                          0x0800024b   Thumb Code     0  startup_stm32f407xx.o(.text)
    SPI1_IRQHandler                          0x0800024b   Thumb Code     0  startup_stm32f407xx.o(.text)
    SPI2_IRQHandler                          0x0800024b   Thumb Code     0  startup_stm32f407xx.o(.text)
    SPI3_IRQHandler                          0x0800024b   Thumb Code     0  startup_stm32f407xx.o(.text)
    TAMP_STAMP_IRQHandler                    0x0800024b   Thumb Code     0  startup_stm32f407xx.o(.text)
    TIM1_BRK_TIM9_IRQHandler                 0x0800024b   Thumb Code     0  startup_stm32f407xx.o(.text)
    TIM1_CC_IRQHandler                       0x0800024b   Thumb Code     0  startup_stm32f407xx.o(.text)
    TIM1_TRG_COM_TIM11_IRQHandler            0x0800024b   Thumb Code     0  startup_stm32f407xx.o(.text)
    TIM1_UP_TIM10_IRQHandler                 0x0800024b   Thumb Code     0  startup_stm32f407xx.o(.text)
    TIM3_IRQHandler                          0x0800024b   Thumb Code     0  startup_stm32f407xx.o(.text)
    TIM4_IRQHandler                          0x0800024b   Thumb Code     0  startup_stm32f407xx.o(.text)
    TIM5_IRQHandler                          0x0800024b   Thumb Code     0  startup_stm32f407xx.o(.text)
    TIM6_DAC_IRQHandler                      0x0800024b   Thumb Code     0  startup_stm32f407xx.o(.text)
    TIM7_IRQHandler                          0x0800024b   Thumb Code     0  startup_stm32f407xx.o(.text)
    TIM8_BRK_TIM12_IRQHandler                0x0800024b   Thumb Code     0  startup_stm32f407xx.o(.text)
    TIM8_CC_IRQHandler                       0x0800024b   Thumb Code     0  startup_stm32f407xx.o(.text)
    TIM8_TRG_COM_TIM14_IRQHandler            0x0800024b   Thumb Code     0  startup_stm32f407xx.o(.text)
    TIM8_UP_TIM13_IRQHandler                 0x0800024b   Thumb Code     0  startup_stm32f407xx.o(.text)
    UART4_IRQHandler                         0x0800024b   Thumb Code     0  startup_stm32f407xx.o(.text)
    UART5_IRQHandler                         0x0800024b   Thumb Code     0  startup_stm32f407xx.o(.text)
    USART1_IRQHandler                        0x0800024b   Thumb Code     0  startup_stm32f407xx.o(.text)
    USART2_IRQHandler                        0x0800024b   Thumb Code     0  startup_stm32f407xx.o(.text)
    USART3_IRQHandler                        0x0800024b   Thumb Code     0  startup_stm32f407xx.o(.text)
    USART6_IRQHandler                        0x0800024b   Thumb Code     0  startup_stm32f407xx.o(.text)
    WWDG_IRQHandler                          0x0800024b   Thumb Code     0  startup_stm32f407xx.o(.text)
    __user_initial_stackheap                 0x0800024d   Thumb Code     0  startup_stm32f407xx.o(.text)
    malloc                                   0x08000271   Thumb Code    94  h1_alloc.o(.text)
    __aeabi_uldivmod                         0x080002cf   Thumb Code     0  lludivv7m.o(.text)
    _ll_udiv                                 0x080002cf   Thumb Code   238  lludivv7m.o(.text)
    __aeabi_memclr4                          0x080003bd   Thumb Code     0  rt_memclr_w.o(.text)
    __aeabi_memclr8                          0x080003bd   Thumb Code     0  rt_memclr_w.o(.text)
    __rt_memclr_w                            0x080003bd   Thumb Code    78  rt_memclr_w.o(.text)
    _memset_w                                0x080003c1   Thumb Code     0  rt_memclr_w.o(.text)
    __use_two_region_memory                  0x0800040b   Thumb Code     2  heapauxi.o(.text)
    __rt_heap_escrow                         0x0800040d   Thumb Code     2  heapauxi.o(.text)
    __rt_heap_expand                         0x0800040f   Thumb Code     2  heapauxi.o(.text)
    __rt_heap_descriptor                     0x08000411   Thumb Code     8  rt_heap_descriptor_intlibspace.o(.text)
    __use_no_heap                            0x08000419   Thumb Code     2  hguard.o(.text)
    __heap$guard                             0x0800041b   Thumb Code     2  hguard.o(.text)
    _terminate_user_alloc                    0x0800041d   Thumb Code     2  init_alloc.o(.text)
    _init_user_alloc                         0x0800041f   Thumb Code     2  init_alloc.o(.text)
    __Heap_Full                              0x08000421   Thumb Code    34  init_alloc.o(.text)
    __Heap_Broken                            0x08000443   Thumb Code     6  init_alloc.o(.text)
    _init_alloc                              0x08000449   Thumb Code    94  init_alloc.o(.text)
    __Heap_Initialize                        0x080004a7   Thumb Code    10  h1_init.o(.text)
    __Heap_DescSize                          0x080004b1   Thumb Code     4  h1_init.o(.text)
    free                                     0x080004b5   Thumb Code    78  h1_free.o(.text)
    __user_libspace                          0x08000505   Thumb Code     8  libspace.o(.text)
    __user_perproc_libspace                  0x08000505   Thumb Code     0  libspace.o(.text)
    __user_perthread_libspace                0x08000505   Thumb Code     0  libspace.o(.text)
    __Heap_ProvideMemory                     0x0800050d   Thumb Code    52  h1_extend.o(.text)
    __rt_SIGRTMEM                            0x08000541   Thumb Code    14  defsig_rtmem_outer.o(.text)
    __I$use$semihosting                      0x0800054f   Thumb Code     0  use_no_semi.o(.text)
    __use_no_semihosting_swi                 0x0800054f   Thumb Code     2  use_no_semi.o(.text)
    __semihosting_library_function           0x08000551   Thumb Code     0  indicate_semi.o(.text)
    __user_setup_stackheap                   0x08000551   Thumb Code    74  sys_stackheap_outer.o(.text)
    exit                                     0x0800059b   Thumb Code    18  exit.o(.text)
    __sig_exit                               0x080005ad   Thumb Code    10  defsig_exit.o(.text)
    __rt_SIGRTMEM_inner                      0x080005b9   Thumb Code    22  defsig_rtmem_inner.o(.text)
    _sys_exit                                0x08000609   Thumb Code     8  sys_exit.o(.text)
    __default_signal_display                 0x08000615   Thumb Code    50  defsig_general.o(.text)
    _ttywrch                                 0x08000647   Thumb Code    14  sys_wrch.o(.text)
    AddToMenuList                            0x08000655   Thumb Code   136  menu.o(i.AddToMenuList)
    AddToMenuTimeList                        0x080006dd   Thumb Code    68  menu.o(i.AddToMenuTimeList)
    BusFault_Handler                         0x08000725   Thumb Code     2  stm32f4xx_it.o(i.BusFault_Handler)
    ClearnBuff                               0x08000729   Thumb Code    20  menu.o(i.ClearnBuff)
    DMA2_Stream3_IRQHandler                  0x08000741   Thumb Code     6  stm32f4xx_it.o(i.DMA2_Stream3_IRQHandler)
    DebugMon_Handler                         0x080007f1   Thumb Code     2  stm32f4xx_it.o(i.DebugMon_Handler)
    DrawMenuRectangle                        0x080007f3   Thumb Code    80  menu.o(i.DrawMenuRectangle)
    Error_Handler                            0x08000843   Thumb Code     4  main.o(i.Error_Handler)
    FindMeunListHeard                        0x08000847   Thumb Code    22  menu.o(i.FindMeunListHeard)
    FindMeunListTail                         0x0800085d   Thumb Code    22  menu.o(i.FindMeunListTail)
    HAL_DMA_IRQHandler                       0x08000875   Thumb Code   412  stm32f4xx_hal_dma.o(i.HAL_DMA_IRQHandler)
    HAL_DMA_Init                             0x08000a15   Thumb Code   206  stm32f4xx_hal_dma.o(i.HAL_DMA_Init)
    HAL_DMA_Start_IT                         0x08000ae9   Thumb Code   110  stm32f4xx_hal_dma.o(i.HAL_DMA_Start_IT)
    HAL_Delay                                0x08000b59   Thumb Code    32  stm32f4xx_hal.o(i.HAL_Delay)
    HAL_GPIO_Init                            0x08000b7d   Thumb Code   450  stm32f4xx_hal_gpio.o(i.HAL_GPIO_Init)
    HAL_GPIO_ReadPin                         0x08000d6d   Thumb Code    10  stm32f4xx_hal_gpio.o(i.HAL_GPIO_ReadPin)
    HAL_GPIO_WritePin                        0x08000d77   Thumb Code    10  stm32f4xx_hal_gpio.o(i.HAL_GPIO_WritePin)
    HAL_GetTick                              0x08000d81   Thumb Code     6  stm32f4xx_hal.o(i.HAL_GetTick)
    HAL_IncTick                              0x08000d8d   Thumb Code    12  stm32f4xx_hal.o(i.HAL_IncTick)
    HAL_Init                                 0x08000d9d   Thumb Code    48  stm32f4xx_hal.o(i.HAL_Init)
    HAL_InitTick                             0x08000dd1   Thumb Code    54  stm32f4xx_hal.o(i.HAL_InitTick)
    HAL_MspInit                              0x08000e11   Thumb Code    42  stm32f4xx_hal_msp.o(i.HAL_MspInit)
    HAL_NVIC_EnableIRQ                       0x08000e41   Thumb Code    26  stm32f4xx_hal_cortex.o(i.HAL_NVIC_EnableIRQ)
    HAL_NVIC_SetPriority                     0x08000e5d   Thumb Code    60  stm32f4xx_hal_cortex.o(i.HAL_NVIC_SetPriority)
    HAL_NVIC_SetPriorityGrouping             0x08000e9d   Thumb Code    26  stm32f4xx_hal_cortex.o(i.HAL_NVIC_SetPriorityGrouping)
    HAL_RCC_ClockConfig                      0x08000ec1   Thumb Code   288  stm32f4xx_hal_rcc.o(i.HAL_RCC_ClockConfig)
    HAL_RCC_GetSysClockFreq                  0x08000ff5   Thumb Code    88  stm32f4xx_hal_rcc.o(i.HAL_RCC_GetSysClockFreq)
    HAL_RCC_OscConfig                        0x08001059   Thumb Code   856  stm32f4xx_hal_rcc.o(i.HAL_RCC_OscConfig)
    HAL_SPI_ErrorCallback                    0x080013c5   Thumb Code     2  stm32f4xx_hal_spi.o(i.HAL_SPI_ErrorCallback)
    HAL_SPI_Init                             0x080013c7   Thumb Code   188  stm32f4xx_hal_spi.o(i.HAL_SPI_Init)
    HAL_SPI_MspInit                          0x08001485   Thumb Code   140  spi.o(i.HAL_SPI_MspInit)
    HAL_SPI_Transmit_DMA                     0x08001525   Thumb Code   202  stm32f4xx_hal_spi.o(i.HAL_SPI_Transmit_DMA)
    HAL_SPI_TxCpltCallback                   0x080015fd   Thumb Code     2  stm32f4xx_hal_spi.o(i.HAL_SPI_TxCpltCallback)
    HAL_SPI_TxHalfCpltCallback               0x080015ff   Thumb Code     2  stm32f4xx_hal_spi.o(i.HAL_SPI_TxHalfCpltCallback)
    HAL_SYSTICK_Config                       0x08001601   Thumb Code    40  stm32f4xx_hal_cortex.o(i.HAL_SYSTICK_Config)
    HAL_TIMEx_BreakCallback                  0x08001629   Thumb Code     2  stm32f4xx_hal_tim_ex.o(i.HAL_TIMEx_BreakCallback)
    HAL_TIMEx_CommutCallback                 0x0800162b   Thumb Code     2  stm32f4xx_hal_tim_ex.o(i.HAL_TIMEx_CommutCallback)
    HAL_TIMEx_MasterConfigSynchronization    0x0800162d   Thumb Code   116  stm32f4xx_hal_tim_ex.o(i.HAL_TIMEx_MasterConfigSynchronization)
    HAL_TIM_Base_Init                        0x080016bd   Thumb Code    90  stm32f4xx_hal_tim.o(i.HAL_TIM_Base_Init)
    HAL_TIM_Base_MspInit                     0x08001719   Thumb Code    50  tim.o(i.HAL_TIM_Base_MspInit)
    HAL_TIM_Base_Start_IT                    0x08001751   Thumb Code   100  stm32f4xx_hal_tim.o(i.HAL_TIM_Base_Start_IT)
    HAL_TIM_ConfigClockSource                0x080017d1   Thumb Code   220  stm32f4xx_hal_tim.o(i.HAL_TIM_ConfigClockSource)
    HAL_TIM_IC_CaptureCallback               0x080018ad   Thumb Code     2  stm32f4xx_hal_tim.o(i.HAL_TIM_IC_CaptureCallback)
    HAL_TIM_IRQHandler                       0x080018af   Thumb Code   358  stm32f4xx_hal_tim.o(i.HAL_TIM_IRQHandler)
    HAL_TIM_OC_DelayElapsedCallback          0x08001a15   Thumb Code     2  stm32f4xx_hal_tim.o(i.HAL_TIM_OC_DelayElapsedCallback)
    HAL_TIM_PWM_PulseFinishedCallback        0x08001a17   Thumb Code     2  stm32f4xx_hal_tim.o(i.HAL_TIM_PWM_PulseFinishedCallback)
    HAL_TIM_PeriodElapsedCallback            0x08001a19   Thumb Code    12  tim.o(i.HAL_TIM_PeriodElapsedCallback)
    HAL_TIM_TriggerCallback                  0x08001a29   Thumb Code     2  stm32f4xx_hal_tim.o(i.HAL_TIM_TriggerCallback)
    HardFault_Handler                        0x08001a2b   Thumb Code     2  stm32f4xx_it.o(i.HardFault_Handler)
    KeyState                                 0x08001a2d   Thumb Code    66  menu.o(i.KeyState)
    LCD_DrawLine                             0x08001a75   Thumb Code   156  oled.o(i.LCD_DrawLine)
    LinkToParentClass                        0x08001b11   Thumb Code    14  menu.o(i.LinkToParentClass)
    MX_DMA_Init                              0x08001b21   Thumb Code    40  dma.o(i.MX_DMA_Init)
    MX_GPIO_Init                             0x08001b4d   Thumb Code   152  gpio.o(i.MX_GPIO_Init)
    MX_SPI1_Init                             0x08001bf5   Thumb Code    60  spi.o(i.MX_SPI1_Init)
    MX_TIM2_Init                             0x08001c39   Thumb Code    98  tim.o(i.MX_TIM2_Init)
    MakeMenuHeard                            0x08001ca1   Thumb Code   428  menuconfig.o(i.MakeMenuHeard)
    MakeMenuListRing                         0x08001e7d   Thumb Code    24  menu.o(i.MakeMenuListRing)
    MemManage_Handler                        0x08001e95   Thumb Code     2  stm32f4xx_it.o(i.MemManage_Handler)
    MenuHZ16x16Str                           0x08001e99   Thumb Code   162  menufontshow.o(i.MenuHZ16x16Str)
    MenuHeadAddressing                       0x08001f45   Thumb Code    30  menu.o(i.MenuHeadAddressing)
    MenuHeartTime                            0x08001f65   Thumb Code   146  menu.o(i.MenuHeartTime)
    MenuHzAndAsc                             0x08001ffd   Thumb Code    94  menufontshow.o(i.MenuHzAndAsc)
    MenuListAddressing                       0x08002065   Thumb Code    30  menu.o(i.MenuListAddressing)
    MenuRun                                  0x08002085   Thumb Code   108  menu.o(i.MenuRun)
    MenuSetPoint                             0x080020f5   Thumb Code    70  menu.o(i.MenuSetPoint)
    MenuShowAsc                              0x0800213d   Thumb Code   146  menufontshow.o(i.MenuShowAsc)
    MenuShowAscStr                           0x080021cf   Thumb Code    52  menufontshow.o(i.MenuShowAscStr)
    MenuShowNum                              0x08002203   Thumb Code   122  menufontshow.o(i.MenuShowNum)
    NMI_Handler                              0x0800227d   Thumb Code     2  stm32f4xx_it.o(i.NMI_Handler)
    NextCancheMenuHeard                      0x0800227f   Thumb Code    58  menu.o(i.NextCancheMenuHeard)
    NextCancheMenuList                       0x080022b9   Thumb Code    58  menu.o(i.NextCancheMenuList)
    OLED_Clear                               0x080022f3   Thumb Code    60  oled.o(i.OLED_Clear)
    OLED_Init                                0x08002331   Thumb Code   294  oled.o(i.OLED_Init)
    OLED_Set_Pos                             0x0800245d   Thumb Code    44  oled.o(i.OLED_Set_Pos)
    OLED_WR_Byte                             0x08002489   Thumb Code    64  oled.o(i.OLED_WR_Byte)
    PendSV_Handler                           0x080024d5   Thumb Code     2  stm32f4xx_it.o(i.PendSV_Handler)
    SVC_Handler                              0x08002679   Thumb Code     2  stm32f4xx_it.o(i.SVC_Handler)
    Scan                                     0x0800267d   Thumb Code    36  menu.o(i.Scan)
    SysTick_Handler                          0x08002767   Thumb Code     4  stm32f4xx_it.o(i.SysTick_Handler)
    SystemClock_Config                       0x0800276d   Thumb Code   136  main.o(i.SystemClock_Config)
    SystemInit                               0x080027fd   Thumb Code    12  system_stm32f4xx.o(i.SystemInit)
    TIM2_IRQHandler                          0x0800280d   Thumb Code     6  stm32f4xx_it.o(i.TIM2_IRQHandler)
    TIM_Base_SetConfig                       0x08002819   Thumb Code   156  stm32f4xx_hal_tim.o(i.TIM_Base_SetConfig)
    TIM_ETR_SetConfig                        0x080028e1   Thumb Code    20  stm32f4xx_hal_tim.o(i.TIM_ETR_SetConfig)
    UsageFault_Handler                       0x0800294b   Thumb Code     2  stm32f4xx_it.o(i.UsageFault_Handler)
    disp_flush                               0x0800296d   Thumb Code    58  oled.o(i.disp_flush)
    main                                     0x080029b1   Thumb Code    46  main.o(i.main)
    test1_1                                  0x080029f5   Thumb Code    10  menuconfig.o(i.test1_1)
    test1_2                                  0x08002a09   Thumb Code    22  menuconfig.o(i.test1_2)
    test1_3                                  0x08002a29   Thumb Code    22  menuconfig.o(i.test1_3)
    test1_4                                  0x08002a49   Thumb Code    22  menuconfig.o(i.test1_4)
    test1_5                                  0x08002a69   Thumb Code    22  menuconfig.o(i.test1_5)
    test2_1                                  0x08002a89   Thumb Code    22  menuconfig.o(i.test2_1)
    test2_2                                  0x08002aa9   Thumb Code   138  menuconfig.o(i.test2_2)
    test2_3                                  0x08002b45   Thumb Code    22  menuconfig.o(i.test2_3)
    test2_4                                  0x08002b65   Thumb Code    22  menuconfig.o(i.test2_4)
    test2_5                                  0x08002b85   Thumb Code    50  menuconfig.o(i.test2_5)
    test3_1                                  0x08002bc1   Thumb Code    54  menuconfig.o(i.test3_1)
    write_point                              0x08002c0d   Thumb Code    46  oled.o(i.write_point)
    _fp_init                                 0x08002c41   Thumb Code    10  fpinit.o(x$fpl$fpinit)
    __fplib_config_fpu_vfp                   0x08002c49   Thumb Code     0  fpinit.o(x$fpl$fpinit)
    __fplib_config_pureend_doubles           0x08002c49   Thumb Code     0  fpinit.o(x$fpl$fpinit)
    AHBPrescTable                            0x08002c52   Data          16  system_stm32f4xx.o(.constdata)
    F8X16_SizeInf                            0x08002c62   Data           2  menuconfig.o(.constdata)
    F8X16                                    0x08002c64   Data        1520  menuconfig.o(.constdata)
    HZK16x16index                            0x08003254   Data           5  menuconfig.o(.constdata)
    HZK16x16                                 0x08003259   Data          64  menuconfig.o(.constdata)
    Region$$Table$$Base                      0x0800329c   Number         0  anon$$obj.o(Region$$Table)
    Region$$Table$$Limit                     0x080032bc   Number         0  anon$$obj.o(Region$$Table)
    uwTickFreq                               0x20000000   Data           1  stm32f4xx_hal.o(.data)
    uwTickPrio                               0x20000004   Data           4  stm32f4xx_hal.o(.data)
    uwTick                                   0x20000008   Data           4  stm32f4xx_hal.o(.data)
    SystemCoreClock                          0x2000000c   Data           4  system_stm32f4xx.o(.data)
    StatusInformation                        0x20000012   Data           1  menu.o(.data)
    TargetMenu                               0x20000018   Data           4  menu.o(.data)
    ScreenPara                               0x2000001c   Data           6  menu.o(.data)
    hspi1                                    0x20000024   Data          88  spi.o(.bss)
    hdma_spi1_tx                             0x2000007c   Data          96  spi.o(.bss)
    htim2                                    0x200000dc   Data          72  tim.o(.bss)
    DisplayBuff                              0x20000124   Data        1024  menu.o(.bss)
    __libspace_start                         0x20000524   Data          96  libspace.o(.bss)
    __temporary_stack_top$libspace           0x20000584   Data           0  libspace.o(.bss)



==============================================================================

Memory Map of the image

  Image Entry point : 0x08000189

  Load Region LR_IROM1 (Base: 0x08000000, Size: 0x000032e0, Max: 0x00100000, ABSOLUTE)

    Execution Region ER_IROM1 (Exec base: 0x08000000, Load base: 0x08000000, Size: 0x000032bc, Max: 0x00100000, ABSOLUTE)

    Exec Addr    Load Addr    Size         Type   Attr      Idx    E Section Name        Object

    0x08000000   0x08000000   0x00000188   Data   RO            3    RESET               startup_stm32f407xx.o
    0x08000188   0x08000188   0x00000008   Code   RO         3418  * !!!main             c_w.l(__main.o)
    0x08000190   0x08000190   0x00000034   Code   RO         3637    !!!scatter          c_w.l(__scatter.o)
    0x080001c4   0x080001c4   0x0000001a   Code   RO         3639    !!handler_copy      c_w.l(__scatter_copy.o)
    0x080001de   0x080001de   0x00000002   PAD
    0x080001e0   0x080001e0   0x0000001c   Code   RO         3641    !!handler_zi        c_w.l(__scatter_zi.o)
    0x080001fc   0x080001fc   0x00000002   Code   RO         3576    .ARM.Collect$$libinit$$00000000  c_w.l(libinit.o)
    0x080001fe   0x080001fe   0x00000004   Code   RO         3462    .ARM.Collect$$libinit$$00000001  c_w.l(libinit2.o)
    0x08000202   0x08000202   0x00000000   Code   RO         3465    .ARM.Collect$$libinit$$00000004  c_w.l(libinit2.o)
    0x08000202   0x08000202   0x00000008   Code   RO         3466    .ARM.Collect$$libinit$$00000005  c_w.l(libinit2.o)
    0x0800020a   0x0800020a   0x00000000   Code   RO         3468    .ARM.Collect$$libinit$$0000000A  c_w.l(libinit2.o)
    0x0800020a   0x0800020a   0x00000000   Code   RO         3470    .ARM.Collect$$libinit$$0000000C  c_w.l(libinit2.o)
    0x0800020a   0x0800020a   0x00000000   Code   RO         3472    .ARM.Collect$$libinit$$0000000E  c_w.l(libinit2.o)
    0x0800020a   0x0800020a   0x00000000   Code   RO         3475    .ARM.Collect$$libinit$$00000011  c_w.l(libinit2.o)
    0x0800020a   0x0800020a   0x00000000   Code   RO         3477    .ARM.Collect$$libinit$$00000013  c_w.l(libinit2.o)
    0x0800020a   0x0800020a   0x00000000   Code   RO         3479    .ARM.Collect$$libinit$$00000015  c_w.l(libinit2.o)
    0x0800020a   0x0800020a   0x00000000   Code   RO         3481    .ARM.Collect$$libinit$$00000017  c_w.l(libinit2.o)
    0x0800020a   0x0800020a   0x00000000   Code   RO         3483    .ARM.Collect$$libinit$$00000019  c_w.l(libinit2.o)
    0x0800020a   0x0800020a   0x00000000   Code   RO         3485    .ARM.Collect$$libinit$$0000001B  c_w.l(libinit2.o)
    0x0800020a   0x0800020a   0x00000000   Code   RO         3487    .ARM.Collect$$libinit$$0000001D  c_w.l(libinit2.o)
    0x0800020a   0x0800020a   0x00000000   Code   RO         3489    .ARM.Collect$$libinit$$0000001F  c_w.l(libinit2.o)
    0x0800020a   0x0800020a   0x00000000   Code   RO         3491    .ARM.Collect$$libinit$$00000021  c_w.l(libinit2.o)
    0x0800020a   0x0800020a   0x00000000   Code   RO         3493    .ARM.Collect$$libinit$$00000023  c_w.l(libinit2.o)
    0x0800020a   0x0800020a   0x00000000   Code   RO         3495    .ARM.Collect$$libinit$$00000025  c_w.l(libinit2.o)
    0x0800020a   0x0800020a   0x00000000   Code   RO         3499    .ARM.Collect$$libinit$$0000002C  c_w.l(libinit2.o)
    0x0800020a   0x0800020a   0x00000000   Code   RO         3501    .ARM.Collect$$libinit$$0000002E  c_w.l(libinit2.o)
    0x0800020a   0x0800020a   0x00000000   Code   RO         3503    .ARM.Collect$$libinit$$00000030  c_w.l(libinit2.o)
    0x0800020a   0x0800020a   0x00000000   Code   RO         3505    .ARM.Collect$$libinit$$00000032  c_w.l(libinit2.o)
    0x0800020a   0x0800020a   0x00000002   Code   RO         3506    .ARM.Collect$$libinit$$00000033  c_w.l(libinit2.o)
    0x0800020c   0x0800020c   0x00000002   Code   RO         3634    .ARM.Collect$$libshutdown$$00000000  c_w.l(libshutdown.o)
    0x0800020e   0x0800020e   0x00000000   Code   RO         3592    .ARM.Collect$$libshutdown$$00000002  c_w.l(libshutdown2.o)
    0x0800020e   0x0800020e   0x00000000   Code   RO         3594    .ARM.Collect$$libshutdown$$00000004  c_w.l(libshutdown2.o)
    0x0800020e   0x0800020e   0x00000000   Code   RO         3597    .ARM.Collect$$libshutdown$$00000007  c_w.l(libshutdown2.o)
    0x0800020e   0x0800020e   0x00000000   Code   RO         3600    .ARM.Collect$$libshutdown$$0000000A  c_w.l(libshutdown2.o)
    0x0800020e   0x0800020e   0x00000000   Code   RO         3602    .ARM.Collect$$libshutdown$$0000000C  c_w.l(libshutdown2.o)
    0x0800020e   0x0800020e   0x00000000   Code   RO         3605    .ARM.Collect$$libshutdown$$0000000F  c_w.l(libshutdown2.o)
    0x0800020e   0x0800020e   0x00000002   Code   RO         3606    .ARM.Collect$$libshutdown$$00000010  c_w.l(libshutdown2.o)
    0x08000210   0x08000210   0x00000000   Code   RO         3422    .ARM.Collect$$rtentry$$00000000  c_w.l(__rtentry.o)
    0x08000210   0x08000210   0x00000000   Code   RO         3513    .ARM.Collect$$rtentry$$00000002  c_w.l(__rtentry2.o)
    0x08000210   0x08000210   0x00000006   Code   RO         3525    .ARM.Collect$$rtentry$$00000004  c_w.l(__rtentry4.o)
    0x08000216   0x08000216   0x00000000   Code   RO         3515    .ARM.Collect$$rtentry$$00000009  c_w.l(__rtentry2.o)
    0x08000216   0x08000216   0x00000004   Code   RO         3516    .ARM.Collect$$rtentry$$0000000A  c_w.l(__rtentry2.o)
    0x0800021a   0x0800021a   0x00000000   Code   RO         3518    .ARM.Collect$$rtentry$$0000000C  c_w.l(__rtentry2.o)
    0x0800021a   0x0800021a   0x00000008   Code   RO         3519    .ARM.Collect$$rtentry$$0000000D  c_w.l(__rtentry2.o)
    0x08000222   0x08000222   0x00000002   Code   RO         3579    .ARM.Collect$$rtexit$$00000000  c_w.l(rtexit.o)
    0x08000224   0x08000224   0x00000000   Code   RO         3610    .ARM.Collect$$rtexit$$00000002  c_w.l(rtexit2.o)
    0x08000224   0x08000224   0x00000004   Code   RO         3611    .ARM.Collect$$rtexit$$00000003  c_w.l(rtexit2.o)
    0x08000228   0x08000228   0x00000006   Code   RO         3612    .ARM.Collect$$rtexit$$00000004  c_w.l(rtexit2.o)
    0x0800022e   0x0800022e   0x00000002   PAD
    0x08000230   0x08000230   0x00000000   Code   RO         3531    .emb_text           c_w.l(maybetermalloc1.o)
    0x08000230   0x08000230   0x00000040   Code   RO            4    .text               startup_stm32f407xx.o
    0x08000270   0x08000270   0x0000005e   Code   RO         3358    .text               c_w.l(h1_alloc.o)
    0x080002ce   0x080002ce   0x000000ee   Code   RO         3412    .text               c_w.l(lludivv7m.o)
    0x080003bc   0x080003bc   0x0000004e   Code   RO         3414    .text               c_w.l(rt_memclr_w.o)
    0x0800040a   0x0800040a   0x00000006   Code   RO         3416    .text               c_w.l(heapauxi.o)
    0x08000410   0x08000410   0x00000008   Code   RO         3430    .text               c_w.l(rt_heap_descriptor_intlibspace.o)
    0x08000418   0x08000418   0x00000004   Code   RO         3432    .text               c_w.l(hguard.o)
    0x0800041c   0x0800041c   0x0000008a   Code   RO         3434    .text               c_w.l(init_alloc.o)
    0x080004a6   0x080004a6   0x0000000e   Code   RO         3440    .text               c_w.l(h1_init.o)
    0x080004b4   0x080004b4   0x0000004e   Code   RO         3442    .text               c_w.l(h1_free.o)
    0x08000502   0x08000502   0x00000002   PAD
    0x08000504   0x08000504   0x00000008   Code   RO         3509    .text               c_w.l(libspace.o)
    0x0800050c   0x0800050c   0x00000034   Code   RO         3533    .text               c_w.l(h1_extend.o)
    0x08000540   0x08000540   0x0000000e   Code   RO         3537    .text               c_w.l(defsig_rtmem_outer.o)
    0x0800054e   0x0800054e   0x00000002   Code   RO         3548    .text               c_w.l(use_no_semi.o)
    0x08000550   0x08000550   0x00000000   Code   RO         3550    .text               c_w.l(indicate_semi.o)
    0x08000550   0x08000550   0x0000004a   Code   RO         3551    .text               c_w.l(sys_stackheap_outer.o)
    0x0800059a   0x0800059a   0x00000012   Code   RO         3557    .text               c_w.l(exit.o)
    0x080005ac   0x080005ac   0x0000000a   Code   RO         3559    .text               c_w.l(defsig_exit.o)
    0x080005b6   0x080005b6   0x00000002   PAD
    0x080005b8   0x080005b8   0x00000050   Code   RO         3565    .text               c_w.l(defsig_rtmem_inner.o)
    0x08000608   0x08000608   0x0000000c   Code   RO         3577    .text               c_w.l(sys_exit.o)
    0x08000614   0x08000614   0x00000032   Code   RO         3587    .text               c_w.l(defsig_general.o)
    0x08000646   0x08000646   0x0000000e   Code   RO         3607    .text               c_w.l(sys_wrch.o)
    0x08000654   0x08000654   0x00000088   Code   RO         2895    i.AddToMenuList     menu.o
    0x080006dc   0x080006dc   0x00000048   Code   RO         2896    i.AddToMenuTimeList  menu.o
    0x08000724   0x08000724   0x00000002   Code   RO          318    i.BusFault_Handler  stm32f4xx_it.o
    0x08000726   0x08000726   0x00000002   PAD
    0x08000728   0x08000728   0x00000018   Code   RO         2897    i.ClearnBuff        menu.o
    0x08000740   0x08000740   0x0000000c   Code   RO          319    i.DMA2_Stream3_IRQHandler  stm32f4xx_it.o
    0x0800074c   0x0800074c   0x00000028   Code   RO         1211    i.DMA_CalcBaseAndBitshift  stm32f4xx_hal_dma.o
    0x08000774   0x08000774   0x00000054   Code   RO         1212    i.DMA_CheckFifoParam  stm32f4xx_hal_dma.o
    0x080007c8   0x080007c8   0x00000028   Code   RO         1213    i.DMA_SetConfig     stm32f4xx_hal_dma.o
    0x080007f0   0x080007f0   0x00000002   Code   RO          320    i.DebugMon_Handler  stm32f4xx_it.o
    0x080007f2   0x080007f2   0x00000050   Code   RO         2898    i.DrawMenuRectangle  menu.o
    0x08000842   0x08000842   0x00000004   Code   RO           13    i.Error_Handler     main.o
    0x08000846   0x08000846   0x00000016   Code   RO         2899    i.FindMeunListHeard  menu.o
    0x0800085c   0x0800085c   0x00000016   Code   RO         2900    i.FindMeunListTail  menu.o
    0x08000872   0x08000872   0x00000002   PAD
    0x08000874   0x08000874   0x000001a0   Code   RO         1219    i.HAL_DMA_IRQHandler  stm32f4xx_hal_dma.o
    0x08000a14   0x08000a14   0x000000d4   Code   RO         1220    i.HAL_DMA_Init      stm32f4xx_hal_dma.o
    0x08000ae8   0x08000ae8   0x0000006e   Code   RO         1224    i.HAL_DMA_Start_IT  stm32f4xx_hal_dma.o
    0x08000b56   0x08000b56   0x00000002   PAD
    0x08000b58   0x08000b58   0x00000024   Code   RO         1633    i.HAL_Delay         stm32f4xx_hal.o
    0x08000b7c   0x08000b7c   0x000001f0   Code   RO         1107    i.HAL_GPIO_Init     stm32f4xx_hal_gpio.o
    0x08000d6c   0x08000d6c   0x0000000a   Code   RO         1109    i.HAL_GPIO_ReadPin  stm32f4xx_hal_gpio.o
    0x08000d76   0x08000d76   0x0000000a   Code   RO         1111    i.HAL_GPIO_WritePin  stm32f4xx_hal_gpio.o
    0x08000d80   0x08000d80   0x0000000c   Code   RO         1639    i.HAL_GetTick       stm32f4xx_hal.o
    0x08000d8c   0x08000d8c   0x00000010   Code   RO         1645    i.HAL_IncTick       stm32f4xx_hal.o
    0x08000d9c   0x08000d9c   0x00000034   Code   RO         1646    i.HAL_Init          stm32f4xx_hal.o
    0x08000dd0   0x08000dd0   0x00000040   Code   RO         1647    i.HAL_InitTick      stm32f4xx_hal.o
    0x08000e10   0x08000e10   0x00000030   Code   RO          406    i.HAL_MspInit       stm32f4xx_hal_msp.o
    0x08000e40   0x08000e40   0x0000001a   Code   RO         1496    i.HAL_NVIC_EnableIRQ  stm32f4xx_hal_cortex.o
    0x08000e5a   0x08000e5a   0x00000002   PAD
    0x08000e5c   0x08000e5c   0x00000040   Code   RO         1502    i.HAL_NVIC_SetPriority  stm32f4xx_hal_cortex.o
    0x08000e9c   0x08000e9c   0x00000024   Code   RO         1503    i.HAL_NVIC_SetPriorityGrouping  stm32f4xx_hal_cortex.o
    0x08000ec0   0x08000ec0   0x00000134   Code   RO          753    i.HAL_RCC_ClockConfig  stm32f4xx_hal_rcc.o
    0x08000ff4   0x08000ff4   0x00000064   Code   RO          762    i.HAL_RCC_GetSysClockFreq  stm32f4xx_hal_rcc.o
    0x08001058   0x08001058   0x0000036c   Code   RO          765    i.HAL_RCC_OscConfig  stm32f4xx_hal_rcc.o
    0x080013c4   0x080013c4   0x00000002   Code   RO          437    i.HAL_SPI_ErrorCallback  stm32f4xx_hal_spi.o
    0x080013c6   0x080013c6   0x000000bc   Code   RO          441    i.HAL_SPI_Init      stm32f4xx_hal_spi.o
    0x08001482   0x08001482   0x00000002   PAD
    0x08001484   0x08001484   0x000000a0   Code   RO          229    i.HAL_SPI_MspInit   spi.o
    0x08001524   0x08001524   0x000000d8   Code   RO          453    i.HAL_SPI_Transmit_DMA  stm32f4xx_hal_spi.o
    0x080015fc   0x080015fc   0x00000002   Code   RO          455    i.HAL_SPI_TxCpltCallback  stm32f4xx_hal_spi.o
    0x080015fe   0x080015fe   0x00000002   Code   RO          456    i.HAL_SPI_TxHalfCpltCallback  stm32f4xx_hal_spi.o
    0x08001600   0x08001600   0x00000028   Code   RO         1507    i.HAL_SYSTICK_Config  stm32f4xx_hal_cortex.o
    0x08001628   0x08001628   0x00000002   Code   RO         2590    i.HAL_TIMEx_BreakCallback  stm32f4xx_hal_tim_ex.o
    0x0800162a   0x0800162a   0x00000002   Code   RO         2591    i.HAL_TIMEx_CommutCallback  stm32f4xx_hal_tim_ex.o
    0x0800162c   0x0800162c   0x00000090   Code   RO         2609    i.HAL_TIMEx_MasterConfigSynchronization  stm32f4xx_hal_tim_ex.o
    0x080016bc   0x080016bc   0x0000005a   Code   RO         1886    i.HAL_TIM_Base_Init  stm32f4xx_hal_tim.o
    0x08001716   0x08001716   0x00000002   PAD
    0x08001718   0x08001718   0x00000038   Code   RO          271    i.HAL_TIM_Base_MspInit  tim.o
    0x08001750   0x08001750   0x00000080   Code   RO         1891    i.HAL_TIM_Base_Start_IT  stm32f4xx_hal_tim.o
    0x080017d0   0x080017d0   0x000000dc   Code   RO         1895    i.HAL_TIM_ConfigClockSource  stm32f4xx_hal_tim.o
    0x080018ac   0x080018ac   0x00000002   Code   RO         1920    i.HAL_TIM_IC_CaptureCallback  stm32f4xx_hal_tim.o
    0x080018ae   0x080018ae   0x00000166   Code   RO         1934    i.HAL_TIM_IRQHandler  stm32f4xx_hal_tim.o
    0x08001a14   0x08001a14   0x00000002   Code   RO         1937    i.HAL_TIM_OC_DelayElapsedCallback  stm32f4xx_hal_tim.o
    0x08001a16   0x08001a16   0x00000002   Code   RO         1964    i.HAL_TIM_PWM_PulseFinishedCallback  stm32f4xx_hal_tim.o
    0x08001a18   0x08001a18   0x00000010   Code   RO          272    i.HAL_TIM_PeriodElapsedCallback  tim.o
    0x08001a28   0x08001a28   0x00000002   Code   RO         1977    i.HAL_TIM_TriggerCallback  stm32f4xx_hal_tim.o
    0x08001a2a   0x08001a2a   0x00000002   Code   RO          321    i.HardFault_Handler  stm32f4xx_it.o
    0x08001a2c   0x08001a2c   0x00000048   Code   RO         2901    i.KeyState          menu.o
    0x08001a74   0x08001a74   0x0000009c   Code   RO         3039    i.LCD_DrawLine      oled.o
    0x08001b10   0x08001b10   0x0000000e   Code   RO         2902    i.LinkToParentClass  menu.o
    0x08001b1e   0x08001b1e   0x00000002   PAD
    0x08001b20   0x08001b20   0x0000002c   Code   RO          204    i.MX_DMA_Init       dma.o
    0x08001b4c   0x08001b4c   0x000000a8   Code   RO          180    i.MX_GPIO_Init      gpio.o
    0x08001bf4   0x08001bf4   0x00000044   Code   RO          230    i.MX_SPI1_Init      spi.o
    0x08001c38   0x08001c38   0x00000068   Code   RO          273    i.MX_TIM2_Init      tim.o
    0x08001ca0   0x08001ca0   0x000001dc   Code   RO         3105    i.MakeMenuHeard     menuconfig.o
    0x08001e7c   0x08001e7c   0x00000018   Code   RO         2903    i.MakeMenuListRing  menu.o
    0x08001e94   0x08001e94   0x00000002   Code   RO          322    i.MemManage_Handler  stm32f4xx_it.o
    0x08001e96   0x08001e96   0x00000002   PAD
    0x08001e98   0x08001e98   0x000000ac   Code   RO         3205    i.MenuHZ16x16Str    menufontshow.o
    0x08001f44   0x08001f44   0x0000001e   Code   RO         2904    i.MenuHeadAddressing  menu.o
    0x08001f62   0x08001f62   0x00000002   PAD
    0x08001f64   0x08001f64   0x00000098   Code   RO         2905    i.MenuHeartTime     menu.o
    0x08001ffc   0x08001ffc   0x00000068   Code   RO         3206    i.MenuHzAndAsc      menufontshow.o
    0x08002064   0x08002064   0x0000001e   Code   RO         2906    i.MenuListAddressing  menu.o
    0x08002082   0x08002082   0x00000002   PAD
    0x08002084   0x08002084   0x00000070   Code   RO         2907    i.MenuRun           menu.o
    0x080020f4   0x080020f4   0x00000046   Code   RO         2908    i.MenuSetPoint      menu.o
    0x0800213a   0x0800213a   0x00000002   PAD
    0x0800213c   0x0800213c   0x00000092   Code   RO         3207    i.MenuShowAsc       menufontshow.o
    0x080021ce   0x080021ce   0x00000034   Code   RO         3208    i.MenuShowAscStr    menufontshow.o
    0x08002202   0x08002202   0x0000007a   Code   RO         3209    i.MenuShowNum       menufontshow.o
    0x0800227c   0x0800227c   0x00000002   Code   RO          323    i.NMI_Handler       stm32f4xx_it.o
    0x0800227e   0x0800227e   0x0000003a   Code   RO         2909    i.NextCancheMenuHeard  menu.o
    0x080022b8   0x080022b8   0x0000003a   Code   RO         2910    i.NextCancheMenuList  menu.o
    0x080022f2   0x080022f2   0x0000003c   Code   RO         3040    i.OLED_Clear        oled.o
    0x0800232e   0x0800232e   0x00000002   PAD
    0x08002330   0x08002330   0x0000012c   Code   RO         3041    i.OLED_Init         oled.o
    0x0800245c   0x0800245c   0x0000002c   Code   RO         3042    i.OLED_Set_Pos      oled.o
    0x08002488   0x08002488   0x0000004c   Code   RO         3043    i.OLED_WR_Byte      oled.o
    0x080024d4   0x080024d4   0x00000002   Code   RO          324    i.PendSV_Handler    stm32f4xx_it.o
    0x080024d6   0x080024d6   0x00000022   Code   RO          469    i.SPI_DMAError      stm32f4xx_hal_spi.o
    0x080024f8   0x080024f8   0x0000000a   Code   RO          471    i.SPI_DMAHalfTransmitCplt  stm32f4xx_hal_spi.o
    0x08002502   0x08002502   0x00000064   Code   RO          475    i.SPI_DMATransmitCplt  stm32f4xx_hal_spi.o
    0x08002566   0x08002566   0x00000002   PAD
    0x08002568   0x08002568   0x00000058   Code   RO          479    i.SPI_EndRxTxTransaction  stm32f4xx_hal_spi.o
    0x080025c0   0x080025c0   0x000000b8   Code   RO          484    i.SPI_WaitFlagStateUntilTimeout  stm32f4xx_hal_spi.o
    0x08002678   0x08002678   0x00000002   Code   RO          325    i.SVC_Handler       stm32f4xx_it.o
    0x0800267a   0x0800267a   0x00000002   PAD
    0x0800267c   0x0800267c   0x00000028   Code   RO         2911    i.Scan              menu.o
    0x080026a4   0x080026a4   0x0000003c   Code   RO         2912    i.StateToPointer    menu.o
    0x080026e0   0x080026e0   0x00000086   Code   RO         3210    i.StrIfHaveStr      menufontshow.o
    0x08002766   0x08002766   0x00000004   Code   RO          326    i.SysTick_Handler   stm32f4xx_it.o
    0x0800276a   0x0800276a   0x00000002   PAD
    0x0800276c   0x0800276c   0x00000090   Code   RO           14    i.SystemClock_Config  main.o
    0x080027fc   0x080027fc   0x00000010   Code   RO         2858    i.SystemInit        system_stm32f4xx.o
    0x0800280c   0x0800280c   0x0000000c   Code   RO          327    i.TIM2_IRQHandler   stm32f4xx_it.o
    0x08002818   0x08002818   0x000000c8   Code   RO         1979    i.TIM_Base_SetConfig  stm32f4xx_hal_tim.o
    0x080028e0   0x080028e0   0x00000014   Code   RO         1990    i.TIM_ETR_SetConfig  stm32f4xx_hal_tim.o
    0x080028f4   0x080028f4   0x00000010   Code   RO         1991    i.TIM_ITRx_SetConfig  stm32f4xx_hal_tim.o
    0x08002904   0x08002904   0x00000022   Code   RO         1997    i.TIM_TI1_ConfigInputStage  stm32f4xx_hal_tim.o
    0x08002926   0x08002926   0x00000024   Code   RO         1999    i.TIM_TI2_ConfigInputStage  stm32f4xx_hal_tim.o
    0x0800294a   0x0800294a   0x00000002   Code   RO          328    i.UsageFault_Handler  stm32f4xx_it.o
    0x0800294c   0x0800294c   0x00000020   Code   RO         1509    i.__NVIC_SetPriority  stm32f4xx_hal_cortex.o
    0x0800296c   0x0800296c   0x00000044   Code   RO         3045    i.disp_flush        oled.o
    0x080029b0   0x080029b0   0x00000034   Code   RO           15    i.main              main.o
    0x080029e4   0x080029e4   0x00000010   Code   RO         3211    i.mystrlen          menufontshow.o
    0x080029f4   0x080029f4   0x00000014   Code   RO         3106    i.test1_1           menuconfig.o
    0x08002a08   0x08002a08   0x00000020   Code   RO         3107    i.test1_2           menuconfig.o
    0x08002a28   0x08002a28   0x00000020   Code   RO         3108    i.test1_3           menuconfig.o
    0x08002a48   0x08002a48   0x00000020   Code   RO         3109    i.test1_4           menuconfig.o
    0x08002a68   0x08002a68   0x00000020   Code   RO         3110    i.test1_5           menuconfig.o
    0x08002a88   0x08002a88   0x00000020   Code   RO         3111    i.test2_1           menuconfig.o
    0x08002aa8   0x08002aa8   0x0000009c   Code   RO         3112    i.test2_2           menuconfig.o
    0x08002b44   0x08002b44   0x00000020   Code   RO         3113    i.test2_3           menuconfig.o
    0x08002b64   0x08002b64   0x00000020   Code   RO         3114    i.test2_4           menuconfig.o
    0x08002b84   0x08002b84   0x0000003c   Code   RO         3115    i.test2_5           menuconfig.o
    0x08002bc0   0x08002bc0   0x0000004c   Code   RO         3116    i.test3_1           menuconfig.o
    0x08002c0c   0x08002c0c   0x00000034   Code   RO         3046    i.write_point       oled.o
    0x08002c40   0x08002c40   0x0000000a   Code   RO         3546    x$fpl$fpinit        fz_wm.l(fpinit.o)
    0x08002c4a   0x08002c4a   0x00000008   Data   RO         1226    .constdata          stm32f4xx_hal_dma.o
    0x08002c52   0x08002c52   0x00000010   Data   RO         2859    .constdata          system_stm32f4xx.o
    0x08002c62   0x08002c62   0x000005f2   Data   RO         3117    .constdata          menuconfig.o
    0x08003254   0x08003254   0x00000005   Data   RO         3118    .constdata          menuconfig.o
    0x08003259   0x08003259   0x00000040   Data   RO         3119    .constdata          menuconfig.o
    0x08003299   0x08003299   0x00000003   PAD
    0x0800329c   0x0800329c   0x00000020   Data   RO         3635    Region$$Table       anon$$obj.o


    Execution Region RW_IRAM1 (Exec base: 0x20000000, Load base: 0x080032bc, Size: 0x00000b88, Max: 0x0001c000, ABSOLUTE)

    Exec Addr    Load Addr    Size         Type   Attr      Idx    E Section Name        Object

    0x20000000   0x080032bc   0x0000000c   Data   RW         1653    .data               stm32f4xx_hal.o
    0x2000000c   0x080032c8   0x00000004   Data   RW         2861    .data               system_stm32f4xx.o
    0x20000010   0x080032cc   0x00000012   Data   RW         2916    .data               menu.o
    0x20000022   0x080032de   0x00000002   Data   RW         3120    .data               menuconfig.o
    0x20000024        -       0x000000b8   Zero   RW          231    .bss                spi.o
    0x200000dc        -       0x00000048   Zero   RW          274    .bss                tim.o
    0x20000124        -       0x00000400   Zero   RW         2913    .bss                menu.o
    0x20000524        -       0x00000060   Zero   RW         3510    .bss                c_w.l(libspace.o)
    0x20000584   0x080032e0   0x00000004   PAD
    0x20000588        -       0x00000200   Zero   RW            2    HEAP                startup_stm32f407xx.o
    0x20000788        -       0x00000400   Zero   RW            1    STACK               startup_stm32f407xx.o


    Execution Region RW_IRAM2 (Exec base: 0x2001c000, Load base: 0x080032e0, Size: 0x00000000, Max: 0x00004000, ABSOLUTE)

    **** No section assigned to this execution region ****


==============================================================================

Image component sizes


      Code (inc. data)   RO Data    RW Data    ZI Data      Debug   Object Name

        44          4          0          0          0        818   dma.o
       168         16          0          0          0        987   gpio.o
       200         14          0          0          0     690320   main.o
      1076         34          0         18       1024      14634   menu.o
      1012        178       1591          2          0       9153   menuconfig.o
       746         20          0          0          0       7790   menufontshow.o
       756         34          0          0          0       5570   oled.o
       228         28          0          0        184       1846   spi.o
        64         26        392          0       1536        864   startup_stm32f407xx.o
       180         28          0         12          0       9581   stm32f4xx_hal.o
       198         14          0          0          0      34075   stm32f4xx_hal_cortex.o
       902         16          8          0          0       5955   stm32f4xx_hal_dma.o
       516         46          0          0          0       2931   stm32f4xx_hal_gpio.o
        48          6          0          0          0        898   stm32f4xx_hal_msp.o
      1284         52          0          0          0       4130   stm32f4xx_hal_rcc.o
       826         26          0          0          0       7792   stm32f4xx_hal_spi.o
      1110         72          0          0          0      10453   stm32f4xx_hal_tim.o
       148         28          0          0          0       2537   stm32f4xx_hal_tim_ex.o
        44         12          0          0          0       5346   stm32f4xx_it.o
        16          4         16          4          0       1187   system_stm32f4xx.o
       176         16          0          0         72       2362   tim.o

    ----------------------------------------------------------------------
      9772        674       2042         36       2816     819229   Object Totals
         0          0         32          0          0          0   (incl. Generated)
        30          0          3          0          0          0   (incl. Padding)

    ----------------------------------------------------------------------

      Code (inc. data)   RO Data    RW Data    ZI Data      Debug   Library Member Name

         8          0          0          0          0         68   __main.o
         0          0          0          0          0          0   __rtentry.o
        12          0          0          0          0          0   __rtentry2.o
         6          0          0          0          0          0   __rtentry4.o
        52          8          0          0          0          0   __scatter.o
        26          0          0          0          0          0   __scatter_copy.o
        28          0          0          0          0          0   __scatter_zi.o
        10          0          0          0          0         68   defsig_exit.o
        50          0          0          0          0         88   defsig_general.o
        80         58          0          0          0         76   defsig_rtmem_inner.o
        14          0          0          0          0         80   defsig_rtmem_outer.o
        18          0          0          0          0         80   exit.o
        94          0          0          0          0         80   h1_alloc.o
        52          0          0          0          0         68   h1_extend.o
        78          0          0          0          0         80   h1_free.o
        14          0          0          0          0         84   h1_init.o
         6          0          0          0          0        152   heapauxi.o
         4          0          0          0          0        136   hguard.o
         0          0          0          0          0          0   indicate_semi.o
       138          0          0          0          0        168   init_alloc.o
         2          0          0          0          0          0   libinit.o
        14          0          0          0          0          0   libinit2.o
         2          0          0          0          0          0   libshutdown.o
         2          0          0          0          0          0   libshutdown2.o
         8          4          0          0         96         68   libspace.o
       238          0          0          0          0        100   lludivv7m.o
         0          0          0          0          0          0   maybetermalloc1.o
         8          4          0          0          0         68   rt_heap_descriptor_intlibspace.o
        78          0          0          0          0         80   rt_memclr_w.o
         2          0          0          0          0          0   rtexit.o
        10          0          0          0          0          0   rtexit2.o
        12          4          0          0          0         68   sys_exit.o
        74          0          0          0          0         80   sys_stackheap_outer.o
        14          0          0          0          0         76   sys_wrch.o
         2          0          0          0          0         68   use_no_semi.o
        10          0          0          0          0        116   fpinit.o

    ----------------------------------------------------------------------
      1174         78          0          0        100       1952   Library Totals
         8          0          0          0          4          0   (incl. Padding)

    ----------------------------------------------------------------------

      Code (inc. data)   RO Data    RW Data    ZI Data      Debug   Library Name

      1156         78          0          0         96       1836   c_w.l
        10          0          0          0          0        116   fz_wm.l

    ----------------------------------------------------------------------
      1174         78          0          0        100       1952   Library Totals

    ----------------------------------------------------------------------

==============================================================================


      Code (inc. data)   RO Data    RW Data    ZI Data      Debug   

     10946        752       2042         36       2916     809445   Grand Totals
     10946        752       2042         36       2916     809445   ELF Image Totals
     10946        752       2042         36          0          0   ROM Totals

==============================================================================

    Total RO  Size (Code + RO Data)                12988 (  12.68kB)
    Total RW  Size (RW Data + ZI Data)              2952 (   2.88kB)
    Total ROM Size (Code + RO Data + RW Data)      13024 (  12.72kB)

==============================================================================

